Archive member included to satisfy reference by file (symbol)

C:/ST/STM32CubeIDE_1.14.1/STM32CubeIDE/plugins/com.st.stm32cube.ide.mcu.externaltools.gnu-tools-for-stm32.11.3.rel1.win32_1.1.100.202309141235/tools/bin/../lib/gcc/arm-none-eabi/11.3.1/../../../../arm-none-eabi/lib/thumb/v6-m/nofp\libc.a(libc_a-atof.o)
                              BOS\BOS_CLI.o (atof)
C:/ST/STM32CubeIDE_1.14.1/STM32CubeIDE/plugins/com.st.stm32cube.ide.mcu.externaltools.gnu-tools-for-stm32.11.3.rel1.win32_1.1.100.202309141235/tools/bin/../lib/gcc/arm-none-eabi/11.3.1/../../../../arm-none-eabi/lib/thumb/v6-m/nofp\libc.a(libc_a-atoi.o)
                              BOS\BOS_CLI.o (atoi)
C:/ST/STM32CubeIDE_1.14.1/STM32CubeIDE/plugins/com.st.stm32cube.ide.mcu.externaltools.gnu-tools-for-stm32.11.3.rel1.win32_1.1.100.202309141235/tools/bin/../lib/gcc/arm-none-eabi/11.3.1/../../../../arm-none-eabi/lib/thumb/v6-m/nofp\libc.a(libc_a-atol.o)
                              BOS\BOS.o (atol)
C:/ST/STM32CubeIDE_1.14.1/STM32CubeIDE/plugins/com.st.stm32cube.ide.mcu.externaltools.gnu-tools-for-stm32.11.3.rel1.win32_1.1.100.202309141235/tools/bin/../lib/gcc/arm-none-eabi/11.3.1/../../../../arm-none-eabi/lib/thumb/v6-m/nofp\libc.a(libc_a-exit.o)
                              C:/ST/STM32CubeIDE_1.14.1/STM32CubeIDE/plugins/com.st.stm32cube.ide.mcu.externaltools.gnu-tools-for-stm32.11.3.rel1.win32_1.1.100.202309141235/tools/bin/../lib/gcc/arm-none-eabi/11.3.1/../../../../arm-none-eabi/lib/thumb/v6-m/nofp/crt0.o (exit)
C:/ST/STM32CubeIDE_1.14.1/STM32CubeIDE/plugins/com.st.stm32cube.ide.mcu.externaltools.gnu-tools-for-stm32.11.3.rel1.win32_1.1.100.202309141235/tools/bin/../lib/gcc/arm-none-eabi/11.3.1/../../../../arm-none-eabi/lib/thumb/v6-m/nofp\libc.a(libc_a-malloc.o)
                              BOS\BOS.o (malloc)
C:/ST/STM32CubeIDE_1.14.1/STM32CubeIDE/plugins/com.st.stm32cube.ide.mcu.externaltools.gnu-tools-for-stm32.11.3.rel1.win32_1.1.100.202309141235/tools/bin/../lib/gcc/arm-none-eabi/11.3.1/../../../../arm-none-eabi/lib/thumb/v6-m/nofp\libc.a(libc_a-mallocr.o)
                              C:/ST/STM32CubeIDE_1.14.1/STM32CubeIDE/plugins/com.st.stm32cube.ide.mcu.externaltools.gnu-tools-for-stm32.11.3.rel1.win32_1.1.100.202309141235/tools/bin/../lib/gcc/arm-none-eabi/11.3.1/../../../../arm-none-eabi/lib/thumb/v6-m/nofp\libc.a(libc_a-malloc.o) (_malloc_r)
C:/ST/STM32CubeIDE_1.14.1/STM32CubeIDE/plugins/com.st.stm32cube.ide.mcu.externaltools.gnu-tools-for-stm32.11.3.rel1.win32_1.1.100.202309141235/tools/bin/../lib/gcc/arm-none-eabi/11.3.1/../../../../arm-none-eabi/lib/thumb/v6-m/nofp\libc.a(libc_a-mlock.o)
                              C:/ST/STM32CubeIDE_1.14.1/STM32CubeIDE/plugins/com.st.stm32cube.ide.mcu.externaltools.gnu-tools-for-stm32.11.3.rel1.win32_1.1.100.202309141235/tools/bin/../lib/gcc/arm-none-eabi/11.3.1/../../../../arm-none-eabi/lib/thumb/v6-m/nofp\libc.a(libc_a-mallocr.o) (__malloc_lock)
C:/ST/STM32CubeIDE_1.14.1/STM32CubeIDE/plugins/com.st.stm32cube.ide.mcu.externaltools.gnu-tools-for-stm32.11.3.rel1.win32_1.1.100.202309141235/tools/bin/../lib/gcc/arm-none-eabi/11.3.1/../../../../arm-none-eabi/lib/thumb/v6-m/nofp\libc.a(libc_a-rand.o)
                              BOS\BOS_CLIcommands.o (rand)
C:/ST/STM32CubeIDE_1.14.1/STM32CubeIDE/plugins/com.st.stm32cube.ide.mcu.externaltools.gnu-tools-for-stm32.11.3.rel1.win32_1.1.100.202309141235/tools/bin/../lib/gcc/arm-none-eabi/11.3.1/../../../../arm-none-eabi/lib/thumb/v6-m/nofp\libc.a(libc_a-realloc.o)
                              BOS\BOS_CLI.o (realloc)
C:/ST/STM32CubeIDE_1.14.1/STM32CubeIDE/plugins/com.st.stm32cube.ide.mcu.externaltools.gnu-tools-for-stm32.11.3.rel1.win32_1.1.100.202309141235/tools/bin/../lib/gcc/arm-none-eabi/11.3.1/../../../../arm-none-eabi/lib/thumb/v6-m/nofp\libc.a(libc_a-reallocr.o)
                              C:/ST/STM32CubeIDE_1.14.1/STM32CubeIDE/plugins/com.st.stm32cube.ide.mcu.externaltools.gnu-tools-for-stm32.11.3.rel1.win32_1.1.100.202309141235/tools/bin/../lib/gcc/arm-none-eabi/11.3.1/../../../../arm-none-eabi/lib/thumb/v6-m/nofp\libc.a(libc_a-realloc.o) (_realloc_r)
C:/ST/STM32CubeIDE_1.14.1/STM32CubeIDE/plugins/com.st.stm32cube.ide.mcu.externaltools.gnu-tools-for-stm32.11.3.rel1.win32_1.1.100.202309141235/tools/bin/../lib/gcc/arm-none-eabi/11.3.1/../../../../arm-none-eabi/lib/thumb/v6-m/nofp\libc.a(libc_a-strtod.o)
                              C:/ST/STM32CubeIDE_1.14.1/STM32CubeIDE/plugins/com.st.stm32cube.ide.mcu.externaltools.gnu-tools-for-stm32.11.3.rel1.win32_1.1.100.202309141235/tools/bin/../lib/gcc/arm-none-eabi/11.3.1/../../../../arm-none-eabi/lib/thumb/v6-m/nofp\libc.a(libc_a-atof.o) (strtod)
C:/ST/STM32CubeIDE_1.14.1/STM32CubeIDE/plugins/com.st.stm32cube.ide.mcu.externaltools.gnu-tools-for-stm32.11.3.rel1.win32_1.1.100.202309141235/tools/bin/../lib/gcc/arm-none-eabi/11.3.1/../../../../arm-none-eabi/lib/thumb/v6-m/nofp\libc.a(libc_a-strtol.o)
[...]
Memory Configuration

Name             Origin             Length             Attributes
RAM              0x0000000020000000 0x0000000000024000 xrw
FLASH            0x0000000008000000 0x0000000000080000 xr
*default*        0x0000000000000000 0xffffffffffffffff

Linker script and memory map

LOAD C:/ST/STM32CubeIDE_1.14.1/STM32CubeIDE/plugins/com.st.stm32cube.ide.mcu.externaltools.gnu-tools-for-stm32.11.3.rel1.win32_1.1.100.202309141235/tools/bin/../lib/gcc/arm-none-eabi/11.3.1/thumb/v6-m/nofp/crti.o
LOAD C:/ST/STM32CubeIDE_1.14.1/STM32CubeIDE/plugins/com.st.stm32cube.ide.mcu.externaltools.gnu-tools-for-stm32.11.3.rel1.win32_1.1.100.202309141235/tools/bin/../lib/gcc/arm-none-eabi/11.3.1/thumb/v6-m/nofp/crtbegin.o
LOAD C:/ST/STM32CubeIDE_1.14.1/STM32CubeIDE/plugins/com.st.stm32cube.ide.mcu.externaltools.gnu-tools-for-stm32.11.3.rel1.win32_1.1.100.202309141235/tools/bin/../lib/gcc/arm-none-eabi/11.3.1/../../../../arm-none-eabi/lib/thumb/v6-m/nofp/crt0.o
LOAD BOS\BOS.o
LOAD BOS\BOS_CLI.o
LOAD BOS\BOS_CLIcommands.o
LOAD BOS\BOS_dma.o
LOAD BOS\BOS_freertos.o
LOAD BOS\BOS_messaging.o
LOAD BOS\BOS_msgparser.o
LOAD H1BR6\H1BR6.o
LOAD H1BR6\H1BR6_dma.o
LOAD H1BR6\H1BR6_eeprom.o
LOAD H1BR6\H1BR6_gpio.o
LOAD H1BR6\H1BR6_inputs.o
LOAD H1BR6\H1BR6_it.o
LOAD H1BR6\H1BR6_rtc.o
LOAD H1BR6\H1BR6_spi.o
LOAD H1BR6\H1BR6_timers.o
LOAD H1BR6\H1BR6_uart.o
LOAD H1BR6\startup_stm32g0b1ceuxn.o
LOAD Thirdparty\CMSIS\STM32G0xx\Device\ST\STM32G0xx\Source\Templates\system_stm32g0xx.o
LOAD Thirdparty\FatFs\driver\app_fatfs.o
LOAD Thirdparty\FatFs\driver\fatfs_sd.o
LOAD Thirdparty\FatFs\driver\user_diskio.o
LOAD Thirdparty\FatFs\option\ccsbcs.o
LOAD Thirdparty\FatFs\option\syscall.o
LOAD Thirdparty\FatFs\source\diskio.o
LOAD Thirdparty\FatFs\source\ff.o
LOAD Thirdparty\FatFs\source\ff_gen_drv.o
LOAD Thirdparty\Middleware\STM32G0xx\FreeRTOS\Source\CMSIS_RTOS\cmsis_os.o
LOAD Thirdparty\Middleware\STM32G0xx\FreeRTOS\Source\FreeRTOS_CLI.o
LOAD Thirdparty\Middleware\STM32G0xx\FreeRTOS\Source\croutine.o
LOAD Thirdparty\Middleware\STM32G0xx\FreeRTOS\Source\event_groups.o
LOAD Thirdparty\Middleware\STM32G0xx\FreeRTOS\Source\list.o
LOAD Thirdparty\Middleware\STM32G0xx\FreeRTOS\Source\portable\GCC\ARM_CM0\port.o
LOAD Thirdparty\Middleware\STM32G0xx\FreeRTOS\Source\portable\MemMang\heap_4.o
LOAD Thirdparty\Middleware\STM32G0xx\FreeRTOS\Source\queue.o
LOAD Thirdparty\Middleware\STM32G0xx\FreeRTOS\Source\stream_buffer.o
LOAD Thirdparty\Middleware\STM32G0xx\FreeRTOS\Source\tasks.o
LOAD Thirdparty\Middleware\STM32G0xx\FreeRTOS\Source\timers.o
LOAD Thirdparty\STM32G0xx_HAL_Driver\Src\stm32g0xx_hal.o
LOAD Thirdparty\STM32G0xx_HAL_Driver\Src\stm32g0xx_hal_adc.o
LOAD Thirdparty\STM32G0xx_HAL_Driver\Src\stm32g0xx_hal_adc_ex.o
LOAD Thirdparty\STM32G0xx_HAL_Driver\Src\stm32g0xx_hal_cec.o
LOAD Thirdparty\STM32G0xx_HAL_Driver\Src\stm32g0xx_hal_comp.o
LOAD Thirdparty\STM32G0xx_HAL_Driver\Src\stm32g0xx_hal_cortex.o
LOAD Thirdparty\STM32G0xx_HAL_Driver\Src\stm32g0xx_hal_crc.o
LOAD Thirdparty\STM32G0xx_HAL_Driver\Src\stm32g0xx_hal_crc_ex.o
LOAD Thirdparty\STM32G0xx_HAL_Driver\Src\stm32g0xx_hal_cryp.o
LOAD Thirdparty\STM32G0xx_HAL_Driver\Src\stm32g0xx_hal_cryp_ex.o
LOAD Thirdparty\STM32G0xx_HAL_Driver\Src\stm32g0xx_hal_dac.o
LOAD Thirdparty\STM32G0xx_HAL_Driver\Src\stm32g0xx_hal_dac_ex.o
LOAD Thirdparty\STM32G0xx_HAL_Driver\Src\stm32g0xx_hal_dma.o
LOAD Thirdparty\STM32G0xx_HAL_Driver\Src\stm32g0xx_hal_dma_ex.o
LOAD Thirdparty\STM32G0xx_HAL_Driver\Src\stm32g0xx_hal_exti.o
LOAD Thirdparty\STM32G0xx_HAL_Driver\Src\stm32g0xx_hal_fdcan.o
LOAD Thirdparty\STM32G0xx_HAL_Driver\Src\stm32g0xx_hal_flash.o
LOAD Thirdparty\STM32G0xx_HAL_Driver\Src\stm32g0xx_hal_flash_ex.o
LOAD Thirdparty\STM32G0xx_HAL_Driver\Src\stm32g0xx_hal_gpio.o
LOAD Thirdparty\STM32G0xx_HAL_Driver\Src\stm32g0xx_hal_hcd.o
LOAD Thirdparty\STM32G0xx_HAL_Driver\Src\stm32g0xx_hal_i2c.o
LOAD Thirdparty\STM32G0xx_HAL_Driver\Src\stm32g0xx_hal_i2c_ex.o
LOAD Thirdparty\STM32G0xx_HAL_Driver\Src\stm32g0xx_hal_i2s.o
LOAD Thirdparty\STM32G0xx_HAL_Driver\Src\stm32g0xx_hal_irda.o
LOAD Thirdparty\STM32G0xx_HAL_Driver\Src\stm32g0xx_hal_iwdg.o
LOAD Thirdparty\STM32G0xx_HAL_Driver\Src\stm32g0xx_hal_lptim.o
LOAD Thirdparty\STM32G0xx_HAL_Driver\Src\stm32g0xx_hal_msp_template.o
LOAD Thirdparty\STM32G0xx_HAL_Driver\Src\stm32g0xx_hal_pcd.o
LOAD Thirdparty\STM32G0xx_HAL_Driver\Src\stm32g0xx_hal_pcd_ex.o
LOAD Thirdparty\STM32G0xx_HAL_Driver\Src\stm32g0xx_hal_pwr.o
LOAD Thirdparty\STM32G0xx_HAL_Driver\Src\stm32g0xx_hal_pwr_ex.o
LOAD Thirdparty\STM32G0xx_HAL_Driver\Src\stm32g0xx_hal_rcc.o
LOAD Thirdparty\STM32G0xx_HAL_Driver\Src\stm32g0xx_hal_rcc_ex.o
LOAD Thirdparty\STM32G0xx_HAL_Driver\Src\stm32g0xx_hal_rng.o
LOAD Thirdparty\STM32G0xx_HAL_Driver\Src\stm32g0xx_hal_rtc.o
LOAD Thirdparty\STM32G0xx_HAL_Driver\Src\stm32g0xx_hal_rtc_ex.o
LOAD Thirdparty\STM32G0xx_HAL_Driver\Src\stm32g0xx_hal_smartcard.o
LOAD Thirdparty\STM32G0xx_HAL_Driver\Src\stm32g0xx_hal_smartcard_ex.o
LOAD Thirdparty\STM32G0xx_HAL_Driver\Src\stm32g0xx_hal_smbus.o
LOAD Thirdparty\STM32G0xx_HAL_Driver\Src\stm32g0xx_hal_smbus_ex.o
LOAD Thirdparty\STM32G0xx_HAL_Driver\Src\stm32g0xx_hal_spi.o
LOAD Thirdparty\STM32G0xx_HAL_Driver\Src\stm32g0xx_hal_spi_ex.o
LOAD Thirdparty\STM32G0xx_HAL_Driver\Src\stm32g0xx_hal_tim.o
LOAD Thirdparty\STM32G0xx_HAL_Driver\Src\stm32g0xx_hal_tim_ex.o
LOAD Thirdparty\STM32G0xx_HAL_Driver\Src\stm32g0xx_hal_uart.o
LOAD Thirdparty\STM32G0xx_HAL_Driver\Src\stm32g0xx_hal_uart_ex.o
LOAD Thirdparty\STM32G0xx_HAL_Driver\Src\stm32g0xx_hal_usart.o
LOAD Thirdparty\STM32G0xx_HAL_Driver\Src\stm32g0xx_hal_usart_ex.o
LOAD Thirdparty\STM32G0xx_HAL_Driver\Src\stm32g0xx_hal_wwdg.o
LOAD Thirdparty\STM32G0xx_HAL_Driver\Src\stm32g0xx_ll_adc.o
LOAD Thirdparty\STM32G0xx_HAL_Driver\Src\stm32g0xx_ll_comp.o
LOAD Thirdparty\STM32G0xx_HAL_Driver\Src\stm32g0xx_ll_crc.o
LOAD Thirdparty\STM32G0xx_HAL_Driver\Src\stm32g0xx_ll_crs.o
LOAD Thirdparty\STM32G0xx_HAL_Driver\Src\stm32g0xx_ll_dac.o
LOAD Thirdparty\STM32G0xx_HAL_Driver\Src\stm32g0xx_ll_dma.o
LOAD Thirdparty\STM32G0xx_HAL_Driver\Src\stm32g0xx_ll_exti.o
LOAD Thirdparty\STM32G0xx_HAL_Driver\Src\stm32g0xx_ll_gpio.o
LOAD Thirdparty\STM32G0xx_HAL_Driver\Src\stm32g0xx_ll_i2c.o
LOAD Thirdparty\STM32G0xx_HAL_Driver\Src\stm32g0xx_ll_lptim.o
LOAD Thirdparty\STM32G0xx_HAL_Driver\Src\stm32g0xx_ll_lpuart.o
LOAD Thirdparty\STM32G0xx_HAL_Driver\Src\stm32g0xx_ll_pwr.o
LOAD Thirdparty\STM32G0xx_HAL_Driver\Src\stm32g0xx_ll_rcc.o
LOAD Thirdparty\STM32G0xx_HAL_Driver\Src\stm32g0xx_ll_rng.o
LOAD Thirdparty\STM32G0xx_HAL_Driver\Src\stm32g0xx_ll_rtc.o
LOAD Thirdparty\STM32G0xx_HAL_Driver\Src\stm32g0xx_ll_spi.o
LOAD Thirdparty\STM32G0xx_HAL_Driver\Src\stm32g0xx_ll_tim.o
LOAD Thirdparty\STM32G0xx_HAL_Driver\Src\stm32g0xx_ll_ucpd.o
LOAD Thirdparty\STM32G0xx_HAL_Driver\Src\stm32g0xx_ll_usart.o
LOAD Thirdparty\STM32G0xx_HAL_Driver\Src\stm32g0xx_ll_usb.o
LOAD Thirdparty\STM32G0xx_HAL_Driver\Src\stm32g0xx_ll_utils.o
LOAD User\main.o
START GROUP
LOAD C:/ST/STM32CubeIDE_1.14.1/STM32CubeIDE/plugins/com.st.stm32cube.ide.mcu.externaltools.gnu-tools-for-stm32.11.3.rel1.win32_1.1.100.202309141235/tools/bin/../lib/gcc/arm-none-eabi/11.3.1/../../../../arm-none-eabi/lib/thumb/v6-m/nofp\libc.a
LOAD C:/ST/STM32CubeIDE_1.14.1/STM32CubeIDE/plugins/com.st.stm32cube.ide.mcu.externaltools.gnu-tools-for-stm32.11.3.rel1.win32_1.1.100.202309141235/tools/bin/../lib/gcc/arm-none-eabi/11.3.1/../../../../arm-none-eabi/lib/thumb/v6-m/nofp\libm.a
END GROUP
START GROUP
LOAD C:/ST/STM32CubeIDE_1.14.1/STM32CubeIDE/plugins/com.st.stm32cube.ide.mcu.externaltools.gnu-tools-for-stm32.11.3.rel1.win32_1.1.100.202309141235/tools/bin/../lib/gcc/arm-none-eabi/11.3.1/thumb/v6-m/nofp\libgcc.a
LOAD C:/ST/STM32CubeIDE_1.14.1/STM32CubeIDE/plugins/com.st.stm32cube.ide.mcu.externaltools.gnu-tools-for-stm32.11.3.rel1.win32_1.1.100.202309141235/tools/bin/../lib/gcc/arm-none-eabi/11.3.1/../../../../arm-none-eabi/lib/thumb/v6-m/nofp\libc.a
END GROUP
START GROUP
LOAD C:/ST/STM32CubeIDE_1.14.1/STM32CubeIDE/plugins/com.st.stm32cube.ide.mcu.externaltools.gnu-tools-for-stm32.11.3.rel1.win32_1.1.100.202309141235/tools/bin/../lib/gcc/arm-none-eabi/11.3.1/thumb/v6-m/nofp\libgcc.a
LOAD C:/ST/STM32CubeIDE_1.14.1/STM32CubeIDE/plugins/com.st.stm32cube.ide.mcu.externaltools.gnu-tools-for-stm32.11.3.rel1.win32_1.1.100.202309141235/tools/bin/../lib/gcc/arm-none-eabi/11.3.1/../../../../arm-none-eabi/lib/thumb/v6-m/nofp\libc.a
LOAD C:/ST/STM32CubeIDE_1.14.1/STM32CubeIDE/plugins/com.st.stm32cube.ide.mcu.externaltools.gnu-tools-for-stm32.11.3.rel1.win32_1.1.100.202309141235/tools/bin/../lib/gcc/arm-none-eabi/11.3.1/../../../../arm-none-eabi/lib/thumb/v6-m/nofp\libnosys.a
END GROUP
LOAD C:/ST/STM32CubeIDE_1.14.1/STM32CubeIDE/plugins/com.st.stm32cube.ide.mcu.externaltools.gnu-tools-for-stm32.11.3.rel1.win32_1.1.100.202309141235/tools/bin/../lib/gcc/arm-none-eabi/11.3.1/thumb/v6-m/nofp/crtend.o
LOAD C:/ST/STM32CubeIDE_1.14.1/STM32CubeIDE/plugins/com.st.stm32cube.ide.mcu.externaltools.gnu-tools-for-stm32.11.3.rel1.win32_1.1.100.202309141235/tools/bin/../lib/gcc/arm-none-eabi/11.3.1/thumb/v6-m/nofp/crtn.o
                0x0000000020024000                _estack = (ORIGIN (RAM) + LENGTH (RAM))
                0x0000000000000200                _Min_Heap_Size = 0x200
                0x0000000000000400                _Min_Stack_Size = 0x400

.isr_vector     0x0000000008000000       0xbc
                0x0000000008000000                . = ALIGN (0x4)
 *(.isr_vector)
 .isr_vector    0x0000000008000000       0xbc H1BR6\startup_stm32g0b1ceuxn.o
                0x0000000008000000                g_pfnVectors
                0x00000000080000bc                . = ALIGN (0x4)

.text           0x00000000080000c0    0x31240
                0x00000000080000c0                . = ALIGN (0x4)
 *(.text)
 .text          0x00000000080000c0       0x48 C:/ST/STM32CubeIDE_1.14.1/STM32CubeIDE/plugins/com.st.stm32cube.ide.mcu.externaltools.gnu-tools-for-stm32.11.3.rel1.win32_1.1.100.202309141235/tools/bin/../lib/gcc/arm-none-eabi/11.3.1/thumb/v6-m/nofp/crtbegin.o
 .text          0x0000000008000108       0x14 C:/ST/STM32CubeIDE_1.14.1/STM32CubeIDE/plugins/com.st.stm32cube.ide.mcu.externaltools.gnu-tools-for-stm32.11.3.rel1.win32_1.1.100.202309141235/tools/bin/../lib/gcc/arm-none-eabi/11.3.1/../../../../arm-none-eabi/lib/thumb/v6-m/nofp\libc.a(libc_a-strcmp.o)
                0x0000000008000108                strcmp
 .text          0x000000000800011c        0xe C:/ST/STM32CubeIDE_1.14.1/STM32CubeIDE/plugins/com.st.stm32cube.ide.mcu.externaltools.gnu-tools-for-stm32.11.3.rel1.win32_1.1.100.202309141235/tools/bin/../lib/gcc/arm-none-eabi/11.3.1/../../../../arm-none-eabi/lib/thumb/v6-m/nofp\libc.a(libc_a-strlen.o)
                0x000000000800011c                strlen
 *fill*         0x000000000800012a        0x2 
 .text          0x000000000800012c       0x14 C:/ST/STM32CubeIDE_1.14.1/STM32CubeIDE/plugins/com.st.stm32cube.ide.mcu.externaltools.gnu-tools-for-stm32.11.3.rel1.win32_1.1.100.202309141235/tools/bin/../lib/gcc/arm-none-eabi/11.3.1/thumb/v6-m/nofp\libgcc.a(_thumb1_case_uqi.o)
                0x000000000800012c                __gnu_thumb1_case_uqi
 .text          0x0000000008000140       0x14 C:/ST/STM32CubeIDE_1.14.1/STM32CubeIDE/plugins/com.st.stm32cube.ide.mcu.externaltools.gnu-tools-for-stm32.11.3.rel1.win32_1.1.100.202309141235/tools/bin/../lib/gcc/arm-none-eabi/11.3.1/thumb/v6-m/nofp\libgcc.a(_thumb1_case_uhi.o)
                0x0000000008000140                __gnu_thumb1_case_uhi
 .text          0x0000000008000154      0x114 C:/ST/STM32CubeIDE_1.14.1/STM32CubeIDE/plugins/com.st.stm32cube.ide.mcu.externaltools.gnu-tools-for-stm32.11.3.rel1.win32_1.1.100.202309141235/tools/bin/../lib/gcc/arm-none-eabi/11.3.1/thumb/v6-m/nofp\libgcc.a(_udivsi3.o)
                0x0000000008000154                __aeabi_uidiv
                0x0000000008000154                __udivsi3
                0x0000000008000260                __aeabi_uidivmod
 .text          0x0000000008000268      0x1d4 C:/ST/STM32CubeIDE_1.14.1/STM32CubeIDE/plugins/com.st.stm32cube.ide.mcu.externaltools.gnu-tools-for-stm32.11.3.rel1.win32_1.1.100.202309141235/tools/bin/../lib/gcc/arm-none-eabi/11.3.1/thumb/v6-m/nofp\libgcc.a(_divsi3.o)
                0x0000000008000268                __divsi3
                0x0000000008000268                __aeabi_idiv
                0x0000000008000434                __aeabi_idivmod
 .text          0x000000000800043c        0x4 C:/ST/STM32CubeIDE_1.14.1/STM32CubeIDE/plugins/com.st.stm32cube.ide.mcu.externaltools.gnu-tools-for-stm32.11.3.rel1.win32_1.1.100.202309141235/tools/bin/../lib/gcc/arm-none-eabi/11.3.1/thumb/v6-m/nofp\libgcc.a(_dvmd_tls.o)
                0x000000000800043c                __aeabi_idiv0
                0x000000000800043c                __aeabi_ldiv0
 .text          0x0000000008000440       0x7c C:/ST/STM32CubeIDE_1.14.1/STM32CubeIDE/plugins/com.st.stm32cube.ide.mcu.externaltools.gnu-tools-for-stm32.11.3.rel1.win32_1.1.100.202309141235/tools/bin/../lib/gcc/arm-none-eabi/11.3.1/thumb/v6-m/nofp\libgcc.a(_arm_cmpdf2.o)
                0x0000000008000440                __aeabi_cdrcmple
                0x0000000008000450                __aeabi_cdcmple
                0x0000000008000450                __aeabi_cdcmpeq
                0x0000000008000460                __aeabi_dcmpeq
                0x000000000800046c                __aeabi_dcmplt
                0x0000000008000480                __aeabi_dcmple
                0x0000000008000494                __aeabi_dcmpgt
                0x00000000080004a8                __aeabi_dcmpge
 .text          0x00000000080004bc       0x74 C:/ST/STM32CubeIDE_1.14.1/STM32CubeIDE/plugins/com.st.stm32cube.ide.mcu.externaltools.gnu-tools-for-stm32.11.3.rel1.win32_1.1.100.202309141235/tools/bin/../lib/gcc/arm-none-eabi/11.3.1/thumb/v6-m/nofp\libgcc.a(_arm_cmpsf2.o)
                0x00000000080004bc                __aeabi_cfrcmple
                0x00000000080004c4                __aeabi_cfcmpeq
                0x00000000080004c4                __aeabi_cfcmple
                0x00000000080004d4                __aeabi_fcmpeq
                0x00000000080004e0                __aeabi_fcmplt
                0x00000000080004f4                __aeabi_fcmple
                0x0000000008000508                __aeabi_fcmpgt
                0x000000000800051c                __aeabi_fcmpge
 .text          0x0000000008000530       0x14 C:/ST/STM32CubeIDE_1.14.1/STM32CubeIDE/plugins/com.st.stm32cube.ide.mcu.externaltools.gnu-tools-for-stm32.11.3.rel1.win32_1.1.100.202309141235/tools/bin/../lib/gcc/arm-none-eabi/11.3.1/thumb/v6-m/nofp\libgcc.a(_aeabi_ulcmp.o)
                0x0000000008000530                __aeabi_ulcmp
 .text          0x0000000008000544       0x40 C:/ST/STM32CubeIDE_1.14.1/STM32CubeIDE/plugins/com.st.stm32cube.ide.mcu.externaltools.gnu-tools-for-stm32.11.3.rel1.win32_1.1.100.202309141235/tools/bin/../lib/gcc/arm-none-eabi/11.3.1/thumb/v6-m/nofp\libgcc.a(_aeabi_uldivmod.o)
                0x0000000008000544                __aeabi_uldivmod
 .text          0x0000000008000584       0x5c C:/ST/STM32CubeIDE_1.14.1/STM32CubeIDE/plugins/com.st.stm32cube.ide.mcu.externaltools.gnu-tools-for-stm32.11.3.rel1.win32_1.1.100.202309141235/tools/bin/../lib/gcc/arm-none-eabi/11.3.1/thumb/v6-m/nofp\libgcc.a(_muldi3.o)
                0x0000000008000584                __muldi3
                0x0000000008000584                __aeabi_lmul
 .text          0x00000000080005e0       0x30 C:/ST/STM32CubeIDE_1.14.1/STM32CubeIDE/plugins/com.st.stm32cube.ide.mcu.externaltools.gnu-tools-for-stm32.11.3.rel1.win32_1.1.100.202309141235/tools/bin/../lib/gcc/arm-none-eabi/11.3.1/thumb/v6-m/nofp\libgcc.a(_fixunssfsi.o)
                0x00000000080005e0                __fixunssfsi
                0x00000000080005e0                __aeabi_f2uiz
 .text          0x0000000008000610       0x3c C:/ST/STM32CubeIDE_1.14.1/STM32CubeIDE/plugins/com.st.stm32cube.ide.mcu.externaltools.gnu-tools-for-stm32.11.3.rel1.win32_1.1.100.202309141235/tools/bin/../lib/gcc/arm-none-eabi/11.3.1/thumb/v6-m/nofp\libgcc.a(_fixunsdfsi.o)
                0x0000000008000610                __aeabi_d2uiz
                0x0000000008000610                __fixunsdfsi
 .text          0x000000000800064c       0x3c C:/ST/STM32CubeIDE_1.14.1/STM32CubeIDE/plugins/com.st.stm32cube.ide.mcu.externaltools.gnu-tools-for-stm32.11.3.rel1.win32_1.1.100.202309141235/tools/bin/../lib/gcc/arm-none-eabi/11.3.1/thumb/v6-m/nofp\libgcc.a(_fixdfdi.o)
                0x000000000800064c                __fixdfdi
                0x000000000800064c                __aeabi_d2lz
 .text          0x0000000008000688       0x3c C:/ST/STM32CubeIDE_1.14.1/STM32CubeIDE/plugins/com.st.stm32cube.ide.mcu.externaltools.gnu-tools-for-stm32.11.3.rel1.win32_1.1.100.202309141235/tools/bin/../lib/gcc/arm-none-eabi/11.3.1/thumb/v6-m/nofp\libgcc.a(_fixunsdfdi.o)
                0x0000000008000688                __fixunsdfdi
                0x0000000008000688                __aeabi_d2ulz
 .text          0x00000000080006c4       0x2c C:/ST/STM32CubeIDE_1.14.1/STM32CubeIDE/plugins/com.st.stm32cube.ide.mcu.externaltools.gnu-tools-for-stm32.11.3.rel1.win32_1.1.100.202309141235/tools/bin/../lib/gcc/arm-none-eabi/11.3.1/thumb/v6-m/nofp\libgcc.a(_floatdidf.o)
                0x00000000080006c4                __aeabi_l2d
                0x00000000080006c4                __floatdidf
 .text          0x00000000080006f0      0x198 C:/ST/STM32CubeIDE_1.14.1/STM32CubeIDE/plugins/com.st.stm32cube.ide.mcu.externaltools.gnu-tools-for-stm32.11.3.rel1.win32_1.1.100.202309141235/tools/bin/../lib/gcc/arm-none-eabi/11.3.1/thumb/v6-m/nofp\libgcc.a(_udivmoddi4.o)
                0x00000000080006f0                __udivmoddi4
 .text          0x0000000008000888      0x234 C:/ST/STM32CubeIDE_1.14.1/STM32CubeIDE/plugins/com.st.stm32cube.ide.mcu.externaltools.gnu-tools-for-stm32.11.3.rel1.win32_1.1.100.202309141235/tools/bin/../lib/gcc/arm-none-eabi/11.3.1/thumb/v6-m/nofp\libgcc.a(divsf3.o)
                0x0000000008000888                __aeabi_fdiv
 .text          0x0000000008000abc       0x4c C:/ST/STM32CubeIDE_1.14.1/STM32CubeIDE/plugins/com.st.stm32cube.ide.mcu.externaltools.gnu-tools-for-stm32.11.3.rel1.win32_1.1.100.202309141235/tools/bin/../lib/gcc/arm-none-eabi/11.3.1/thumb/v6-m/nofp\libgcc.a(eqsf2.o)
                0x0000000008000abc                __eqsf2
                0x0000000008000abc                __nesf2
 .text          0x0000000008000b08       0x8c C:/ST/STM32CubeIDE_1.14.1/STM32CubeIDE/plugins/com.st.stm32cube.ide.mcu.externaltools.gnu-tools-for-stm32.11.3.rel1.win32_1.1.100.202309141235/tools/bin/../lib/gcc/arm-none-eabi/11.3.1/thumb/v6-m/nofp\libgcc.a(gesf2.o)
                0x0000000008000b08                __gesf2
                0x0000000008000b08                __gtsf2
 .text          0x0000000008000b94       0x88 C:/ST/STM32CubeIDE_1.14.1/STM32CubeIDE/plugins/com.st.stm32cube.ide.mcu.externaltools.gnu-tools-for-stm32.11.3.rel1.win32_1.1.100.202309141235/tools/bin/../lib/gcc/arm-none-eabi/11.3.1/thumb/v6-m/nofp\libgcc.a(lesf2.o)
                0x0000000008000b94                __ltsf2
                0x0000000008000b94                __lesf2
 .text          0x0000000008000c1c      0x29c C:/ST/STM32CubeIDE_1.14.1/STM32CubeIDE/plugins/com.st.stm32cube.ide.mcu.externaltools.gnu-tools-for-stm32.11.3.rel1.win32_1.1.100.202309141235/tools/bin/../lib/gcc/arm-none-eabi/11.3.1/thumb/v6-m/nofp\libgcc.a(mulsf3.o)
                0x0000000008000c1c                __aeabi_fmul
 .text          0x0000000008000eb8      0x340 C:/ST/STM32CubeIDE_1.14.1/STM32CubeIDE/plugins/com.st.stm32cube.ide.mcu.externaltools.gnu-tools-for-stm32.11.3.rel1.win32_1.1.100.202309141235/tools/bin/../lib/gcc/arm-none-eabi/11.3.1/thumb/v6-m/nofp\libgcc.a(subsf3.o)
                0x0000000008000eb8                __aeabi_fsub
 .text          0x00000000080011f8       0x40 C:/ST/STM32CubeIDE_1.14.1/STM32CubeIDE/plugins/com.st.stm32cube.ide.mcu.externaltools.gnu-tools-for-stm32.11.3.rel1.win32_1.1.100.202309141235/tools/bin/../lib/gcc/arm-none-eabi/11.3.1/thumb/v6-m/nofp\libgcc.a(fixsfsi.o)
                0x00000000080011f8                __aeabi_f2iz
 .text          0x0000000008001238       0x90 C:/ST/STM32CubeIDE_1.14.1/STM32CubeIDE/plugins/com.st.stm32cube.ide.mcu.externaltools.gnu-tools-for-stm32.11.3.rel1.win32_1.1.100.202309141235/tools/bin/../lib/gcc/arm-none-eabi/11.3.1/thumb/v6-m/nofp\libgcc.a(floatunsisf.o)
                0x0000000008001238                __aeabi_ui2f
 .text          0x00000000080012c8      0x6c0 C:/ST/STM32CubeIDE_1.14.1/STM32CubeIDE/plugins/com.st.stm32cube.ide.mcu.externaltools.gnu-tools-for-stm32.11.3.rel1.win32_1.1.100.202309141235/tools/bin/../lib/gcc/arm-none-eabi/11.3.1/thumb/v6-m/nofp\libgcc.a(adddf3.o)
                0x00000000080012c8                __aeabi_dadd
 .text          0x0000000008001988      0x5dc C:/ST/STM32CubeIDE_1.14.1/STM32CubeIDE/plugins/com.st.stm32cube.ide.mcu.externaltools.gnu-tools-for-stm32.11.3.rel1.win32_1.1.100.202309141235/tools/bin/../lib/gcc/arm-none-eabi/11.3.1/thumb/v6-m/nofp\libgcc.a(divdf3.o)
                0x0000000008001988                __aeabi_ddiv
 .text          0x0000000008001f64       0x84 C:/ST/STM32CubeIDE_1.14.1/STM32CubeIDE/plugins/com.st.stm32cube.ide.mcu.externaltools.gnu-tools-for-stm32.11.3.rel1.win32_1.1.100.202309141235/tools/bin/../lib/gcc/arm-none-eabi/11.3.1/thumb/v6-m/nofp\libgcc.a(eqdf2.o)
                0x0000000008001f64                __nedf2
                0x0000000008001f64                __eqdf2
 .text          0x0000000008001fe8       0xcc C:/ST/STM32CubeIDE_1.14.1/STM32CubeIDE/plugins/com.st.stm32cube.ide.mcu.externaltools.gnu-tools-for-stm32.11.3.rel1.win32_1.1.100.202309141235/tools/bin/../lib/gcc/arm-none-eabi/11.3.1/thumb/v6-m/nofp\libgcc.a(gedf2.o)
                0x0000000008001fe8                __gedf2
                0x0000000008001fe8                __gtdf2
 .text          0x00000000080020b4       0xc8 C:/ST/STM32CubeIDE_1.14.1/STM32CubeIDE/plugins/com.st.stm32cube.ide.mcu.externaltools.gnu-tools-for-stm32.11.3.rel1.win32_1.1.100.202309141235/tools/bin/../lib/gcc/arm-none-eabi/11.3.1/thumb/v6-m/nofp\libgcc.a(ledf2.o)
                0x00000000080020b4                __ledf2
                0x00000000080020b4                __ltdf2
 .text          0x000000000800217c      0x584 C:/ST/STM32CubeIDE_1.14.1/STM32CubeIDE/plugins/com.st.stm32cube.ide.mcu.externaltools.gnu-tools-for-stm32.11.3.rel1.win32_1.1.100.202309141235/tools/bin/../lib/gcc/arm-none-eabi/11.3.1/thumb/v6-m/nofp\libgcc.a(muldf3.o)
                0x000000000800217c                __aeabi_dmul
 .text          0x0000000008002700      0x704 C:/ST/STM32CubeIDE_1.14.1/STM32CubeIDE/plugins/com.st.stm32cube.ide.mcu.externaltools.gnu-tools-for-stm32.11.3.rel1.win32_1.1.100.202309141235/tools/bin/../lib/gcc/arm-none-eabi/11.3.1/thumb/v6-m/nofp\libgcc.a(subdf3.o)
                0x0000000008002700                __aeabi_dsub
 .text          0x0000000008002e04       0x3c C:/ST/STM32CubeIDE_1.14.1/STM32CubeIDE/plugins/com.st.stm32cube.ide.mcu.externaltools.gnu-tools-for-stm32.11.3.rel1.win32_1.1.100.202309141235/tools/bin/../lib/gcc/arm-none-eabi/11.3.1/thumb/v6-m/nofp\libgcc.a(unorddf2.o)
                0x0000000008002e04                __aeabi_dcmpun
 .text          0x0000000008002e40       0x6c C:/ST/STM32CubeIDE_1.14.1/STM32CubeIDE/plugins/com.st.stm32cube.ide.mcu.externaltools.gnu-tools-for-stm32.11.3.rel1.win32_1.1.100.202309141235/tools/bin/../lib/gcc/arm-none-eabi/11.3.1/thumb/v6-m/nofp\libgcc.a(fixdfsi.o)
                0x0000000008002e40                __aeabi_d2iz
 .text          0x0000000008002eac       0x60 C:/ST/STM32CubeIDE_1.14.1/STM32CubeIDE/plugins/com.st.stm32cube.ide.mcu.externaltools.gnu-tools-for-stm32.11.3.rel1.win32_1.1.100.202309141235/tools/bin/../lib/gcc/arm-none-eabi/11.3.1/thumb/v6-m/nofp\libgcc.a(floatsidf.o)
                0x0000000008002eac                __aeabi_i2d
 .text          0x0000000008002f0c       0x4c C:/ST/STM32CubeIDE_1.14.1/STM32CubeIDE/plugins/com.st.stm32cube.ide.mcu.externaltools.gnu-tools-for-stm32.11.3.rel1.win32_1.1.100.202309141235/tools/bin/../lib/gcc/arm-none-eabi/11.3.1/thumb/v6-m/nofp\libgcc.a(floatunsidf.o)
                0x0000000008002f0c                __aeabi_ui2d
 .text          0x0000000008002f58       0x90 C:/ST/STM32CubeIDE_1.14.1/STM32CubeIDE/plugins/com.st.stm32cube.ide.mcu.externaltools.gnu-tools-for-stm32.11.3.rel1.win32_1.1.100.202309141235/tools/bin/../lib/gcc/arm-none-eabi/11.3.1/thumb/v6-m/nofp\libgcc.a(extendsfdf2.o)
                0x0000000008002f58                __aeabi_f2d
 .text          0x0000000008002fe8      0x10c C:/ST/STM32CubeIDE_1.14.1/STM32CubeIDE/plugins/com.st.stm32cube.ide.mcu.externaltools.gnu-tools-for-stm32.11.3.rel1.win32_1.1.100.202309141235/tools/bin/../lib/gcc/arm-none-eabi/11.3.1/thumb/v6-m/nofp\libgcc.a(truncdfsf2.o)
                0x0000000008002fe8                __aeabi_d2f
 .text          0x00000000080030f4       0x3c C:/ST/STM32CubeIDE_1.14.1/STM32CubeIDE/plugins/com.st.stm32cube.ide.mcu.externaltools.gnu-tools-for-stm32.11.3.rel1.win32_1.1.100.202309141235/tools/bin/../lib/gcc/arm-none-eabi/11.3.1/thumb/v6-m/nofp\libgcc.a(_clzsi2.o)
                0x00000000080030f4                __clzsi2
 .text          0x0000000008003130       0x18 C:/ST/STM32CubeIDE_1.14.1/STM32CubeIDE/plugins/com.st.stm32cube.ide.mcu.externaltools.gnu-tools-for-stm32.11.3.rel1.win32_1.1.100.202309141235/tools/bin/../lib/gcc/arm-none-eabi/11.3.1/thumb/v6-m/nofp\libgcc.a(_clzdi2.o)
                0x0000000008003130                __clzdi2
 *(.text*)
 .text.__NVIC_SystemReset
                0x0000000008003148       0x24 BOS\BOS.o
 .text.Processor_type
                0x000000000800316c       0x6a BOS\BOS.o
                0x000000000800316c                Processor_type
 *fill*         0x00000000080031d6        0x2 
 .text.Get_Module_Name
                0x00000000080031d8       0x28 BOS\BOS.o
                0x00000000080031d8                Get_Module_Name
 .text.Send_BOS_Message
                0x0000000008003200       0xfc BOS\BOS.o
                0x0000000008003200                Send_BOS_Message
 .text.LoadEEvars
                0x00000000080032fc       0x2a BOS\BOS.o
                0x00000000080032fc                LoadEEvars
 *fill*         0x0000000008003326        0x2 
 .text.LoadROtopology
                0x0000000008003328       0xfc BOS\BOS.o
                0x0000000008003328                LoadROtopology
 .text.LoadEEportsDir
                0x0000000008003424       0x68 BOS\BOS.o
                0x0000000008003424                LoadEEportsDir
 .text.LoadEEalias
                0x000000000800348c       0xd8 BOS\BOS.o
                0x000000000800348c                LoadEEalias
 .text.LoadEEgroup
                0x0000000008003564      0x120 BOS\BOS.o
                0x0000000008003564                LoadEEgroup
 .text.LoadEEstreams
                0x0000000008003684      0x21c BOS\BOS.o
                0x0000000008003684                LoadEEstreams
 .text.LoadEEparams
                0x00000000080038a0      0x260 BOS\BOS.o
                0x00000000080038a0                LoadEEparams
 .text.LoadEEbuttons
                0x0000000008003b00      0x2ec BOS\BOS.o
                0x0000000008003b00                LoadEEbuttons
 .text.LoadROsnippets
                0x0000000008003dec      0x1d8 BOS\BOS.o
                0x0000000008003dec                LoadROsnippets
 .text.SaveEEportsDir
                0x0000000008003fc4       0x78 BOS\BOS.o
                0x0000000008003fc4                SaveEEportsDir
 .text.SaveEEalias
                0x000000000800403c       0xd4 BOS\BOS.o
                0x000000000800403c                SaveEEalias
 .text.SaveEEstreams
                0x0000000008004110       0xdc BOS\BOS.o
                0x0000000008004110                SaveEEstreams
 .text.SaveEEparams
                0x00000000080041ec       0xf8 BOS\BOS.o
                0x00000000080041ec                SaveEEparams
 .text.ClearEEportsDir
                0x00000000080042e4       0x84 BOS\BOS.o
                0x00000000080042e4                ClearEEportsDir
 .text.EE_FormatForFactoryReset
                0x0000000008004368       0x2c BOS\BOS.o
                0x0000000008004368                EE_FormatForFactoryReset
 .text.IsLowerCLIbaud
                0x0000000008004394       0xe8 BOS\BOS.o
                0x0000000008004394                IsLowerCLIbaud
 .text.IsModuleParameter
                0x000000000800447c       0x64 BOS\BOS.o
                0x000000000800447c                IsModuleParameter
 .text.IsMathOperator
                0x00000000080044e0       0xc4 BOS\BOS.o
                0x00000000080044e0                IsMathOperator
 .text.BOS_Init
                0x00000000080045a4      0x13c BOS\BOS.o
                0x00000000080045a4                BOS_Init
 .text.Module_Init
                0x00000000080046e0       0x1e BOS\BOS.o
                0x00000000080046e0                Module_Init
 *fill*         0x00000000080046fe        0x2 
 .text.ExploreNeighbors
                0x0000000008004700       0x90 BOS\BOS.o
                0x0000000008004700                ExploreNeighbors
 .text.FindBroadcastRoutes
                0x0000000008004790      0x3b0 BOS\BOS.o
                0x0000000008004790                FindBroadcastRoutes
 .text.FindRoute
                0x0000000008004b40      0x2dc BOS\BOS.o
                0x0000000008004b40                FindRoute
 .text.minArr   0x0000000008004e1c       0x88 BOS\BOS.o
                0x0000000008004e1c                minArr
 .text.QnotEmpty
                0x0000000008004ea4       0x50 BOS\BOS.o
                0x0000000008004ea4                QnotEmpty
 .text.DisplayTopology
                0x0000000008004ef4      0x258 BOS\BOS.o
                0x0000000008004ef4                DisplayTopology
 .text.DisplayPortsDir
                0x000000000800514c      0x118 BOS\BOS.o
                0x000000000800514c                DisplayPortsDir
 .text.DisplayModuleStatus
                0x0000000008005264      0x3c0 BOS\BOS.o
                0x0000000008005264                DisplayModuleStatus
 .text.GetID    0x0000000008005624      0x15c BOS\BOS.o
                0x0000000008005624                GetID
 .text.NameModule
                0x0000000008005780      0x140 BOS\BOS.o
                0x0000000008005780                NameModule
 .text.AddModuleToGroup
                0x00000000080058c0      0x1b8 BOS\BOS.o
                0x00000000080058c0                AddModuleToGroup
 .text.WriteToRemote
                0x0000000008005a78      0x460 BOS\BOS.o
                0x0000000008005a78                WriteToRemote
 .text.GetDateString
                0x0000000008005ed8       0x5c BOS\BOS.o
                0x0000000008005ed8                GetDateString
 .text.GetTimeString
                0x0000000008005f34       0x4c BOS\BOS.o
                0x0000000008005f34                GetTimeString
 .text.Bridge   0x0000000008005f80       0x4c BOS\BOS.o
                0x0000000008005f80                Bridge
 .text.Unbridge
                0x0000000008005fcc       0xcc BOS\BOS.o
                0x0000000008005fcc                Unbridge
 .text.EnableStopModebyUARTx
                0x0000000008006098       0xb8 BOS\BOS.o
                0x0000000008006098                EnableStopModebyUARTx
 .text.EnableStandbyModebyWakeupPinx
                0x0000000008006150       0x64 BOS\BOS.o
                0x0000000008006150                EnableStandbyModebyWakeupPinx
 .text.DisableStandbyModeWakeupPinx
                0x00000000080061b4       0x9c BOS\BOS.o
                0x00000000080061b4                DisableStandbyModeWakeupPinx
 .text.prvCLITask
                0x0000000008006250      0x278 BOS\BOS_CLI.o
                0x0000000008006250                prvCLITask
 .text.CLI_CommandParser
                0x00000000080064c8      0x574 BOS\BOS_CLI.o
                0x00000000080064c8                CLI_CommandParser
 .text.StringToLowerCase
                0x0000000008006a3c       0x6c BOS\BOS_CLI.o
                0x0000000008006a3c                StringToLowerCase
 .text.AddSnippet
                0x0000000008006aa8      0x1b4 BOS\BOS_CLI.o
                0x0000000008006aa8                AddSnippet
 .text.ParseSnippetCondition
                0x0000000008006c5c      0x7f8 BOS\BOS_CLI.o
                0x0000000008006c5c                ParseSnippetCondition
 .text.ParseSnippetCommand
                0x0000000008007454       0xc8 BOS\BOS_CLI.o
                0x0000000008007454                ParseSnippetCommand
 .text.CheckSnippetCondition
                0x000000000800751c      0x1b4 BOS\BOS_CLI.o
                0x000000000800751c                CheckSnippetCondition
 .text.ExecuteSnippet
                0x00000000080076d0       0xd0 BOS\BOS_CLI.o
                0x00000000080076d0                ExecuteSnippet
 .text.__NVIC_SystemReset
                0x00000000080077a0       0x24 BOS\BOS_CLIcommands.o
 .text.RegisterUserCLICommands
                0x00000000080077c4        0xa BOS\BOS_CLIcommands.o
                0x00000000080077c4                RegisterUserCLICommands
 *fill*         0x00000000080077ce        0x2 
 .text.vRegisterCLICommands
                0x00000000080077d0      0x1b0 BOS\BOS_CLIcommands.o
                0x00000000080077d0                vRegisterCLICommands
 .text.prvTaskStatsCommand
                0x0000000008007980       0x40 BOS\BOS_CLIcommands.o
 .text.prvRunTimeStatsCommand
                0x00000000080079c0       0x40 BOS\BOS_CLIcommands.o
 .text.pingCommand
                0x0000000008007a00       0x9c BOS\BOS_CLIcommands.o
 .text.bootloaderUpdateCommand
                0x0000000008007a9c      0x1fc BOS\BOS_CLIcommands.o
 .text.exploreCommand
                0x0000000008007c98       0x16 BOS\BOS_CLIcommands.o
 .text.resetCommand
                0x0000000008007cae       0x10 BOS\BOS_CLIcommands.o
 *fill*         0x0000000008007cbe        0x2 
 .text.nameCommand
                0x0000000008007cc0       0xe8 BOS\BOS_CLIcommands.o
 .text.groupCommand
                0x0000000008007da8      0x2fc BOS\BOS_CLIcommands.o
 .text.statusCommand
                0x00000000080080a4       0x1c BOS\BOS_CLIcommands.o
 .text.infoCommand
                0x00000000080080c0       0xfc BOS\BOS_CLIcommands.o
 .text.scastCommand
                0x00000000080081bc      0x2dc BOS\BOS_CLIcommands.o
 .text.addbuttonCommand
                0x0000000008008498      0x150 BOS\BOS_CLIcommands.o
 .text.removebuttonCommand
                0x00000000080085e8       0x94 BOS\BOS_CLIcommands.o
 .text.setCommand
                0x000000000800867c      0xbf8 BOS\BOS_CLIcommands.o
 .text.getCommand
                0x0000000008009274      0x3b4 BOS\BOS_CLIcommands.o
 .text.defaultCommand
                0x0000000008009628       0xf8 BOS\BOS_CLIcommands.o
 .text.timeCommand
                0x0000000008009720       0xd8 BOS\BOS_CLIcommands.o
 .text.dateCommand
                0x00000000080097f8       0x34 BOS\BOS_CLIcommands.o
 .text.setBaudrateCommand
                0x000000000800982c       0xc0 BOS\BOS_CLIcommands.o
 .text.uuidCommand
                0x00000000080098ec       0x70 BOS\BOS_CLIcommands.o
 .text.idcodeCommand
                0x000000000800995c       0xe0 BOS\BOS_CLIcommands.o
 .text.flashsizeCommand
                0x0000000008009a3c       0x34 BOS\BOS_CLIcommands.o
 .text.snipCommand
                0x0000000008009a70      0x3ac BOS\BOS_CLIcommands.o
 .text.actSnipCommand
                0x0000000008009e1c       0xb8 BOS\BOS_CLIcommands.o
 .text.pauseSnipCommand
                0x0000000008009ed4       0xb8 BOS\BOS_CLIcommands.o
 .text.delSnipCommand
                0x0000000008009f8c      0x1d4 BOS\BOS_CLIcommands.o
 .text.bridgeCommand
                0x000000000800a160      0x11c BOS\BOS_CLIcommands.o
 .text.unbridgeCommand
                0x000000000800a27c      0x11c BOS\BOS_CLIcommands.o
 .text.testportCommand
                0x000000000800a398      0x2e8 BOS\BOS_CLIcommands.o
 .text.ADCReadCommand
                0x000000000800a680      0x134 BOS\BOS_CLIcommands.o
 .text.ReadTempCommand
                0x000000000800a7b4       0x54 BOS\BOS_CLIcommands.o
 .text.ReadVrefCommand
                0x000000000800a808       0x54 BOS\BOS_CLIcommands.o
 .text.GetReadPrecentageCommand
                0x000000000800a85c       0x98 BOS\BOS_CLIcommands.o
 .text.StartDMAstream
                0x000000000800a8f4       0xb0 BOS\BOS_dma.o
                0x000000000800a8f4                StartDMAstream
 .text.ResetUartORE
                0x000000000800a9a4       0x48 BOS\BOS_dma.o
                0x000000000800a9a4                ResetUartORE
 .text.MX_FREERTOS_Init
                0x000000000800a9ec      0x214 BOS\BOS_freertos.o
                0x000000000800a9ec                MX_FREERTOS_Init
 .text.StartDefaultTask
                0x000000000800ac00      0x10c BOS\BOS_freertos.o
                0x000000000800ac00                StartDefaultTask
 .text.ExecuteMonitor
                0x000000000800ad0c      0x4c8 BOS\BOS_freertos.o
                0x000000000800ad0c                ExecuteMonitor
 .text.vMainConfigureTimerForRunTimeStats
                0x000000000800b1d4       0x2c BOS\BOS_freertos.o
                0x000000000800b1d4                vMainConfigureTimerForRunTimeStats
 .text.ulMainGetRunTimeCounterValue
                0x000000000800b200       0x90 BOS\BOS_freertos.o
                0x000000000800b200                ulMainGetRunTimeCounterValue
 .text.SetupDMAStreams
                0x000000000800b290      0x27c BOS\BOS_messaging.o
                0x000000000800b290                SetupDMAStreams
 .text.StreamTimerCallback
                0x000000000800b50c       0x34 BOS\BOS_messaging.o
                0x000000000800b50c                StreamTimerCallback
 .text.ForwardReceivedMessage
                0x000000000800b540       0x80 BOS\BOS_messaging.o
                0x000000000800b540                ForwardReceivedMessage
 .text.BroadcastReceivedMessage
                0x000000000800b5c0       0x70 BOS\BOS_messaging.o
                0x000000000800b5c0                BroadcastReceivedMessage
 .text.NotifyMessagingTask
                0x000000000800b630       0x90 BOS\BOS_messaging.o
                0x000000000800b630                NotifyMessagingTask
 .text.BroadcastMessage
                0x000000000800b6c0       0x94 BOS\BOS_messaging.o
                0x000000000800b6c0                BroadcastMessage
 .text.SendMessageToModule
                0x000000000800b754       0xa4 BOS\BOS_messaging.o
                0x000000000800b754                SendMessageToModule
 .text.SendMessageFromPort
                0x000000000800b7f8      0x6b4 BOS\BOS_messaging.o
                0x000000000800b7f8                SendMessageFromPort
 .text.StartScastDMAStream
                0x000000000800beac      0x30c BOS\BOS_messaging.o
                0x000000000800beac                StartScastDMAStream
 .text.__NVIC_SystemReset
                0x000000000800c1b8       0x24 BOS\BOS_msgparser.o
 .text.BackEndTask
                0x000000000800c1dc      0x858 BOS\BOS_msgparser.o
                0x000000000800c1dc                BackEndTask
 .text.PxMessagingTask
                0x000000000800ca34     0x5670 BOS\BOS_msgparser.o
                0x000000000800ca34                PxMessagingTask
 .text.User_MessagingParser
                0x00000000080120a4       0x3a BOS\BOS_msgparser.o
                0x00000000080120a4                User_MessagingParser
 *fill*         0x00000000080120de        0x2 
 .text.SystemClock_Config
                0x00000000080120e0       0xec H1BR6\H1BR6.o
                0x00000000080120e0                SystemClock_Config
 .text.SaveToRO
                0x00000000080121cc      0x414 H1BR6\H1BR6.o
                0x00000000080121cc                SaveToRO
 .text.ClearROtopology
                0x00000000080125e0       0x38 H1BR6\H1BR6.o
                0x00000000080125e0                ClearROtopology
 .text.remoteBootloaderUpdate
                0x0000000008012618      0x178 H1BR6\H1BR6.o
                0x0000000008012618                remoteBootloaderUpdate
 .text.SetupPortForRemoteBootloaderUpdate
                0x0000000008012790       0x52 H1BR6\H1BR6.o
                0x0000000008012790                SetupPortForRemoteBootloaderUpdate
 *fill*         0x00000000080127e2        0x2 
 .text.Module_Peripheral_Init
                0x00000000080127e4      0x160 H1BR6\H1BR6.o
                0x00000000080127e4                Module_Peripheral_Init
 .text.Module_MessagingTask
                0x0000000008012944      0x194 H1BR6\H1BR6.o
                0x0000000008012944                Module_MessagingTask
 .text.RegisterModuleCLICommands
                0x0000000008012ad8       0x6c H1BR6\H1BR6.o
                0x0000000008012ad8                RegisterModuleCLICommands
 .text.GetPort  0x0000000008012b44       0x80 H1BR6\H1BR6.o
                0x0000000008012b44                GetPort
 .text.MicroSD_Init
                0x0000000008012bc4       0x88 H1BR6\H1BR6.o
                0x0000000008012bc4                MicroSD_Init
 .text.LogTask  0x0000000008012c4c      0x958 H1BR6\H1BR6.o
                0x0000000008012c4c                LogTask
 .text.CheckLogVarEvent
                0x00000000080135a4      0x32c H1BR6\H1BR6.o
                0x00000000080135a4                CheckLogVarEvent
 .text.OpenThisLog
                0x00000000080138d0       0xc0 H1BR6\H1BR6.o
                0x00000000080138d0                OpenThisLog
 .text.ScanWaveFile
                0x0000000008013990       0x18 H1BR6\H1BR6.o
                0x0000000008013990                ScanWaveFile
 .text.CreateLog
                0x00000000080139a8      0x6b8 H1BR6\H1BR6.o
                0x00000000080139a8                CreateLog
 .text.LogVar   0x0000000008014060      0x264 H1BR6\H1BR6.o
                0x0000000008014060                LogVar
 .text.StartLog
                0x00000000080142c4      0x130 H1BR6\H1BR6.o
                0x00000000080142c4                StartLog
 .text.StopLog  0x00000000080143f4      0x108 H1BR6\H1BR6.o
                0x00000000080143f4                StopLog
 .text.PauseLog
                0x00000000080144fc       0xf4 H1BR6\H1BR6.o
                0x00000000080144fc                PauseLog
 .text.ResumeLog
                0x00000000080145f0       0xd8 H1BR6\H1BR6.o
                0x00000000080145f0                ResumeLog
 .text.DeleteLog
                0x00000000080146c8      0x100 H1BR6\H1BR6.o
                0x00000000080146c8                DeleteLog
 .text.StreamWaveToModule
                0x00000000080147c8       0x18 H1BR6\H1BR6.o
                0x00000000080147c8                StreamWaveToModule
 .text.demoCommand
                0x00000000080147e0      0x188 H1BR6\H1BR6.o
                0x00000000080147e0                demoCommand
 .text.addLogCommand
                0x0000000008014968      0x394 H1BR6\H1BR6.o
                0x0000000008014968                addLogCommand
 .text.deleteLogCommand
                0x0000000008014cfc      0x140 H1BR6\H1BR6.o
                0x0000000008014cfc                deleteLogCommand
 .text.logVarCommand
                0x0000000008014e3c      0x3d8 H1BR6\H1BR6.o
                0x0000000008014e3c                logVarCommand
 .text.startCommand
                0x0000000008015214       0x84 H1BR6\H1BR6.o
                0x0000000008015214                startCommand
 .text.stopCommand
                0x0000000008015298       0xa4 H1BR6\H1BR6.o
                0x0000000008015298                stopCommand
 .text.pauseCommand
                0x000000000801533c       0xa4 H1BR6\H1BR6.o
                0x000000000801533c                pauseCommand
 .text.resumeCommand
                0x00000000080153e0       0x84 H1BR6\H1BR6.o
                0x00000000080153e0                resumeCommand
 .text.LL_DMAMUX_SetRequestID
                0x0000000008015464       0x3c H1BR6\H1BR6_dma.o
 .text.DMA_Init
                0x00000000080154a0       0xa8 H1BR6\H1BR6_dma.o
                0x00000000080154a0                DMA_Init
 .text.DMA_MSG_RX_CH_Init
                0x0000000008015548       0x4c H1BR6\H1BR6_dma.o
                0x0000000008015548                DMA_MSG_RX_CH_Init
 .text.DMA_STREAM_CH_Init
                0x0000000008015594       0x4c H1BR6\H1BR6_dma.o
                0x0000000008015594                DMA_STREAM_CH_Init
 .text.SetupMessagingRxDMAs
                0x00000000080155e0       0x9c H1BR6\H1BR6_dma.o
                0x00000000080155e0                SetupMessagingRxDMAs
 .text.DMA_MSG_RX_Setup
                0x000000000801567c       0x38 H1BR6\H1BR6_dma.o
                0x000000000801567c                DMA_MSG_RX_Setup
 .text.DMA_MSG_TX_UnSetup
                0x00000000080156b4       0x28 H1BR6\H1BR6_dma.o
                0x00000000080156b4                DMA_MSG_TX_UnSetup
 .text.DMA_STREAM_Setup
                0x00000000080156dc       0x68 H1BR6\H1BR6_dma.o
                0x00000000080156dc                DMA_STREAM_Setup
 .text.StopStreamDMA
                0x0000000008015744       0x70 H1BR6\H1BR6_dma.o
                0x0000000008015744                StopStreamDMA
 .text.StopMsgDMA
                0x00000000080157b4       0x4c H1BR6\H1BR6_dma.o
                0x00000000080157b4                StopMsgDMA
 .text.SwitchMsgDMAToStream
                0x0000000008015800       0x50 H1BR6\H1BR6_dma.o
                0x0000000008015800                SwitchMsgDMAToStream
 .text.SwitchStreamDMAToMsg
                0x0000000008015850       0xd8 H1BR6\H1BR6_dma.o
                0x0000000008015850                SwitchStreamDMAToMsg
 .text.UnSetupDMAInterrupts
                0x0000000008015928       0xe4 H1BR6\H1BR6_dma.o
                0x0000000008015928                UnSetupDMAInterrupts
 .text.RemapAndLinkDMAtoUARTRx
                0x0000000008015a0c      0x134 H1BR6\H1BR6_dma.o
                0x0000000008015a0c                RemapAndLinkDMAtoUARTRx
 .text.CRC_Init
                0x0000000008015b40       0x44 H1BR6\H1BR6_dma.o
                0x0000000008015b40                CRC_Init
 .text.HAL_CRC_MspInit
                0x0000000008015b84       0x30 H1BR6\H1BR6_dma.o
                0x0000000008015b84                HAL_CRC_MspInit
 .text.CalculateCRC8
                0x0000000008015bb4      0x154 H1BR6\H1BR6_dma.o
                0x0000000008015bb4                CalculateCRC8
 .text.EE_Init  0x0000000008015d08      0x684 H1BR6\H1BR6_eeprom.o
                0x0000000008015d08                EE_Init
 .text.EE_ReadVariable
                0x000000000801638c       0xc0 H1BR6\H1BR6_eeprom.o
                0x000000000801638c                EE_ReadVariable
 .text.EE_WriteVariable
                0x000000000801644c       0x64 H1BR6\H1BR6_eeprom.o
                0x000000000801644c                EE_WriteVariable
 .text.EE_Format
                0x00000000080164b0      0x14c H1BR6\H1BR6_eeprom.o
                0x00000000080164b0                EE_Format
 .text.EE_FindValidPage
                0x00000000080165fc       0x90 H1BR6\H1BR6_eeprom.o
 .text.EE_VerifyPageFullWriteVariable
                0x000000000801668c      0x160 H1BR6\H1BR6_eeprom.o
 .text.EE_PageTransfer
                0x00000000080167ec      0x228 H1BR6\H1BR6_eeprom.o
 .text.EraseSector
                0x0000000008016a14       0x60 H1BR6\H1BR6_eeprom.o
                0x0000000008016a14                EraseSector
 .text.GPIO_Init
                0x0000000008016a74       0x90 H1BR6\H1BR6_gpio.o
                0x0000000008016a74                GPIO_Init
 .text.IND_LED_Init
                0x0000000008016b04       0x38 H1BR6\H1BR6_gpio.o
                0x0000000008016b04                IND_LED_Init
 .text.IsFactoryReset
                0x0000000008016b3c      0x15c H1BR6\H1BR6_gpio.o
                0x0000000008016b3c                IsFactoryReset
 .text.GetPortGPIOs
                0x0000000008016c98      0x11c H1BR6\H1BR6_gpio.o
                0x0000000008016c98                GetPortGPIOs
 .text.buttonPressedCallback
                0x0000000008016db4       0x14 H1BR6\H1BR6_inputs.o
                0x0000000008016db4                buttonPressedCallback
 .text.CheckAttachedButtons
                0x0000000008016dc8      0x7a8 H1BR6\H1BR6_inputs.o
                0x0000000008016dc8                CheckAttachedButtons
 .text.CheckForTimedButtonPress
                0x0000000008017570       0xfc H1BR6\H1BR6_inputs.o
                0x0000000008017570                CheckForTimedButtonPress
 .text.CheckForTimedButtonRelease
                0x000000000801766c       0xfc H1BR6\H1BR6_inputs.o
                0x000000000801766c                CheckForTimedButtonRelease
 .text.AddPortButton
                0x0000000008017768      0x268 H1BR6\H1BR6_inputs.o
                0x0000000008017768                AddPortButton
 .text.RemovePortButton
                0x00000000080179d0      0x200 H1BR6\H1BR6_inputs.o
                0x00000000080179d0                RemovePortButton
 .text.SetButtonEvents
                0x0000000008017bd0      0x77c H1BR6\H1BR6_inputs.o
                0x0000000008017bd0                SetButtonEvents
 .text.MX_ADC_Init
                0x000000000801834c       0x88 H1BR6\H1BR6_inputs.o
                0x000000000801834c                MX_ADC_Init
 .text.HAL_ADC_MspInit
                0x00000000080183d4       0xc4 H1BR6\H1BR6_inputs.o
                0x00000000080183d4                HAL_ADC_MspInit
 .text.ADCSelectChannel
                0x0000000008018498       0xac H1BR6\H1BR6_inputs.o
                0x0000000008018498                ADCSelectChannel
 .text.ReadADCChannel
                0x0000000008018544      0x10c H1BR6\H1BR6_inputs.o
                0x0000000008018544                ReadADCChannel
 .text.ReadTempAndVref
                0x0000000008018650      0x1f0 H1BR6\H1BR6_inputs.o
                0x0000000008018650                ReadTempAndVref
 .text.GetReadPrecentage
                0x0000000008018840      0x220 H1BR6\H1BR6_inputs.o
                0x0000000008018840                GetReadPrecentage
 .text.Get_channel
                0x0000000008018a60       0xac H1BR6\H1BR6_inputs.o
                0x0000000008018a60                Get_channel
 .text.Error_Handler
                0x0000000008018b0c       0x10 H1BR6\H1BR6_inputs.o
                0x0000000008018b0c                Error_Handler
 .text.Get_Rank
                0x0000000008018b1c       0x84 H1BR6\H1BR6_inputs.o
                0x0000000008018b1c                Get_Rank
 .text.buttonReleasedCallback
                0x0000000008018ba0       0x14 H1BR6\H1BR6_inputs.o
                0x0000000008018ba0                buttonReleasedCallback
 .text.buttonClickedCallback
                0x0000000008018bb4       0x14 H1BR6\H1BR6_inputs.o
                0x0000000008018bb4                buttonClickedCallback
 .text.buttonDblClickedCallback
                0x0000000008018bc8       0x14 H1BR6\H1BR6_inputs.o
                0x0000000008018bc8                buttonDblClickedCallback
 .text.buttonPressedForXCallback
                0x0000000008018bdc       0x1a H1BR6\H1BR6_inputs.o
                0x0000000008018bdc                buttonPressedForXCallback
 .text.buttonReleasedForYCallback
                0x0000000008018bf6       0x1a H1BR6\H1BR6_inputs.o
                0x0000000008018bf6                buttonReleasedForYCallback
 .text.__NVIC_SystemReset
                0x0000000008018c10       0x24 H1BR6\H1BR6_it.o
 .text.SDTimer_Handler
                0x0000000008018c34       0x44 H1BR6\H1BR6_it.o
                0x0000000008018c34                SDTimer_Handler
 .text.SysTick_Handler
                0x0000000008018c78       0x38 H1BR6\H1BR6_it.o
                0x0000000008018c78                SysTick_Handler
 .text.HardFault_Handler
                0x0000000008018cb0       0x40 H1BR6\H1BR6_it.o
                0x0000000008018cb0                HardFault_Handler
 .text.TIM15_IRQHandler
                0x0000000008018cf0       0x30 H1BR6\H1BR6_it.o
                0x0000000008018cf0                TIM15_IRQHandler
 .text.USART1_IRQHandler
                0x0000000008018d20       0x30 H1BR6\H1BR6_it.o
                0x0000000008018d20                USART1_IRQHandler
 .text.USART2_LPUART2_IRQHandler
                0x0000000008018d50       0x30 H1BR6\H1BR6_it.o
                0x0000000008018d50                USART2_LPUART2_IRQHandler
 .text.USART3_4_5_6_LPUART1_IRQHandler
                0x0000000008018d80       0x48 H1BR6\H1BR6_it.o
                0x0000000008018d80                USART3_4_5_6_LPUART1_IRQHandler
 .text.HAL_UART_TxCpltCallback
                0x0000000008018dc8       0x48 H1BR6\H1BR6_it.o
                0x0000000008018dc8                HAL_UART_TxCpltCallback
 .text.HAL_UART_ErrorCallback
                0x0000000008018e10       0xd4 H1BR6\H1BR6_it.o
                0x0000000008018e10                HAL_UART_ErrorCallback
 .text.HAL_UART_RxCpltCallback
                0x0000000008018ee4       0x10 H1BR6\H1BR6_it.o
                0x0000000008018ee4                HAL_UART_RxCpltCallback
 .text.vApplicationStackOverflowHook
                0x0000000008018ef4       0x44 H1BR6\H1BR6_it.o
                0x0000000008018ef4                vApplicationStackOverflowHook
 .text.vApplicationMallocFailedHook
                0x0000000008018f38       0x40 H1BR6\H1BR6_it.o
                0x0000000008018f38                vApplicationMallocFailedHook
 .text.RTC_Init
                0x0000000008018f78       0xc4 H1BR6\H1BR6_rtc.o
                0x0000000008018f78                RTC_Init
 .text.RTC_CalendarConfig
                0x000000000801903c      0x18c H1BR6\H1BR6_rtc.o
                0x000000000801903c                RTC_CalendarConfig
 .text.BOS_CalendarConfig
                0x00000000080191c8      0x128 H1BR6\H1BR6_rtc.o
                0x00000000080191c8                BOS_CalendarConfig
 .text.GetTimeDate
                0x00000000080192f0       0x90 H1BR6\H1BR6_rtc.o
                0x00000000080192f0                GetTimeDate
 .text.SPI_GPIO_Init
                0x0000000008019380       0xa4 H1BR6\H1BR6_spi.o
                0x0000000008019380                SPI_GPIO_Init
 .text.MX_SPI2_Init
                0x0000000008019424       0x7c H1BR6\H1BR6_spi.o
                0x0000000008019424                MX_SPI2_Init
 .text.HAL_SPI_MspInit
                0x00000000080194a0       0xc4 H1BR6\H1BR6_spi.o
                0x00000000080194a0                HAL_SPI_MspInit
 .text.TIM_USEC_Init
                0x0000000008019564       0x74 H1BR6\H1BR6_timers.o
                0x0000000008019564                TIM_USEC_Init
 .text.TIM_MSEC_Init
                0x00000000080195d8       0x78 H1BR6\H1BR6_timers.o
                0x00000000080195d8                TIM_MSEC_Init
 .text.StartMicroDelay
                0x0000000008019650       0x48 H1BR6\H1BR6_timers.o
                0x0000000008019650                StartMicroDelay
 .text.StartMilliDelay
                0x0000000008019698       0x48 H1BR6\H1BR6_timers.o
                0x0000000008019698                StartMilliDelay
 .text.MX_USART1_UART_Init
                0x00000000080196e0       0x7c H1BR6\H1BR6_uart.o
                0x00000000080196e0                MX_USART1_UART_Init
 .text.MX_USART2_UART_Init
                0x000000000801975c       0x7c H1BR6\H1BR6_uart.o
                0x000000000801975c                MX_USART2_UART_Init
 .text.MX_USART3_UART_Init
                0x00000000080197d8       0x7c H1BR6\H1BR6_uart.o
                0x00000000080197d8                MX_USART3_UART_Init
 .text.MX_USART4_UART_Init
                0x0000000008019854       0x58 H1BR6\H1BR6_uart.o
                0x0000000008019854                MX_USART4_UART_Init
 .text.MX_USART5_UART_Init
                0x00000000080198ac       0x60 H1BR6\H1BR6_uart.o
                0x00000000080198ac                MX_USART5_UART_Init
 .text.HAL_UART_MspInit
                0x000000000801990c      0x4b0 H1BR6\H1BR6_uart.o
                0x000000000801990c                HAL_UART_MspInit
 .text.writePxMutex
                0x0000000008019dbc       0xac H1BR6\H1BR6_uart.o
                0x0000000008019dbc                writePxMutex
 .text.writePxITMutex
                0x0000000008019e68       0x78 H1BR6\H1BR6_uart.o
                0x0000000008019e68                writePxITMutex
 .text.UpdateBaudrate
                0x0000000008019ee0       0x3e H1BR6\H1BR6_uart.o
                0x0000000008019ee0                UpdateBaudrate
 *fill*         0x0000000008019f1e        0x2 
 .text.GetUart  0x0000000008019f20       0x54 H1BR6\H1BR6_uart.o
                0x0000000008019f20                GetUart
 .text.SwapUartPins
                0x0000000008019f74       0xd0 H1BR6\H1BR6_uart.o
                0x0000000008019f74                SwapUartPins
 .text.ReadPortsDir
                0x000000000801a044       0xa8 H1BR6\H1BR6_uart.o
                0x000000000801a044                ReadPortsDir
 .text.ReadPortsDirMSG
                0x000000000801a0ec       0x80 H1BR6\H1BR6_uart.o
                0x000000000801a0ec                ReadPortsDirMSG
 .text.UpdateMyPortsDir
                0x000000000801a16c       0x84 H1BR6\H1BR6_uart.o
                0x000000000801a16c                UpdateMyPortsDir
 .text.Reset_Handler
                0x000000000801a1f0       0x90 H1BR6\startup_stm32g0b1ceuxn.o
                0x000000000801a1f0                Reset_Handler
 .text.Default_Handler
                0x000000000801a280        0x2 H1BR6\startup_stm32g0b1ceuxn.o
                0x000000000801a280                I2C2_3_IRQHandler
                0x000000000801a280                TIM1_CC_IRQHandler
                0x000000000801a280                ADC1_COMP_IRQHandler
                0x000000000801a280                NMI_Handler
                0x000000000801a280                I2C1_IRQHandler
                0x000000000801a280                TIM7_LPTIM2_IRQHandler
                0x000000000801a280                TIM17_FDCAN_IT1_IRQHandler
                0x000000000801a280                DMA1_Ch4_7_DMA2_Ch1_5_DMAMUX1_OVR_IRQHandler
                0x000000000801a280                RCC_CRS_IRQHandler
                0x000000000801a280                RTC_TAMP_IRQHandler
                0x000000000801a280                SPI1_IRQHandler
                0x000000000801a280                USB_UCPD1_2_IRQHandler
                0x000000000801a280                EXTI2_3_IRQHandler
                0x000000000801a280                PVD_VDDIO2_IRQHandler
                0x000000000801a280                EXTI4_15_IRQHandler
                0x000000000801a280                DMA1_Channel1_IRQHandler
                0x000000000801a280                Default_Handler
                0x000000000801a280                CEC_IRQHandler
                0x000000000801a280                TIM14_IRQHandler
                0x000000000801a280                TIM3_TIM4_IRQHandler
                0x000000000801a280                EXTI0_1_IRQHandler
                0x000000000801a280                SPI2_3_IRQHandler
                0x000000000801a280                TIM6_DAC_LPTIM1_IRQHandler
                0x000000000801a280                WWDG_IRQHandler
                0x000000000801a280                TIM2_IRQHandler
                0x000000000801a280                DMA1_Channel2_3_IRQHandler
                0x000000000801a280                FLASH_IRQHandler
                0x000000000801a280                TIM16_FDCAN_IT0_IRQHandler
                0x000000000801a280                TIM1_BRK_UP_TRG_COM_IRQHandler
 .text.SystemInit
                0x000000000801a282        0xa Thirdparty\CMSIS\STM32G0xx\Device\ST\STM32G0xx\Source\Templates\system_stm32g0xx.o
                0x000000000801a282                SystemInit
 .text.USER_initialize
                0x000000000801a28c       0x20 Thirdparty\FatFs\driver\app_fatfs.o
                0x000000000801a28c                USER_initialize
 .text.USER_status
                0x000000000801a2ac       0x20 Thirdparty\FatFs\driver\app_fatfs.o
                0x000000000801a2ac                USER_status
 .text.USER_read
                0x000000000801a2cc       0x2e Thirdparty\FatFs\driver\app_fatfs.o
                0x000000000801a2cc                USER_read
 .text.USER_write
                0x000000000801a2fa       0x2e Thirdparty\FatFs\driver\app_fatfs.o
                0x000000000801a2fa                USER_write
 .text.USER_ioctl
                0x000000000801a328       0x2e Thirdparty\FatFs\driver\app_fatfs.o
                0x000000000801a328                USER_ioctl
 *fill*         0x000000000801a356        0x2 
 .text.MX_FATFS_Init
                0x000000000801a358       0x34 Thirdparty\FatFs\driver\app_fatfs.o
                0x000000000801a358                MX_FATFS_Init
 .text.get_fattime
                0x000000000801a38c        0xc Thirdparty\FatFs\driver\app_fatfs.o
                0x000000000801a38c                get_fattime
 .text.SELECT   0x000000000801a398       0x1c Thirdparty\FatFs\driver\fatfs_sd.o
 .text.DESELECT
                0x000000000801a3b4       0x1c Thirdparty\FatFs\driver\fatfs_sd.o
 .text.SPI_TxByte
                0x000000000801a3d0       0x38 Thirdparty\FatFs\driver\fatfs_sd.o
 .text.SPI_RxByte
                0x000000000801a408       0x44 Thirdparty\FatFs\driver\fatfs_sd.o
 .text.SPI_RxBytePtr
                0x000000000801a44c       0x1c Thirdparty\FatFs\driver\fatfs_sd.o
 .text.SD_ReadyWait
                0x000000000801a468       0x3c Thirdparty\FatFs\driver\fatfs_sd.o
 .text.SD_PowerOn
                0x000000000801a4a4       0xa8 Thirdparty\FatFs\driver\fatfs_sd.o
 .text.SD_PowerOff
                0x000000000801a54c       0x14 Thirdparty\FatFs\driver\fatfs_sd.o
 .text.SD_CheckPower
                0x000000000801a560       0x14 Thirdparty\FatFs\driver\fatfs_sd.o
 .text.SD_RxDataBlock
                0x000000000801a574       0x78 Thirdparty\FatFs\driver\fatfs_sd.o
 .text.SD_TxDataBlock
                0x000000000801a5ec       0xd0 Thirdparty\FatFs\driver\fatfs_sd.o
 .text.SD_SendCmd
                0x000000000801a6bc       0xd2 Thirdparty\FatFs\driver\fatfs_sd.o
 *fill*         0x000000000801a78e        0x2 
 .text.SD_disk_initialize
                0x000000000801a790      0x218 Thirdparty\FatFs\driver\fatfs_sd.o
                0x000000000801a790                SD_disk_initialize
 .text.SD_disk_status
                0x000000000801a9a8       0x2c Thirdparty\FatFs\driver\fatfs_sd.o
                0x000000000801a9a8                SD_disk_status
 .text.SD_disk_read
                0x000000000801a9d4       0xe0 Thirdparty\FatFs\driver\fatfs_sd.o
                0x000000000801a9d4                SD_disk_read
 .text.SD_disk_write
                0x000000000801aab4      0x110 Thirdparty\FatFs\driver\fatfs_sd.o
                0x000000000801aab4                SD_disk_write
 .text.SD_disk_ioctl
                0x000000000801abc4      0x274 Thirdparty\FatFs\driver\fatfs_sd.o
                0x000000000801abc4                SD_disk_ioctl
 .text.ff_convert
                0x000000000801ae38       0xa4 Thirdparty\FatFs\option\ccsbcs.o
                0x000000000801ae38                ff_convert
 .text.ff_wtoupper
                0x000000000801aedc      0x160 Thirdparty\FatFs\option\ccsbcs.o
                0x000000000801aedc                ff_wtoupper
 .text.ff_cre_syncobj
                0x000000000801b03c       0x3a Thirdparty\FatFs\option\syscall.o
                0x000000000801b03c                ff_cre_syncobj
 .text.ff_del_syncobj
                0x000000000801b076       0x1a Thirdparty\FatFs\option\syscall.o
                0x000000000801b076                ff_del_syncobj
 .text.ff_req_grant
                0x000000000801b090       0x2c Thirdparty\FatFs\option\syscall.o
                0x000000000801b090                ff_req_grant
 .text.ff_rel_grant
                0x000000000801b0bc       0x18 Thirdparty\FatFs\option\syscall.o
                0x000000000801b0bc                ff_rel_grant
 .text.ff_memalloc
                0x000000000801b0d4       0x1a Thirdparty\FatFs\option\syscall.o
                0x000000000801b0d4                ff_memalloc
 .text.ff_memfree
                0x000000000801b0ee       0x18 Thirdparty\FatFs\option\syscall.o
                0x000000000801b0ee                ff_memfree
 *fill*         0x000000000801b106        0x2 
 .text.disk_status
                0x000000000801b108       0x44 Thirdparty\FatFs\source\diskio.o
                0x000000000801b108                disk_status
 .text.disk_initialize
                0x000000000801b14c       0x60 Thirdparty\FatFs\source\diskio.o
                0x000000000801b14c                disk_initialize
 .text.disk_read
                0x000000000801b1ac       0x50 Thirdparty\FatFs\source\diskio.o
                0x000000000801b1ac                disk_read
 .text.disk_write
                0x000000000801b1fc       0x50 Thirdparty\FatFs\source\diskio.o
                0x000000000801b1fc                disk_write
 .text.disk_ioctl
                0x000000000801b24c       0x50 Thirdparty\FatFs\source\diskio.o
                0x000000000801b24c                disk_ioctl
 .text.ld_word  0x000000000801b29c       0x36 Thirdparty\FatFs\source\ff.o
 .text.ld_dword
                0x000000000801b2d2       0x42 Thirdparty\FatFs\source\ff.o
 .text.st_word  0x000000000801b314       0x3c Thirdparty\FatFs\source\ff.o
 .text.st_dword
                0x000000000801b350       0x54 Thirdparty\FatFs\source\ff.o
 .text.mem_cpy  0x000000000801b3a4       0x3e Thirdparty\FatFs\source\ff.o
 .text.mem_set  0x000000000801b3e2       0x32 Thirdparty\FatFs\source\ff.o
 .text.mem_cmp  0x000000000801b414       0x4a Thirdparty\FatFs\source\ff.o
 .text.chk_chr  0x000000000801b45e       0x32 Thirdparty\FatFs\source\ff.o
 .text.lock_fs  0x000000000801b490       0x2a Thirdparty\FatFs\source\ff.o
 .text.unlock_fs
                0x000000000801b4ba       0x3e Thirdparty\FatFs\source\ff.o
 .text.chk_lock
                0x000000000801b4f8       0xb0 Thirdparty\FatFs\source\ff.o
 .text.enq_lock
                0x000000000801b5a8       0x3c Thirdparty\FatFs\source\ff.o
 .text.inc_lock
                0x000000000801b5e4      0x114 Thirdparty\FatFs\source\ff.o
 .text.dec_lock
                0x000000000801b6f8       0x94 Thirdparty\FatFs\source\ff.o
 .text.clear_lock
                0x000000000801b78c       0x40 Thirdparty\FatFs\source\ff.o
 .text.sync_window
                0x000000000801b7cc       0x90 Thirdparty\FatFs\source\ff.o
 .text.move_window
                0x000000000801b85c       0x6a Thirdparty\FatFs\source\ff.o
 *fill*         0x000000000801b8c6        0x2 
 .text.sync_fs  0x000000000801b8c8       0xf8 Thirdparty\FatFs\source\ff.o
 .text.clust2sect
                0x000000000801b9c0       0x38 Thirdparty\FatFs\source\ff.o
 .text.get_fat  0x000000000801b9f8      0x1b6 Thirdparty\FatFs\source\ff.o
 .text.put_fat  0x000000000801bbae      0x260 Thirdparty\FatFs\source\ff.o
 .text.remove_chain
                0x000000000801be0e       0xe6 Thirdparty\FatFs\source\ff.o
 .text.create_chain
                0x000000000801bef4      0x14c Thirdparty\FatFs\source\ff.o
 .text.clmt_clust
                0x000000000801c040       0x76 Thirdparty\FatFs\source\ff.o
 .text.dir_sdi  0x000000000801c0b6      0x118 Thirdparty\FatFs\source\ff.o
 .text.dir_next
                0x000000000801c1ce      0x1b8 Thirdparty\FatFs\source\ff.o
 .text.dir_alloc
                0x000000000801c386       0xb0 Thirdparty\FatFs\source\ff.o
 .text.ld_clust
                0x000000000801c436       0x3e Thirdparty\FatFs\source\ff.o
 .text.st_clust
                0x000000000801c474       0x40 Thirdparty\FatFs\source\ff.o
 .text.cmp_lfn  0x000000000801c4b4      0x100 Thirdparty\FatFs\source\ff.o
 .text.pick_lfn
                0x000000000801c5b4       0xe4 Thirdparty\FatFs\source\ff.o
 .text.put_lfn  0x000000000801c698       0xf0 Thirdparty\FatFs\source\ff.o
 .text.gen_numname
                0x000000000801c788      0x128 Thirdparty\FatFs\source\ff.o
 .text.sum_sfn  0x000000000801c8b0       0x4a Thirdparty\FatFs\source\ff.o
 .text.dir_read
                0x000000000801c8fa      0x1be Thirdparty\FatFs\source\ff.o
 .text.dir_find
                0x000000000801cab8      0x1f6 Thirdparty\FatFs\source\ff.o
 .text.dir_register
                0x000000000801ccae      0x220 Thirdparty\FatFs\source\ff.o
 .text.dir_remove
                0x000000000801cece       0xb8 Thirdparty\FatFs\source\ff.o
 *fill*         0x000000000801cf86        0x2 
 .text.create_name
                0x000000000801cf88      0x408 Thirdparty\FatFs\source\ff.o
 .text.follow_path
                0x000000000801d390      0x114 Thirdparty\FatFs\source\ff.o
 .text.get_ldnumber
                0x000000000801d4a4       0x84 Thirdparty\FatFs\source\ff.o
 .text.check_fs
                0x000000000801d528       0xb0 Thirdparty\FatFs\source\ff.o
 .text.find_volume
                0x000000000801d5d8      0x55c Thirdparty\FatFs\source\ff.o
 .text.validate
                0x000000000801db34       0x9e Thirdparty\FatFs\source\ff.o
 *fill*         0x000000000801dbd2        0x2 
 .text.f_mount  0x000000000801dbd4       0xd0 Thirdparty\FatFs\source\ff.o
                0x000000000801dbd4                f_mount
 .text.f_open   0x000000000801dca4      0x44c Thirdparty\FatFs\source\ff.o
                0x000000000801dca4                f_open
 .text.f_read   0x000000000801e0f0      0x324 Thirdparty\FatFs\source\ff.o
                0x000000000801e0f0                f_read
 .text.f_write  0x000000000801e414      0x394 Thirdparty\FatFs\source\ff.o
                0x000000000801e414                f_write
 .text.f_sync   0x000000000801e7a8      0x12a Thirdparty\FatFs\source\ff.o
                0x000000000801e7a8                f_sync
 .text.f_close  0x000000000801e8d2       0x72 Thirdparty\FatFs\source\ff.o
                0x000000000801e8d2                f_close
 .text.f_lseek  0x000000000801e944      0x4fc Thirdparty\FatFs\source\ff.o
                0x000000000801e944                f_lseek
 .text.f_truncate
                0x000000000801ee40      0x192 Thirdparty\FatFs\source\ff.o
                0x000000000801ee40                f_truncate
 .text.f_unlink
                0x000000000801efd2      0x1b8 Thirdparty\FatFs\source\ff.o
                0x000000000801efd2                f_unlink
 .text.putc_bfd
                0x000000000801f18a       0x82 Thirdparty\FatFs\source\ff.o
 .text.putc_flush
                0x000000000801f20c       0x48 Thirdparty\FatFs\source\ff.o
 .text.putc_init
                0x000000000801f254       0x26 Thirdparty\FatFs\source\ff.o
 *fill*         0x000000000801f27a        0x2 
 .text.f_printf
                0x000000000801f27c      0x484 Thirdparty\FatFs\source\ff.o
                0x000000000801f27c                f_printf
 .text.FATFS_LinkDriverEx
                0x000000000801f700       0xa8 Thirdparty\FatFs\source\ff_gen_drv.o
                0x000000000801f700                FATFS_LinkDriverEx
 .text.FATFS_LinkDriver
                0x000000000801f7a8       0x20 Thirdparty\FatFs\source\ff_gen_drv.o
                0x000000000801f7a8                FATFS_LinkDriver
 .text.inHandlerMode
                0x000000000801f7c8       0x1c Thirdparty\Middleware\STM32G0xx\FreeRTOS\Source\CMSIS_RTOS\cmsis_os.o
 .text.osKernelStart
                0x000000000801f7e4       0x10 Thirdparty\Middleware\STM32G0xx\FreeRTOS\Source\CMSIS_RTOS\cmsis_os.o
                0x000000000801f7e4                osKernelStart
 .text.osDelay  0x000000000801f7f4       0x28 Thirdparty\Middleware\STM32G0xx\FreeRTOS\Source\CMSIS_RTOS\cmsis_os.o
                0x000000000801f7f4                osDelay
 .text.osSemaphoreCreate
                0x000000000801f81c       0x4a Thirdparty\Middleware\STM32G0xx\FreeRTOS\Source\CMSIS_RTOS\cmsis_os.o
                0x000000000801f81c                osSemaphoreCreate
 *fill*         0x000000000801f866        0x2 
 .text.osSemaphoreWait
                0x000000000801f868       0x94 Thirdparty\Middleware\STM32G0xx\FreeRTOS\Source\CMSIS_RTOS\cmsis_os.o
                0x000000000801f868                osSemaphoreWait
 .text.osSemaphoreRelease
                0x000000000801f8fc       0x64 Thirdparty\Middleware\STM32G0xx\FreeRTOS\Source\CMSIS_RTOS\cmsis_os.o
                0x000000000801f8fc                osSemaphoreRelease
 .text.osSemaphoreDelete
                0x000000000801f960       0x26 Thirdparty\Middleware\STM32G0xx\FreeRTOS\Source\CMSIS_RTOS\cmsis_os.o
                0x000000000801f960                osSemaphoreDelete
 .text.osSystickHandler
                0x000000000801f986       0x18 Thirdparty\Middleware\STM32G0xx\FreeRTOS\Source\CMSIS_RTOS\cmsis_os.o
                0x000000000801f986                osSystickHandler
 *fill*         0x000000000801f99e        0x2 
 .text.FreeRTOS_CLIRegisterCommand
                0x000000000801f9a0       0x50 Thirdparty\Middleware\STM32G0xx\FreeRTOS\Source\FreeRTOS_CLI.o
                0x000000000801f9a0                FreeRTOS_CLIRegisterCommand
 .text.FreeRTOS_CLIProcessCommand
                0x000000000801f9f0      0x11c Thirdparty\Middleware\STM32G0xx\FreeRTOS\Source\FreeRTOS_CLI.o
                0x000000000801f9f0                FreeRTOS_CLIProcessCommand
 .text.FreeRTOS_CLIGetOutputBuffer
                0x000000000801fb0c       0x10 Thirdparty\Middleware\STM32G0xx\FreeRTOS\Source\FreeRTOS_CLI.o
                0x000000000801fb0c                FreeRTOS_CLIGetOutputBuffer
 .text.FreeRTOS_CLIGetParameter
                0x000000000801fb1c       0xbc Thirdparty\Middleware\STM32G0xx\FreeRTOS\Source\FreeRTOS_CLI.o
                0x000000000801fb1c                FreeRTOS_CLIGetParameter
 .text.prvHelpCommand
                0x000000000801fbd8      0x154 Thirdparty\Middleware\STM32G0xx\FreeRTOS\Source\FreeRTOS_CLI.o
 .text.prvGetNumberOfParameters
                0x000000000801fd2c       0x7a Thirdparty\Middleware\STM32G0xx\FreeRTOS\Source\FreeRTOS_CLI.o
 .text.vListInitialise
                0x000000000801fda6       0x3c Thirdparty\Middleware\STM32G0xx\FreeRTOS\Source\list.o
                0x000000000801fda6                vListInitialise
 .text.vListInitialiseItem
                0x000000000801fde2       0x16 Thirdparty\Middleware\STM32G0xx\FreeRTOS\Source\list.o
                0x000000000801fde2                vListInitialiseItem
 .text.vListInsertEnd
                0x000000000801fdf8       0x44 Thirdparty\Middleware\STM32G0xx\FreeRTOS\Source\list.o
                0x000000000801fdf8                vListInsertEnd
 .text.vListInsert
                0x000000000801fe3c       0x6c Thirdparty\Middleware\STM32G0xx\FreeRTOS\Source\list.o
                0x000000000801fe3c                vListInsert
 .text.uxListRemove
                0x000000000801fea8       0x50 Thirdparty\Middleware\STM32G0xx\FreeRTOS\Source\list.o
                0x000000000801fea8                uxListRemove
 .text.pxPortInitialiseStack
                0x000000000801fef8       0x54 Thirdparty\Middleware\STM32G0xx\FreeRTOS\Source\portable\GCC\ARM_CM0\port.o
                0x000000000801fef8                pxPortInitialiseStack
 .text.prvTaskExitError
                0x000000000801ff4c       0x1e Thirdparty\Middleware\STM32G0xx\FreeRTOS\Source\portable\GCC\ARM_CM0\port.o
 .text.SVC_Handler
                0x000000000801ff6a        0xa Thirdparty\Middleware\STM32G0xx\FreeRTOS\Source\portable\GCC\ARM_CM0\port.o
                0x000000000801ff6a                SVC_Handler
 *fill*         0x000000000801ff74        0xc 
 .text.vPortStartFirstTask
                0x000000000801ff80       0x38 Thirdparty\Middleware\STM32G0xx\FreeRTOS\Source\portable\GCC\ARM_CM0\port.o
 .text.xPortStartScheduler
                0x000000000801ffb8       0x48 Thirdparty\Middleware\STM32G0xx\FreeRTOS\Source\portable\GCC\ARM_CM0\port.o
                0x000000000801ffb8                xPortStartScheduler
 .text.vPortYield
                0x0000000008020000       0x20 Thirdparty\Middleware\STM32G0xx\FreeRTOS\Source\portable\GCC\ARM_CM0\port.o
                0x0000000008020000                vPortYield
 .text.vPortEnterCritical
                0x0000000008020020       0x24 Thirdparty\Middleware\STM32G0xx\FreeRTOS\Source\portable\GCC\ARM_CM0\port.o
                0x0000000008020020                vPortEnterCritical
 .text.vPortExitCritical
                0x0000000008020044       0x24 Thirdparty\Middleware\STM32G0xx\FreeRTOS\Source\portable\GCC\ARM_CM0\port.o
                0x0000000008020044                vPortExitCritical
 .text.ulSetInterruptMaskFromISR
                0x0000000008020068        0xc Thirdparty\Middleware\STM32G0xx\FreeRTOS\Source\portable\GCC\ARM_CM0\port.o
                0x0000000008020068                ulSetInterruptMaskFromISR
 .text.vClearInterruptMaskFromISR
                0x0000000008020074        0x8 Thirdparty\Middleware\STM32G0xx\FreeRTOS\Source\portable\GCC\ARM_CM0\port.o
                0x0000000008020074                vClearInterruptMaskFromISR
 *fill*         0x000000000802007c        0x4 
 .text.PendSV_Handler
                0x0000000008020080       0x48 Thirdparty\Middleware\STM32G0xx\FreeRTOS\Source\portable\GCC\ARM_CM0\port.o
                0x0000000008020080                PendSV_Handler
 .text.xPortSysTickHandler
                0x00000000080200c8       0x34 Thirdparty\Middleware\STM32G0xx\FreeRTOS\Source\portable\GCC\ARM_CM0\port.o
                0x00000000080200c8                xPortSysTickHandler
 .text.vPortSetupTimerInterrupt
                0x00000000080200fc       0x44 Thirdparty\Middleware\STM32G0xx\FreeRTOS\Source\portable\GCC\ARM_CM0\port.o
                0x00000000080200fc                vPortSetupTimerInterrupt
 .text.pvPortMalloc
                0x0000000008020140      0x140 Thirdparty\Middleware\STM32G0xx\FreeRTOS\Source\portable\MemMang\heap_4.o
                0x0000000008020140                pvPortMalloc
 .text.vPortFree
                0x0000000008020280       0x80 Thirdparty\Middleware\STM32G0xx\FreeRTOS\Source\portable\MemMang\heap_4.o
                0x0000000008020280                vPortFree
 .text.prvHeapInit
                0x0000000008020300       0xc0 Thirdparty\Middleware\STM32G0xx\FreeRTOS\Source\portable\MemMang\heap_4.o
 .text.prvInsertBlockIntoFreeList
                0x00000000080203c0       0xb0 Thirdparty\Middleware\STM32G0xx\FreeRTOS\Source\portable\MemMang\heap_4.o
 .text.xQueueGenericReset
                0x0000000008020470       0x9e Thirdparty\Middleware\STM32G0xx\FreeRTOS\Source\queue.o
                0x0000000008020470                xQueueGenericReset
 .text.xQueueGenericCreate
                0x000000000802050e       0x52 Thirdparty\Middleware\STM32G0xx\FreeRTOS\Source\queue.o
                0x000000000802050e                xQueueGenericCreate
 .text.prvInitialiseNewQueue
                0x0000000008020560       0x4e Thirdparty\Middleware\STM32G0xx\FreeRTOS\Source\queue.o
 .text.xQueueCreateCountingSemaphore
                0x00000000080205ae       0x30 Thirdparty\Middleware\STM32G0xx\FreeRTOS\Source\queue.o
                0x00000000080205ae                xQueueCreateCountingSemaphore
 .text.xQueueGenericSend
                0x00000000080205de      0x12a Thirdparty\Middleware\STM32G0xx\FreeRTOS\Source\queue.o
                0x00000000080205de                xQueueGenericSend
 .text.xQueueGenericSendFromISR
                0x0000000008020708       0xa6 Thirdparty\Middleware\STM32G0xx\FreeRTOS\Source\queue.o
                0x0000000008020708                xQueueGenericSendFromISR
 .text.xQueueGiveFromISR
                0x00000000080207ae       0x96 Thirdparty\Middleware\STM32G0xx\FreeRTOS\Source\queue.o
                0x00000000080207ae                xQueueGiveFromISR
 .text.xQueueReceive
                0x0000000008020844      0x128 Thirdparty\Middleware\STM32G0xx\FreeRTOS\Source\queue.o
                0x0000000008020844                xQueueReceive
 .text.xQueueSemaphoreTake
                0x000000000802096c      0x178 Thirdparty\Middleware\STM32G0xx\FreeRTOS\Source\queue.o
                0x000000000802096c                xQueueSemaphoreTake
 .text.xQueueReceiveFromISR
                0x0000000008020ae4       0xa0 Thirdparty\Middleware\STM32G0xx\FreeRTOS\Source\queue.o
                0x0000000008020ae4                xQueueReceiveFromISR
 .text.vQueueDelete
                0x0000000008020b84       0x24 Thirdparty\Middleware\STM32G0xx\FreeRTOS\Source\queue.o
                0x0000000008020b84                vQueueDelete
 .text.prvGetDisinheritPriorityAfterTimeout
                0x0000000008020ba8       0x2c Thirdparty\Middleware\STM32G0xx\FreeRTOS\Source\queue.o
 .text.prvCopyDataToQueue
                0x0000000008020bd4       0xd6 Thirdparty\Middleware\STM32G0xx\FreeRTOS\Source\queue.o
 .text.prvCopyDataFromQueue
                0x0000000008020caa       0x4c Thirdparty\Middleware\STM32G0xx\FreeRTOS\Source\queue.o
 .text.prvUnlockQueue
                0x0000000008020cf6       0xbc Thirdparty\Middleware\STM32G0xx\FreeRTOS\Source\queue.o
 .text.prvIsQueueEmpty
                0x0000000008020db2       0x2c Thirdparty\Middleware\STM32G0xx\FreeRTOS\Source\queue.o
 .text.prvIsQueueFull
                0x0000000008020dde       0x30 Thirdparty\Middleware\STM32G0xx\FreeRTOS\Source\queue.o
 *fill*         0x0000000008020e0e        0x2 
 .text.vQueueAddToRegistry
                0x0000000008020e10       0x50 Thirdparty\Middleware\STM32G0xx\FreeRTOS\Source\queue.o
                0x0000000008020e10                vQueueAddToRegistry
 .text.vQueueUnregisterQueue
                0x0000000008020e60       0x54 Thirdparty\Middleware\STM32G0xx\FreeRTOS\Source\queue.o
                0x0000000008020e60                vQueueUnregisterQueue
 .text.vQueueWaitForMessageRestricted
                0x0000000008020eb4       0x66 Thirdparty\Middleware\STM32G0xx\FreeRTOS\Source\queue.o
                0x0000000008020eb4                vQueueWaitForMessageRestricted
 .text.xTaskCreate
                0x0000000008020f1a       0x90 Thirdparty\Middleware\STM32G0xx\FreeRTOS\Source\tasks.o
                0x0000000008020f1a                xTaskCreate
 *fill*         0x0000000008020faa        0x2 
 .text.prvInitialiseNewTask
                0x0000000008020fac      0x10c Thirdparty\Middleware\STM32G0xx\FreeRTOS\Source\tasks.o
 .text.prvAddNewTaskToReadyList
                0x00000000080210b8       0xd0 Thirdparty\Middleware\STM32G0xx\FreeRTOS\Source\tasks.o
 .text.vTaskDelay
                0x0000000008021188       0x3a Thirdparty\Middleware\STM32G0xx\FreeRTOS\Source\tasks.o
                0x0000000008021188                vTaskDelay
 *fill*         0x00000000080211c2        0x2 
 .text.eTaskGetState
                0x00000000080211c4       0xd0 Thirdparty\Middleware\STM32G0xx\FreeRTOS\Source\tasks.o
                0x00000000080211c4                eTaskGetState
 .text.uxTaskPriorityGet
                0x0000000008021294       0x34 Thirdparty\Middleware\STM32G0xx\FreeRTOS\Source\tasks.o
                0x0000000008021294                uxTaskPriorityGet
 .text.vTaskPrioritySet
                0x00000000080212c8      0x110 Thirdparty\Middleware\STM32G0xx\FreeRTOS\Source\tasks.o
                0x00000000080212c8                vTaskPrioritySet
 .text.vTaskStartScheduler
                0x00000000080213d8       0x74 Thirdparty\Middleware\STM32G0xx\FreeRTOS\Source\tasks.o
                0x00000000080213d8                vTaskStartScheduler
 .text.vTaskSuspendAll
                0x000000000802144c       0x18 Thirdparty\Middleware\STM32G0xx\FreeRTOS\Source\tasks.o
                0x000000000802144c                vTaskSuspendAll
 .text.xTaskResumeAll
                0x0000000008021464      0x10c Thirdparty\Middleware\STM32G0xx\FreeRTOS\Source\tasks.o
                0x0000000008021464                xTaskResumeAll
 .text.xTaskGetTickCount
                0x0000000008021570       0x1c Thirdparty\Middleware\STM32G0xx\FreeRTOS\Source\tasks.o
                0x0000000008021570                xTaskGetTickCount
 .text.xTaskGetTickCountFromISR
                0x000000000802158c       0x20 Thirdparty\Middleware\STM32G0xx\FreeRTOS\Source\tasks.o
                0x000000000802158c                xTaskGetTickCountFromISR
 .text.uxTaskGetSystemState
                0x00000000080215ac      0x120 Thirdparty\Middleware\STM32G0xx\FreeRTOS\Source\tasks.o
                0x00000000080215ac                uxTaskGetSystemState
 .text.xTaskIncrementTick
                0x00000000080216cc      0x150 Thirdparty\Middleware\STM32G0xx\FreeRTOS\Source\tasks.o
                0x00000000080216cc                xTaskIncrementTick
 .text.vTaskSwitchContext
                0x000000000802181c      0x124 Thirdparty\Middleware\STM32G0xx\FreeRTOS\Source\tasks.o
                0x000000000802181c                vTaskSwitchContext
 .text.vTaskPlaceOnEventList
                0x0000000008021940       0x34 Thirdparty\Middleware\STM32G0xx\FreeRTOS\Source\tasks.o
                0x0000000008021940                vTaskPlaceOnEventList
 .text.vTaskPlaceOnEventListRestricted
                0x0000000008021974       0x44 Thirdparty\Middleware\STM32G0xx\FreeRTOS\Source\tasks.o
                0x0000000008021974                vTaskPlaceOnEventListRestricted
 .text.xTaskRemoveFromEventList
                0x00000000080219b8       0xb0 Thirdparty\Middleware\STM32G0xx\FreeRTOS\Source\tasks.o
                0x00000000080219b8                xTaskRemoveFromEventList
 .text.vTaskInternalSetTimeOutState
                0x0000000008021a68       0x28 Thirdparty\Middleware\STM32G0xx\FreeRTOS\Source\tasks.o
                0x0000000008021a68                vTaskInternalSetTimeOutState
 .text.xTaskCheckForTimeOut
                0x0000000008021a90       0x8c Thirdparty\Middleware\STM32G0xx\FreeRTOS\Source\tasks.o
                0x0000000008021a90                xTaskCheckForTimeOut
 .text.vTaskMissedYield
                0x0000000008021b1c       0x14 Thirdparty\Middleware\STM32G0xx\FreeRTOS\Source\tasks.o
                0x0000000008021b1c                vTaskMissedYield
 .text.prvIdleTask
                0x0000000008021b30       0x20 Thirdparty\Middleware\STM32G0xx\FreeRTOS\Source\tasks.o
 .text.prvInitialiseTaskLists
                0x0000000008021b50       0x88 Thirdparty\Middleware\STM32G0xx\FreeRTOS\Source\tasks.o
 .text.prvCheckTasksWaitingTermination
                0x0000000008021bd8       0x5c Thirdparty\Middleware\STM32G0xx\FreeRTOS\Source\tasks.o
 .text.vTaskGetInfo
                0x0000000008021c34       0xd8 Thirdparty\Middleware\STM32G0xx\FreeRTOS\Source\tasks.o
                0x0000000008021c34                vTaskGetInfo
 .text.prvListTasksWithinSingleList
                0x0000000008021d0c       0xa6 Thirdparty\Middleware\STM32G0xx\FreeRTOS\Source\tasks.o
 .text.prvTaskCheckFreeStackSpace
                0x0000000008021db2       0x34 Thirdparty\Middleware\STM32G0xx\FreeRTOS\Source\tasks.o
 .text.prvDeleteTCB
                0x0000000008021de6       0x22 Thirdparty\Middleware\STM32G0xx\FreeRTOS\Source\tasks.o
 .text.prvResetNextTaskUnblockTime
                0x0000000008021e08       0x3c Thirdparty\Middleware\STM32G0xx\FreeRTOS\Source\tasks.o
 .text.xTaskGetSchedulerState
                0x0000000008021e44       0x38 Thirdparty\Middleware\STM32G0xx\FreeRTOS\Source\tasks.o
                0x0000000008021e44                xTaskGetSchedulerState
 .text.xTaskPriorityInherit
                0x0000000008021e7c       0xd0 Thirdparty\Middleware\STM32G0xx\FreeRTOS\Source\tasks.o
                0x0000000008021e7c                xTaskPriorityInherit
 .text.xTaskPriorityDisinherit
                0x0000000008021f4c       0x98 Thirdparty\Middleware\STM32G0xx\FreeRTOS\Source\tasks.o
                0x0000000008021f4c                xTaskPriorityDisinherit
 .text.vTaskPriorityDisinheritAfterTimeout
                0x0000000008021fe4       0xc0 Thirdparty\Middleware\STM32G0xx\FreeRTOS\Source\tasks.o
                0x0000000008021fe4                vTaskPriorityDisinheritAfterTimeout
 .text.prvWriteNameToBuffer
                0x00000000080220a4       0x52 Thirdparty\Middleware\STM32G0xx\FreeRTOS\Source\tasks.o
 *fill*         0x00000000080220f6        0x2 
 .text.vTaskList
                0x00000000080220f8      0x14c Thirdparty\Middleware\STM32G0xx\FreeRTOS\Source\tasks.o
                0x00000000080220f8                vTaskList
 .text.vTaskGetRunTimeStats
                0x0000000008022244      0x118 Thirdparty\Middleware\STM32G0xx\FreeRTOS\Source\tasks.o
                0x0000000008022244                vTaskGetRunTimeStats
 .text.pvTaskIncrementMutexHeldCount
                0x000000000802235c       0x24 Thirdparty\Middleware\STM32G0xx\FreeRTOS\Source\tasks.o
                0x000000000802235c                pvTaskIncrementMutexHeldCount
 .text.ulTaskNotifyTake
                0x0000000008022380       0x84 Thirdparty\Middleware\STM32G0xx\FreeRTOS\Source\tasks.o
                0x0000000008022380                ulTaskNotifyTake
 .text.xTaskGenericNotify
                0x0000000008022404      0x104 Thirdparty\Middleware\STM32G0xx\FreeRTOS\Source\tasks.o
                0x0000000008022404                xTaskGenericNotify
 .text.xTaskGenericNotifyFromISR
                0x0000000008022508      0x140 Thirdparty\Middleware\STM32G0xx\FreeRTOS\Source\tasks.o
                0x0000000008022508                xTaskGenericNotifyFromISR
 .text.prvAddCurrentTaskToDelayedList
                0x0000000008022648       0xa8 Thirdparty\Middleware\STM32G0xx\FreeRTOS\Source\tasks.o
 .text.xTimerCreateTimerTask
                0x00000000080226f0       0x4c Thirdparty\Middleware\STM32G0xx\FreeRTOS\Source\timers.o
                0x00000000080226f0                xTimerCreateTimerTask
 .text.xTimerCreate
                0x000000000802273c       0x46 Thirdparty\Middleware\STM32G0xx\FreeRTOS\Source\timers.o
                0x000000000802273c                xTimerCreate
 .text.prvInitialiseNewTimer
                0x0000000008022782       0x5a Thirdparty\Middleware\STM32G0xx\FreeRTOS\Source\timers.o
 .text.xTimerGenericCommand
                0x00000000080227dc       0x8c Thirdparty\Middleware\STM32G0xx\FreeRTOS\Source\timers.o
                0x00000000080227dc                xTimerGenericCommand
 .text.prvProcessExpiredTimer
                0x0000000008022868       0x80 Thirdparty\Middleware\STM32G0xx\FreeRTOS\Source\timers.o
 .text.prvTimerTask
                0x00000000080228e8       0x28 Thirdparty\Middleware\STM32G0xx\FreeRTOS\Source\timers.o
 .text.prvProcessTimerOrBlockTask
                0x0000000008022910       0x90 Thirdparty\Middleware\STM32G0xx\FreeRTOS\Source\timers.o
 .text.prvGetNextExpireTime
                0x00000000080229a0       0x44 Thirdparty\Middleware\STM32G0xx\FreeRTOS\Source\timers.o
 .text.prvSampleTimeNow
                0x00000000080229e4       0x40 Thirdparty\Middleware\STM32G0xx\FreeRTOS\Source\timers.o
 .text.prvInsertTimerInActiveList
                0x0000000008022a24       0x84 Thirdparty\Middleware\STM32G0xx\FreeRTOS\Source\timers.o
 .text.prvProcessReceivedCommands
                0x0000000008022aa8      0x16c Thirdparty\Middleware\STM32G0xx\FreeRTOS\Source\timers.o
 .text.prvSwitchTimerLists
                0x0000000008022c14       0xb0 Thirdparty\Middleware\STM32G0xx\FreeRTOS\Source\timers.o
 .text.prvCheckForValidListAndQueue
                0x0000000008022cc4       0x74 Thirdparty\Middleware\STM32G0xx\FreeRTOS\Source\timers.o
 .text.pvTimerGetTimerID
                0x0000000008022d38       0x24 Thirdparty\Middleware\STM32G0xx\FreeRTOS\Source\timers.o
                0x0000000008022d38                pvTimerGetTimerID
 .text.HAL_Init
                0x0000000008022d5c       0x40 Thirdparty\STM32G0xx_HAL_Driver\Src\stm32g0xx_hal.o
                0x0000000008022d5c                HAL_Init
 .text.HAL_InitTick
                0x0000000008022d9c       0x94 Thirdparty\STM32G0xx_HAL_Driver\Src\stm32g0xx_hal.o
                0x0000000008022d9c                HAL_InitTick
 .text.HAL_IncTick
                0x0000000008022e30       0x24 Thirdparty\STM32G0xx_HAL_Driver\Src\stm32g0xx_hal.o
                0x0000000008022e30                HAL_IncTick
 .text.HAL_GetTick
                0x0000000008022e54       0x14 Thirdparty\STM32G0xx_HAL_Driver\Src\stm32g0xx_hal.o
                0x0000000008022e54                HAL_GetTick
 .text.HAL_Delay
                0x0000000008022e68       0x48 Thirdparty\STM32G0xx_HAL_Driver\Src\stm32g0xx_hal.o
                0x0000000008022e68                HAL_Delay
 .text.HAL_GetREVID
                0x0000000008022eb0       0x18 Thirdparty\STM32G0xx_HAL_Driver\Src\stm32g0xx_hal.o
                0x0000000008022eb0                HAL_GetREVID
 .text.HAL_GetDEVID
                0x0000000008022ec8       0x18 Thirdparty\STM32G0xx_HAL_Driver\Src\stm32g0xx_hal.o
                0x0000000008022ec8                HAL_GetDEVID
 .text.LL_ADC_SetCommonPathInternalCh
                0x0000000008022ee0       0x28 Thirdparty\STM32G0xx_HAL_Driver\Src\stm32g0xx_hal_adc.o
 .text.LL_ADC_GetCommonPathInternalCh
                0x0000000008022f08       0x1a Thirdparty\STM32G0xx_HAL_Driver\Src\stm32g0xx_hal_adc.o
 .text.LL_ADC_SetSamplingTimeCommonChannels
                0x0000000008022f22       0x3a Thirdparty\STM32G0xx_HAL_Driver\Src\stm32g0xx_hal_adc.o
 .text.LL_ADC_GetSamplingTimeCommonChannels
                0x0000000008022f5c       0x2e Thirdparty\STM32G0xx_HAL_Driver\Src\stm32g0xx_hal_adc.o
 .text.LL_ADC_REG_IsTriggerSourceSWStart
                0x0000000008022f8a       0x22 Thirdparty\STM32G0xx_HAL_Driver\Src\stm32g0xx_hal_adc.o
 .text.LL_ADC_REG_SetSequencerRanks
                0x0000000008022fac       0x40 Thirdparty\STM32G0xx_HAL_Driver\Src\stm32g0xx_hal_adc.o
 .text.LL_ADC_REG_SetSequencerChAdd
                0x0000000008022fec       0x22 Thirdparty\STM32G0xx_HAL_Driver\Src\stm32g0xx_hal_adc.o
 .text.LL_ADC_REG_SetSequencerChRem
                0x000000000802300e       0x24 Thirdparty\STM32G0xx_HAL_Driver\Src\stm32g0xx_hal_adc.o
 *fill*         0x0000000008023032        0x2 
 .text.LL_ADC_SetChannelSamplingTime
                0x0000000008023034       0x38 Thirdparty\STM32G0xx_HAL_Driver\Src\stm32g0xx_hal_adc.o
 .text.LL_ADC_EnableInternalRegulator
                0x000000000802306c       0x28 Thirdparty\STM32G0xx_HAL_Driver\Src\stm32g0xx_hal_adc.o
 .text.LL_ADC_IsInternalRegulatorEnabled
                0x0000000008023094       0x28 Thirdparty\STM32G0xx_HAL_Driver\Src\stm32g0xx_hal_adc.o
 .text.LL_ADC_Enable