Archive member included to satisfy reference by file (symbol)

c:/st/stm32cubeide_1.10.1/stm32cubeide/plugins/com.st.stm32cube.ide.mcu.externaltools.gnu-tools-for-stm32.10.3-2021.10.win32_1.0.0.202111181127/tools/bin/../lib/gcc/arm-none-eabi/10.3.1/../../../../arm-none-eabi/lib/thumb/v6-m/nofp\libc.a(lib_a-atof.o)
                              BOS\BOS_CLI.o (atof)
c:/st/stm32cubeide_1.10.1/stm32cubeide/plugins/com.st.stm32cube.ide.mcu.externaltools.gnu-tools-for-stm32.10.3-2021.10.win32_1.0.0.202111181127/tools/bin/../lib/gcc/arm-none-eabi/10.3.1/../../../../arm-none-eabi/lib/thumb/v6-m/nofp\libc.a(lib_a-atoi.o)
                              BOS\BOS_CLI.o (atoi)
c:/st/stm32cubeide_1.10.1/stm32cubeide/plugins/com.st.stm32cube.ide.mcu.externaltools.gnu-tools-for-stm32.10.3-2021.10.win32_1.0.0.202111181127/tools/bin/../lib/gcc/arm-none-eabi/10.3.1/../../../../arm-none-eabi/lib/thumb/v6-m/nofp\libc.a(lib_a-atol.o)
                              BOS\BOS.o (atol)
c:/st/stm32cubeide_1.10.1/stm32cubeide/plugins/com.st.stm32cube.ide.mcu.externaltools.gnu-tools-for-stm32.10.3-2021.10.win32_1.0.0.202111181127/tools/bin/../lib/gcc/arm-none-eabi/10.3.1/../../../../arm-none-eabi/lib/thumb/v6-m/nofp\libc.a(lib_a-ctype_.o)
                              BOS\BOS_CLI.o (_ctype_)
c:/st/stm32cubeide_1.10.1/stm32cubeide/plugins/com.st.stm32cube.ide.mcu.externaltools.gnu-tools-for-stm32.10.3-2021.10.win32_1.0.0.202111181127/tools/bin/../lib/gcc/arm-none-eabi/10.3.1/../../../../arm-none-eabi/lib/thumb/v6-m/nofp\libc.a(lib_a-exit.o)
                              c:/st/stm32cubeide_1.10.1/stm32cubeide/plugins/com.st.stm32cube.ide.mcu.externaltools.gnu-tools-for-stm32.10.3-2021.10.win32_1.0.0.202111181127/tools/bin/../lib/gcc/arm-none-eabi/10.3.1/../../../../arm-none-eabi/lib/thumb/v6-m/nofp/crt0.o (exit)
c:/st/stm32cubeide_1.10.1/stm32cubeide/plugins/com.st.stm32cube.ide.mcu.externaltools.gnu-tools-for-stm32.10.3-2021.10.win32_1.0.0.202111181127/tools/bin/../lib/gcc/arm-none-eabi/10.3.1/../../../../arm-none-eabi/lib/thumb/v6-m/nofp\libc.a(lib_a-impure.o)
                              c:/st/stm32cubeide_1.10.1/stm32cubeide/plugins/com.st.stm32cube.ide.mcu.externaltools.gnu-tools-for-stm32.10.3-2021.10.win32_1.0.0.202111181127/tools/bin/../lib/gcc/arm-none-eabi/10.3.1/../../../../arm-none-eabi/lib/thumb/v6-m/nofp\libc.a(lib_a-exit.o) (_global_impure_ptr)
c:/st/stm32cubeide_1.10.1/stm32cubeide/plugins/com.st.stm32cube.ide.mcu.externaltools.gnu-tools-for-stm32.10.3-2021.10.win32_1.0.0.202111181127/tools/bin/../lib/gcc/arm-none-eabi/10.3.1/../../../../arm-none-eabi/lib/thumb/v6-m/nofp\libc.a(lib_a-init.o)
                              c:/st/stm32cubeide_1.10.1/stm32cubeide/plugins/com.st.stm32cube.ide.mcu.externaltools.gnu-tools-for-stm32.10.3-2021.10.win32_1.0.0.202111181127/tools/bin/../lib/gcc/arm-none-eabi/10.3.1/../../../../arm-none-eabi/lib/thumb/v6-m/nofp/crt0.o (__libc_init_array)
c:/st/stm32cubeide_1.10.1/stm32cubeide/plugins/com.st.stm32cube.ide.mcu.externaltools.gnu-tools-for-stm32.10.3-2021.10.win32_1.0.0.202111181127/tools/bin/../lib/gcc/arm-none-eabi/10.3.1/../../../../arm-none-eabi/lib/thumb/v6-m/nofp\libc.a(lib_a-malloc.o)
                              BOS\BOS.o (malloc)
c:/st/stm32cubeide_1.10.1/stm32cubeide/plugins/com.st.stm32cube.ide.mcu.externaltools.gnu-tools-for-stm32.10.3-2021.10.win32_1.0.0.202111181127/tools/bin/../lib/gcc/arm-none-eabi/10.3.1/../../../../arm-none-eabi/lib/thumb/v6-m/nofp\libc.a(lib_a-mallocr.o)
                              c:/st/stm32cubeide_1.10.1/stm32cubeide/plugins/com.st.stm32cube.ide.mcu.externaltools.gnu-tools-for-stm32.10.3-2021.10.win32_1.0.0.202111181127/tools/bin/../lib/gcc/arm-none-eabi/10.3.1/../../../../arm-none-eabi/lib/thumb/v6-m/nofp\libc.a(lib_a-malloc.o) (_malloc_r)
c:/st/stm32cubeide_1.10.1/stm32cubeide/plugins/com.st.stm32cube.ide.mcu.externaltools.gnu-tools-for-stm32.10.3-2021.10.win32_1.0.0.202111181127/tools/bin/../lib/gcc/arm-none-eabi/10.3.1/../../../../arm-none-eabi/lib/thumb/v6-m/nofp\libc.a(lib_a-memcpy-stub.o)
                              BOS\BOS.o (memcpy)
c:/st/stm32cubeide_1.10.1/stm32cubeide/plugins/com.st.stm32cube.ide.mcu.externaltools.gnu-tools-for-stm32.10.3-2021.10.win32_1.0.0.202111181127/tools/bin/../lib/gcc/arm-none-eabi/10.3.1/../../../../arm-none-eabi/lib/thumb/v6-m/nofp\libc.a(lib_a-memset.o)
                              c:/st/stm32cubeide_1.10.1/stm32cubeide/plugins/com.st.stm32cube.ide.mcu.externaltools.gnu-tools-for-stm32.10.3-2021.10.win32_1.0.0.202111181127/tools/bin/../lib/gcc/arm-none-eabi/10.3.1/../../../../arm-none-eabi/lib/thumb/v6-m/nofp/crt0.o (memset)
c:/st/stm32cubeide_1.10.1/stm32cubeide/plugins/com.st.stm32cube.ide.mcu.externaltools.gnu-tools-for-stm32.10.3-2021.10.win32_1.0.0.202111181127/tools/bin/../lib/gcc/arm-none-eabi/10.3.1/../../../../arm-none-eabi/lib/thumb/v6-m/nofp\libc.a(lib_a-mlock.o)
[...]
Memory Configuration

Name             Origin             Length             Attributes
RAM              0x0000000020000000 0x0000000000024000 xrw
FLASH            0x0000000008000000 0x0000000000080000 xr
*default*        0x0000000000000000 0xffffffffffffffff

Linker script and memory map

LOAD c:/st/stm32cubeide_1.10.1/stm32cubeide/plugins/com.st.stm32cube.ide.mcu.externaltools.gnu-tools-for-stm32.10.3-2021.10.win32_1.0.0.202111181127/tools/bin/../lib/gcc/arm-none-eabi/10.3.1/thumb/v6-m/nofp/crti.o
LOAD c:/st/stm32cubeide_1.10.1/stm32cubeide/plugins/com.st.stm32cube.ide.mcu.externaltools.gnu-tools-for-stm32.10.3-2021.10.win32_1.0.0.202111181127/tools/bin/../lib/gcc/arm-none-eabi/10.3.1/thumb/v6-m/nofp/crtbegin.o
LOAD c:/st/stm32cubeide_1.10.1/stm32cubeide/plugins/com.st.stm32cube.ide.mcu.externaltools.gnu-tools-for-stm32.10.3-2021.10.win32_1.0.0.202111181127/tools/bin/../lib/gcc/arm-none-eabi/10.3.1/../../../../arm-none-eabi/lib/thumb/v6-m/nofp/crt0.o
LOAD BOS\BOS.o
LOAD BOS\BOS_CLI.o
LOAD BOS\BOS_CLIcommands.o
LOAD BOS\BOS_dma.o
LOAD BOS\BOS_freertos.o
LOAD BOS\BOS_messaging.o
LOAD BOS\BOS_msgparser.o
LOAD H1BR6\H1BR6.o
LOAD H1BR6\H1BR6_dma.o
LOAD H1BR6\H1BR6_eeprom.o
LOAD H1BR6\H1BR6_gpio.o
LOAD H1BR6\H1BR6_inputs.o
LOAD H1BR6\H1BR6_it.o
LOAD H1BR6\H1BR6_rtc.o
LOAD H1BR6\H1BR6_spi.o
LOAD H1BR6\H1BR6_timers.o
LOAD H1BR6\H1BR6_uart.o
LOAD H1BR6\startup_stm32g0b1ceuxn.o
LOAD Thirdparty\CMSIS\STM32G0xx\Device\ST\STM32G0xx\Source\Templates\system_stm32g0xx.o
LOAD Thirdparty\FatFs\driver\app_fatfs.o
LOAD Thirdparty\FatFs\driver\fatfs_sd.o
LOAD Thirdparty\FatFs\driver\user_diskio.o
LOAD Thirdparty\FatFs\option\ccsbcs.o
LOAD Thirdparty\FatFs\option\syscall.o
LOAD Thirdparty\FatFs\source\diskio.o
LOAD Thirdparty\FatFs\source\ff.o
LOAD Thirdparty\FatFs\source\ff_gen_drv.o
LOAD Thirdparty\Middleware\STM32G0xx\FreeRTOS\Source\CMSIS_RTOS\cmsis_os.o
LOAD Thirdparty\Middleware\STM32G0xx\FreeRTOS\Source\FreeRTOS_CLI.o
LOAD Thirdparty\Middleware\STM32G0xx\FreeRTOS\Source\croutine.o
LOAD Thirdparty\Middleware\STM32G0xx\FreeRTOS\Source\event_groups.o
LOAD Thirdparty\Middleware\STM32G0xx\FreeRTOS\Source\list.o
LOAD Thirdparty\Middleware\STM32G0xx\FreeRTOS\Source\portable\GCC\ARM_CM0\port.o
LOAD Thirdparty\Middleware\STM32G0xx\FreeRTOS\Source\portable\MemMang\heap_4.o
LOAD Thirdparty\Middleware\STM32G0xx\FreeRTOS\Source\queue.o
LOAD Thirdparty\Middleware\STM32G0xx\FreeRTOS\Source\stream_buffer.o
LOAD Thirdparty\Middleware\STM32G0xx\FreeRTOS\Source\tasks.o
LOAD Thirdparty\Middleware\STM32G0xx\FreeRTOS\Source\timers.o
LOAD Thirdparty\STM32G0xx_HAL_Driver\Src\stm32g0xx_hal.o
LOAD Thirdparty\STM32G0xx_HAL_Driver\Src\stm32g0xx_hal_adc.o
LOAD Thirdparty\STM32G0xx_HAL_Driver\Src\stm32g0xx_hal_adc_ex.o
LOAD Thirdparty\STM32G0xx_HAL_Driver\Src\stm32g0xx_hal_cec.o
LOAD Thirdparty\STM32G0xx_HAL_Driver\Src\stm32g0xx_hal_comp.o
LOAD Thirdparty\STM32G0xx_HAL_Driver\Src\stm32g0xx_hal_cortex.o
LOAD Thirdparty\STM32G0xx_HAL_Driver\Src\stm32g0xx_hal_crc.o
LOAD Thirdparty\STM32G0xx_HAL_Driver\Src\stm32g0xx_hal_crc_ex.o
LOAD Thirdparty\STM32G0xx_HAL_Driver\Src\stm32g0xx_hal_cryp.o
LOAD Thirdparty\STM32G0xx_HAL_Driver\Src\stm32g0xx_hal_cryp_ex.o
LOAD Thirdparty\STM32G0xx_HAL_Driver\Src\stm32g0xx_hal_dac.o
LOAD Thirdparty\STM32G0xx_HAL_Driver\Src\stm32g0xx_hal_dac_ex.o
LOAD Thirdparty\STM32G0xx_HAL_Driver\Src\stm32g0xx_hal_dma.o
LOAD Thirdparty\STM32G0xx_HAL_Driver\Src\stm32g0xx_hal_dma_ex.o
LOAD Thirdparty\STM32G0xx_HAL_Driver\Src\stm32g0xx_hal_exti.o
LOAD Thirdparty\STM32G0xx_HAL_Driver\Src\stm32g0xx_hal_fdcan.o
LOAD Thirdparty\STM32G0xx_HAL_Driver\Src\stm32g0xx_hal_flash.o
LOAD Thirdparty\STM32G0xx_HAL_Driver\Src\stm32g0xx_hal_flash_ex.o
LOAD Thirdparty\STM32G0xx_HAL_Driver\Src\stm32g0xx_hal_gpio.o
LOAD Thirdparty\STM32G0xx_HAL_Driver\Src\stm32g0xx_hal_hcd.o
LOAD Thirdparty\STM32G0xx_HAL_Driver\Src\stm32g0xx_hal_i2c.o
LOAD Thirdparty\STM32G0xx_HAL_Driver\Src\stm32g0xx_hal_i2c_ex.o
LOAD Thirdparty\STM32G0xx_HAL_Driver\Src\stm32g0xx_hal_i2s.o
LOAD Thirdparty\STM32G0xx_HAL_Driver\Src\stm32g0xx_hal_irda.o
LOAD Thirdparty\STM32G0xx_HAL_Driver\Src\stm32g0xx_hal_iwdg.o
LOAD Thirdparty\STM32G0xx_HAL_Driver\Src\stm32g0xx_hal_lptim.o
LOAD Thirdparty\STM32G0xx_HAL_Driver\Src\stm32g0xx_hal_msp_template.o
LOAD Thirdparty\STM32G0xx_HAL_Driver\Src\stm32g0xx_hal_pcd.o
LOAD Thirdparty\STM32G0xx_HAL_Driver\Src\stm32g0xx_hal_pcd_ex.o
LOAD Thirdparty\STM32G0xx_HAL_Driver\Src\stm32g0xx_hal_pwr.o
LOAD Thirdparty\STM32G0xx_HAL_Driver\Src\stm32g0xx_hal_pwr_ex.o
LOAD Thirdparty\STM32G0xx_HAL_Driver\Src\stm32g0xx_hal_rcc.o
LOAD Thirdparty\STM32G0xx_HAL_Driver\Src\stm32g0xx_hal_rcc_ex.o
LOAD Thirdparty\STM32G0xx_HAL_Driver\Src\stm32g0xx_hal_rng.o
LOAD Thirdparty\STM32G0xx_HAL_Driver\Src\stm32g0xx_hal_rtc.o
LOAD Thirdparty\STM32G0xx_HAL_Driver\Src\stm32g0xx_hal_rtc_ex.o
LOAD Thirdparty\STM32G0xx_HAL_Driver\Src\stm32g0xx_hal_smartcard.o
LOAD Thirdparty\STM32G0xx_HAL_Driver\Src\stm32g0xx_hal_smartcard_ex.o
LOAD Thirdparty\STM32G0xx_HAL_Driver\Src\stm32g0xx_hal_smbus.o
LOAD Thirdparty\STM32G0xx_HAL_Driver\Src\stm32g0xx_hal_smbus_ex.o
LOAD Thirdparty\STM32G0xx_HAL_Driver\Src\stm32g0xx_hal_spi.o
LOAD Thirdparty\STM32G0xx_HAL_Driver\Src\stm32g0xx_hal_spi_ex.o
LOAD Thirdparty\STM32G0xx_HAL_Driver\Src\stm32g0xx_hal_tim.o
LOAD Thirdparty\STM32G0xx_HAL_Driver\Src\stm32g0xx_hal_tim_ex.o
LOAD Thirdparty\STM32G0xx_HAL_Driver\Src\stm32g0xx_hal_uart.o
LOAD Thirdparty\STM32G0xx_HAL_Driver\Src\stm32g0xx_hal_uart_ex.o
LOAD Thirdparty\STM32G0xx_HAL_Driver\Src\stm32g0xx_hal_usart.o
LOAD Thirdparty\STM32G0xx_HAL_Driver\Src\stm32g0xx_hal_usart_ex.o
LOAD Thirdparty\STM32G0xx_HAL_Driver\Src\stm32g0xx_hal_wwdg.o
LOAD Thirdparty\STM32G0xx_HAL_Driver\Src\stm32g0xx_ll_adc.o
LOAD Thirdparty\STM32G0xx_HAL_Driver\Src\stm32g0xx_ll_comp.o
LOAD Thirdparty\STM32G0xx_HAL_Driver\Src\stm32g0xx_ll_crc.o
LOAD Thirdparty\STM32G0xx_HAL_Driver\Src\stm32g0xx_ll_crs.o
LOAD Thirdparty\STM32G0xx_HAL_Driver\Src\stm32g0xx_ll_dac.o
LOAD Thirdparty\STM32G0xx_HAL_Driver\Src\stm32g0xx_ll_dma.o
LOAD Thirdparty\STM32G0xx_HAL_Driver\Src\stm32g0xx_ll_exti.o
LOAD Thirdparty\STM32G0xx_HAL_Driver\Src\stm32g0xx_ll_gpio.o
LOAD Thirdparty\STM32G0xx_HAL_Driver\Src\stm32g0xx_ll_i2c.o
LOAD Thirdparty\STM32G0xx_HAL_Driver\Src\stm32g0xx_ll_lptim.o
LOAD Thirdparty\STM32G0xx_HAL_Driver\Src\stm32g0xx_ll_lpuart.o
LOAD Thirdparty\STM32G0xx_HAL_Driver\Src\stm32g0xx_ll_pwr.o
LOAD Thirdparty\STM32G0xx_HAL_Driver\Src\stm32g0xx_ll_rcc.o
LOAD Thirdparty\STM32G0xx_HAL_Driver\Src\stm32g0xx_ll_rng.o
LOAD Thirdparty\STM32G0xx_HAL_Driver\Src\stm32g0xx_ll_rtc.o
LOAD Thirdparty\STM32G0xx_HAL_Driver\Src\stm32g0xx_ll_spi.o
LOAD Thirdparty\STM32G0xx_HAL_Driver\Src\stm32g0xx_ll_tim.o
LOAD Thirdparty\STM32G0xx_HAL_Driver\Src\stm32g0xx_ll_ucpd.o
LOAD Thirdparty\STM32G0xx_HAL_Driver\Src\stm32g0xx_ll_usart.o
LOAD Thirdparty\STM32G0xx_HAL_Driver\Src\stm32g0xx_ll_usb.o
LOAD Thirdparty\STM32G0xx_HAL_Driver\Src\stm32g0xx_ll_utils.o
LOAD User\main.o
START GROUP
LOAD c:/st/stm32cubeide_1.10.1/stm32cubeide/plugins/com.st.stm32cube.ide.mcu.externaltools.gnu-tools-for-stm32.10.3-2021.10.win32_1.0.0.202111181127/tools/bin/../lib/gcc/arm-none-eabi/10.3.1/../../../../arm-none-eabi/lib/thumb/v6-m/nofp\libc.a
LOAD c:/st/stm32cubeide_1.10.1/stm32cubeide/plugins/com.st.stm32cube.ide.mcu.externaltools.gnu-tools-for-stm32.10.3-2021.10.win32_1.0.0.202111181127/tools/bin/../lib/gcc/arm-none-eabi/10.3.1/../../../../arm-none-eabi/lib/thumb/v6-m/nofp\libm.a
END GROUP
START GROUP
LOAD c:/st/stm32cubeide_1.10.1/stm32cubeide/plugins/com.st.stm32cube.ide.mcu.externaltools.gnu-tools-for-stm32.10.3-2021.10.win32_1.0.0.202111181127/tools/bin/../lib/gcc/arm-none-eabi/10.3.1/thumb/v6-m/nofp\libgcc.a
LOAD c:/st/stm32cubeide_1.10.1/stm32cubeide/plugins/com.st.stm32cube.ide.mcu.externaltools.gnu-tools-for-stm32.10.3-2021.10.win32_1.0.0.202111181127/tools/bin/../lib/gcc/arm-none-eabi/10.3.1/../../../../arm-none-eabi/lib/thumb/v6-m/nofp\libc.a
END GROUP
START GROUP
LOAD c:/st/stm32cubeide_1.10.1/stm32cubeide/plugins/com.st.stm32cube.ide.mcu.externaltools.gnu-tools-for-stm32.10.3-2021.10.win32_1.0.0.202111181127/tools/bin/../lib/gcc/arm-none-eabi/10.3.1/thumb/v6-m/nofp\libgcc.a
LOAD c:/st/stm32cubeide_1.10.1/stm32cubeide/plugins/com.st.stm32cube.ide.mcu.externaltools.gnu-tools-for-stm32.10.3-2021.10.win32_1.0.0.202111181127/tools/bin/../lib/gcc/arm-none-eabi/10.3.1/../../../../arm-none-eabi/lib/thumb/v6-m/nofp\libc.a
LOAD c:/st/stm32cubeide_1.10.1/stm32cubeide/plugins/com.st.stm32cube.ide.mcu.externaltools.gnu-tools-for-stm32.10.3-2021.10.win32_1.0.0.202111181127/tools/bin/../lib/gcc/arm-none-eabi/10.3.1/../../../../arm-none-eabi/lib/thumb/v6-m/nofp\libnosys.a
END GROUP
LOAD c:/st/stm32cubeide_1.10.1/stm32cubeide/plugins/com.st.stm32cube.ide.mcu.externaltools.gnu-tools-for-stm32.10.3-2021.10.win32_1.0.0.202111181127/tools/bin/../lib/gcc/arm-none-eabi/10.3.1/thumb/v6-m/nofp/crtend.o
LOAD c:/st/stm32cubeide_1.10.1/stm32cubeide/plugins/com.st.stm32cube.ide.mcu.externaltools.gnu-tools-for-stm32.10.3-2021.10.win32_1.0.0.202111181127/tools/bin/../lib/gcc/arm-none-eabi/10.3.1/thumb/v6-m/nofp/crtn.o
                0x0000000020024000                _estack = (ORIGIN (RAM) + LENGTH (RAM))
                0x0000000000000200                _Min_Heap_Size = 0x200
                0x0000000000000400                _Min_Stack_Size = 0x400

.isr_vector     0x0000000008000000       0xbc
                0x0000000008000000                . = ALIGN (0x4)
 *(.isr_vector)
 .isr_vector    0x0000000008000000       0xbc H1BR6\startup_stm32g0b1ceuxn.o
                0x0000000008000000                g_pfnVectors
                0x00000000080000bc                . = ALIGN (0x4)

.text           0x00000000080000c0    0x2fe60
                0x00000000080000c0                . = ALIGN (0x4)
 *(.text)
 .text          0x00000000080000c0       0x48 c:/st/stm32cubeide_1.10.1/stm32cubeide/plugins/com.st.stm32cube.ide.mcu.externaltools.gnu-tools-for-stm32.10.3-2021.10.win32_1.0.0.202111181127/tools/bin/../lib/gcc/arm-none-eabi/10.3.1/thumb/v6-m/nofp/crtbegin.o
 .text          0x0000000008000108       0x14 c:/st/stm32cubeide_1.10.1/stm32cubeide/plugins/com.st.stm32cube.ide.mcu.externaltools.gnu-tools-for-stm32.10.3-2021.10.win32_1.0.0.202111181127/tools/bin/../lib/gcc/arm-none-eabi/10.3.1/../../../../arm-none-eabi/lib/thumb/v6-m/nofp\libc.a(lib_a-strcmp.o)
                0x0000000008000108                strcmp
 .text          0x000000000800011c        0xe c:/st/stm32cubeide_1.10.1/stm32cubeide/plugins/com.st.stm32cube.ide.mcu.externaltools.gnu-tools-for-stm32.10.3-2021.10.win32_1.0.0.202111181127/tools/bin/../lib/gcc/arm-none-eabi/10.3.1/../../../../arm-none-eabi/lib/thumb/v6-m/nofp\libc.a(lib_a-strlen.o)
                0x000000000800011c                strlen
 *fill*         0x000000000800012a        0x2 
 .text          0x000000000800012c       0x14 c:/st/stm32cubeide_1.10.1/stm32cubeide/plugins/com.st.stm32cube.ide.mcu.externaltools.gnu-tools-for-stm32.10.3-2021.10.win32_1.0.0.202111181127/tools/bin/../lib/gcc/arm-none-eabi/10.3.1/thumb/v6-m/nofp\libgcc.a(_thumb1_case_uqi.o)
                0x000000000800012c                __gnu_thumb1_case_uqi
 .text          0x0000000008000140       0x14 c:/st/stm32cubeide_1.10.1/stm32cubeide/plugins/com.st.stm32cube.ide.mcu.externaltools.gnu-tools-for-stm32.10.3-2021.10.win32_1.0.0.202111181127/tools/bin/../lib/gcc/arm-none-eabi/10.3.1/thumb/v6-m/nofp\libgcc.a(_thumb1_case_uhi.o)
                0x0000000008000140                __gnu_thumb1_case_uhi
 .text          0x0000000008000154      0x114 c:/st/stm32cubeide_1.10.1/stm32cubeide/plugins/com.st.stm32cube.ide.mcu.externaltools.gnu-tools-for-stm32.10.3-2021.10.win32_1.0.0.202111181127/tools/bin/../lib/gcc/arm-none-eabi/10.3.1/thumb/v6-m/nofp\libgcc.a(_udivsi3.o)
                0x0000000008000154                __aeabi_uidiv
                0x0000000008000154                __udivsi3
                0x0000000008000260                __aeabi_uidivmod
 .text          0x0000000008000268      0x1d4 c:/st/stm32cubeide_1.10.1/stm32cubeide/plugins/com.st.stm32cube.ide.mcu.externaltools.gnu-tools-for-stm32.10.3-2021.10.win32_1.0.0.202111181127/tools/bin/../lib/gcc/arm-none-eabi/10.3.1/thumb/v6-m/nofp\libgcc.a(_divsi3.o)
                0x0000000008000268                __divsi3
                0x0000000008000268                __aeabi_idiv
                0x0000000008000434                __aeabi_idivmod
 .text          0x000000000800043c        0x4 c:/st/stm32cubeide_1.10.1/stm32cubeide/plugins/com.st.stm32cube.ide.mcu.externaltools.gnu-tools-for-stm32.10.3-2021.10.win32_1.0.0.202111181127/tools/bin/../lib/gcc/arm-none-eabi/10.3.1/thumb/v6-m/nofp\libgcc.a(_dvmd_tls.o)
                0x000000000800043c                __aeabi_idiv0
                0x000000000800043c                __aeabi_ldiv0
 .text          0x0000000008000440       0x7c c:/st/stm32cubeide_1.10.1/stm32cubeide/plugins/com.st.stm32cube.ide.mcu.externaltools.gnu-tools-for-stm32.10.3-2021.10.win32_1.0.0.202111181127/tools/bin/../lib/gcc/arm-none-eabi/10.3.1/thumb/v6-m/nofp\libgcc.a(_arm_cmpdf2.o)
                0x0000000008000440                __aeabi_cdrcmple
                0x0000000008000450                __aeabi_cdcmple
                0x0000000008000450                __aeabi_cdcmpeq
                0x0000000008000460                __aeabi_dcmpeq
                0x000000000800046c                __aeabi_dcmplt
                0x0000000008000480                __aeabi_dcmple
                0x0000000008000494                __aeabi_dcmpgt
                0x00000000080004a8                __aeabi_dcmpge
 .text          0x00000000080004bc       0x74 c:/st/stm32cubeide_1.10.1/stm32cubeide/plugins/com.st.stm32cube.ide.mcu.externaltools.gnu-tools-for-stm32.10.3-2021.10.win32_1.0.0.202111181127/tools/bin/../lib/gcc/arm-none-eabi/10.3.1/thumb/v6-m/nofp\libgcc.a(_arm_cmpsf2.o)
                0x00000000080004bc                __aeabi_cfrcmple
                0x00000000080004c4                __aeabi_cfcmpeq
                0x00000000080004c4                __aeabi_cfcmple
                0x00000000080004d4                __aeabi_fcmpeq
                0x00000000080004e0                __aeabi_fcmplt
                0x00000000080004f4                __aeabi_fcmple
                0x0000000008000508                __aeabi_fcmpgt
                0x000000000800051c                __aeabi_fcmpge
 .text          0x0000000008000530       0x14 c:/st/stm32cubeide_1.10.1/stm32cubeide/plugins/com.st.stm32cube.ide.mcu.externaltools.gnu-tools-for-stm32.10.3-2021.10.win32_1.0.0.202111181127/tools/bin/../lib/gcc/arm-none-eabi/10.3.1/thumb/v6-m/nofp\libgcc.a(_aeabi_ulcmp.o)
                0x0000000008000530                __aeabi_ulcmp
 .text          0x0000000008000544       0x40 c:/st/stm32cubeide_1.10.1/stm32cubeide/plugins/com.st.stm32cube.ide.mcu.externaltools.gnu-tools-for-stm32.10.3-2021.10.win32_1.0.0.202111181127/tools/bin/../lib/gcc/arm-none-eabi/10.3.1/thumb/v6-m/nofp\libgcc.a(_aeabi_uldivmod.o)
                0x0000000008000544                __aeabi_uldivmod
 .text          0x0000000008000584       0x5c c:/st/stm32cubeide_1.10.1/stm32cubeide/plugins/com.st.stm32cube.ide.mcu.externaltools.gnu-tools-for-stm32.10.3-2021.10.win32_1.0.0.202111181127/tools/bin/../lib/gcc/arm-none-eabi/10.3.1/thumb/v6-m/nofp\libgcc.a(_muldi3.o)
                0x0000000008000584                __muldi3
                0x0000000008000584                __aeabi_lmul
 .text          0x00000000080005e0       0x30 c:/st/stm32cubeide_1.10.1/stm32cubeide/plugins/com.st.stm32cube.ide.mcu.externaltools.gnu-tools-for-stm32.10.3-2021.10.win32_1.0.0.202111181127/tools/bin/../lib/gcc/arm-none-eabi/10.3.1/thumb/v6-m/nofp\libgcc.a(_fixunssfsi.o)
                0x00000000080005e0                __fixunssfsi
                0x00000000080005e0                __aeabi_f2uiz
 .text          0x0000000008000610       0x3c c:/st/stm32cubeide_1.10.1/stm32cubeide/plugins/com.st.stm32cube.ide.mcu.externaltools.gnu-tools-for-stm32.10.3-2021.10.win32_1.0.0.202111181127/tools/bin/../lib/gcc/arm-none-eabi/10.3.1/thumb/v6-m/nofp\libgcc.a(_fixunsdfsi.o)
                0x0000000008000610                __aeabi_d2uiz
                0x0000000008000610                __fixunsdfsi
 .text          0x000000000800064c       0x3c c:/st/stm32cubeide_1.10.1/stm32cubeide/plugins/com.st.stm32cube.ide.mcu.externaltools.gnu-tools-for-stm32.10.3-2021.10.win32_1.0.0.202111181127/tools/bin/../lib/gcc/arm-none-eabi/10.3.1/thumb/v6-m/nofp\libgcc.a(_fixdfdi.o)
                0x000000000800064c                __fixdfdi
                0x000000000800064c                __aeabi_d2lz
 .text          0x0000000008000688       0x3c c:/st/stm32cubeide_1.10.1/stm32cubeide/plugins/com.st.stm32cube.ide.mcu.externaltools.gnu-tools-for-stm32.10.3-2021.10.win32_1.0.0.202111181127/tools/bin/../lib/gcc/arm-none-eabi/10.3.1/thumb/v6-m/nofp\libgcc.a(_fixunsdfdi.o)
                0x0000000008000688                __fixunsdfdi
                0x0000000008000688                __aeabi_d2ulz
 .text          0x00000000080006c4       0x2c c:/st/stm32cubeide_1.10.1/stm32cubeide/plugins/com.st.stm32cube.ide.mcu.externaltools.gnu-tools-for-stm32.10.3-2021.10.win32_1.0.0.202111181127/tools/bin/../lib/gcc/arm-none-eabi/10.3.1/thumb/v6-m/nofp\libgcc.a(_floatdidf.o)
                0x00000000080006c4                __aeabi_l2d
                0x00000000080006c4                __floatdidf
 .text          0x00000000080006f0      0x198 c:/st/stm32cubeide_1.10.1/stm32cubeide/plugins/com.st.stm32cube.ide.mcu.externaltools.gnu-tools-for-stm32.10.3-2021.10.win32_1.0.0.202111181127/tools/bin/../lib/gcc/arm-none-eabi/10.3.1/thumb/v6-m/nofp\libgcc.a(_udivmoddi4.o)
                0x00000000080006f0                __udivmoddi4
 .text          0x0000000008000888      0x230 c:/st/stm32cubeide_1.10.1/stm32cubeide/plugins/com.st.stm32cube.ide.mcu.externaltools.gnu-tools-for-stm32.10.3-2021.10.win32_1.0.0.202111181127/tools/bin/../lib/gcc/arm-none-eabi/10.3.1/thumb/v6-m/nofp\libgcc.a(divsf3.o)
                0x0000000008000888                __aeabi_fdiv
 .text          0x0000000008000ab8       0x4c c:/st/stm32cubeide_1.10.1/stm32cubeide/plugins/com.st.stm32cube.ide.mcu.externaltools.gnu-tools-for-stm32.10.3-2021.10.win32_1.0.0.202111181127/tools/bin/../lib/gcc/arm-none-eabi/10.3.1/thumb/v6-m/nofp\libgcc.a(eqsf2.o)
                0x0000000008000ab8                __eqsf2
                0x0000000008000ab8                __nesf2
 .text          0x0000000008000b04       0x8c c:/st/stm32cubeide_1.10.1/stm32cubeide/plugins/com.st.stm32cube.ide.mcu.externaltools.gnu-tools-for-stm32.10.3-2021.10.win32_1.0.0.202111181127/tools/bin/../lib/gcc/arm-none-eabi/10.3.1/thumb/v6-m/nofp\libgcc.a(gesf2.o)
                0x0000000008000b04                __gesf2
                0x0000000008000b04                __gtsf2
 .text          0x0000000008000b90       0x88 c:/st/stm32cubeide_1.10.1/stm32cubeide/plugins/com.st.stm32cube.ide.mcu.externaltools.gnu-tools-for-stm32.10.3-2021.10.win32_1.0.0.202111181127/tools/bin/../lib/gcc/arm-none-eabi/10.3.1/thumb/v6-m/nofp\libgcc.a(lesf2.o)
                0x0000000008000b90                __ltsf2
                0x0000000008000b90                __lesf2
 .text          0x0000000008000c18      0x24c c:/st/stm32cubeide_1.10.1/stm32cubeide/plugins/com.st.stm32cube.ide.mcu.externaltools.gnu-tools-for-stm32.10.3-2021.10.win32_1.0.0.202111181127/tools/bin/../lib/gcc/arm-none-eabi/10.3.1/thumb/v6-m/nofp\libgcc.a(mulsf3.o)
                0x0000000008000c18                __aeabi_fmul
 .text          0x0000000008000e64      0x35c c:/st/stm32cubeide_1.10.1/stm32cubeide/plugins/com.st.stm32cube.ide.mcu.externaltools.gnu-tools-for-stm32.10.3-2021.10.win32_1.0.0.202111181127/tools/bin/../lib/gcc/arm-none-eabi/10.3.1/thumb/v6-m/nofp\libgcc.a(subsf3.o)
                0x0000000008000e64                __aeabi_fsub
 .text          0x00000000080011c0       0x40 c:/st/stm32cubeide_1.10.1/stm32cubeide/plugins/com.st.stm32cube.ide.mcu.externaltools.gnu-tools-for-stm32.10.3-2021.10.win32_1.0.0.202111181127/tools/bin/../lib/gcc/arm-none-eabi/10.3.1/thumb/v6-m/nofp\libgcc.a(fixsfsi.o)
                0x00000000080011c0                __aeabi_f2iz
 .text          0x0000000008001200       0x84 c:/st/stm32cubeide_1.10.1/stm32cubeide/plugins/com.st.stm32cube.ide.mcu.externaltools.gnu-tools-for-stm32.10.3-2021.10.win32_1.0.0.202111181127/tools/bin/../lib/gcc/arm-none-eabi/10.3.1/thumb/v6-m/nofp\libgcc.a(floatunsisf.o)
                0x0000000008001200                __aeabi_ui2f
 .text          0x0000000008001284      0x678 c:/st/stm32cubeide_1.10.1/stm32cubeide/plugins/com.st.stm32cube.ide.mcu.externaltools.gnu-tools-for-stm32.10.3-2021.10.win32_1.0.0.202111181127/tools/bin/../lib/gcc/arm-none-eabi/10.3.1/thumb/v6-m/nofp\libgcc.a(adddf3.o)
                0x0000000008001284                __aeabi_dadd
 .text          0x00000000080018fc      0x5ec c:/st/stm32cubeide_1.10.1/stm32cubeide/plugins/com.st.stm32cube.ide.mcu.externaltools.gnu-tools-for-stm32.10.3-2021.10.win32_1.0.0.202111181127/tools/bin/../lib/gcc/arm-none-eabi/10.3.1/thumb/v6-m/nofp\libgcc.a(divdf3.o)
                0x00000000080018fc                __aeabi_ddiv
 .text          0x0000000008001ee8       0x84 c:/st/stm32cubeide_1.10.1/stm32cubeide/plugins/com.st.stm32cube.ide.mcu.externaltools.gnu-tools-for-stm32.10.3-2021.10.win32_1.0.0.202111181127/tools/bin/../lib/gcc/arm-none-eabi/10.3.1/thumb/v6-m/nofp\libgcc.a(eqdf2.o)
                0x0000000008001ee8                __nedf2
                0x0000000008001ee8                __eqdf2
 .text          0x0000000008001f6c       0xcc c:/st/stm32cubeide_1.10.1/stm32cubeide/plugins/com.st.stm32cube.ide.mcu.externaltools.gnu-tools-for-stm32.10.3-2021.10.win32_1.0.0.202111181127/tools/bin/../lib/gcc/arm-none-eabi/10.3.1/thumb/v6-m/nofp\libgcc.a(gedf2.o)
                0x0000000008001f6c                __gedf2
                0x0000000008001f6c                __gtdf2
 .text          0x0000000008002038       0xc8 c:/st/stm32cubeide_1.10.1/stm32cubeide/plugins/com.st.stm32cube.ide.mcu.externaltools.gnu-tools-for-stm32.10.3-2021.10.win32_1.0.0.202111181127/tools/bin/../lib/gcc/arm-none-eabi/10.3.1/thumb/v6-m/nofp\libgcc.a(ledf2.o)
                0x0000000008002038                __ledf2
                0x0000000008002038                __ltdf2
 .text          0x0000000008002100      0x4d8 c:/st/stm32cubeide_1.10.1/stm32cubeide/plugins/com.st.stm32cube.ide.mcu.externaltools.gnu-tools-for-stm32.10.3-2021.10.win32_1.0.0.202111181127/tools/bin/../lib/gcc/arm-none-eabi/10.3.1/thumb/v6-m/nofp\libgcc.a(muldf3.o)
                0x0000000008002100                __aeabi_dmul
 .text          0x00000000080025d8      0x724 c:/st/stm32cubeide_1.10.1/stm32cubeide/plugins/com.st.stm32cube.ide.mcu.externaltools.gnu-tools-for-stm32.10.3-2021.10.win32_1.0.0.202111181127/tools/bin/../lib/gcc/arm-none-eabi/10.3.1/thumb/v6-m/nofp\libgcc.a(subdf3.o)
                0x00000000080025d8                __aeabi_dsub
 .text          0x0000000008002cfc       0x3c c:/st/stm32cubeide_1.10.1/stm32cubeide/plugins/com.st.stm32cube.ide.mcu.externaltools.gnu-tools-for-stm32.10.3-2021.10.win32_1.0.0.202111181127/tools/bin/../lib/gcc/arm-none-eabi/10.3.1/thumb/v6-m/nofp\libgcc.a(unorddf2.o)
                0x0000000008002cfc                __aeabi_dcmpun
 .text          0x0000000008002d38       0x6c c:/st/stm32cubeide_1.10.1/stm32cubeide/plugins/com.st.stm32cube.ide.mcu.externaltools.gnu-tools-for-stm32.10.3-2021.10.win32_1.0.0.202111181127/tools/bin/../lib/gcc/arm-none-eabi/10.3.1/thumb/v6-m/nofp\libgcc.a(fixdfsi.o)
                0x0000000008002d38                __aeabi_d2iz
 .text          0x0000000008002da4       0x60 c:/st/stm32cubeide_1.10.1/stm32cubeide/plugins/com.st.stm32cube.ide.mcu.externaltools.gnu-tools-for-stm32.10.3-2021.10.win32_1.0.0.202111181127/tools/bin/../lib/gcc/arm-none-eabi/10.3.1/thumb/v6-m/nofp\libgcc.a(floatsidf.o)
                0x0000000008002da4                __aeabi_i2d
 .text          0x0000000008002e04       0x4c c:/st/stm32cubeide_1.10.1/stm32cubeide/plugins/com.st.stm32cube.ide.mcu.externaltools.gnu-tools-for-stm32.10.3-2021.10.win32_1.0.0.202111181127/tools/bin/../lib/gcc/arm-none-eabi/10.3.1/thumb/v6-m/nofp\libgcc.a(floatunsidf.o)
                0x0000000008002e04                __aeabi_ui2d
 .text          0x0000000008002e50       0x90 c:/st/stm32cubeide_1.10.1/stm32cubeide/plugins/com.st.stm32cube.ide.mcu.externaltools.gnu-tools-for-stm32.10.3-2021.10.win32_1.0.0.202111181127/tools/bin/../lib/gcc/arm-none-eabi/10.3.1/thumb/v6-m/nofp\libgcc.a(extendsfdf2.o)
                0x0000000008002e50                __aeabi_f2d
 .text          0x0000000008002ee0      0x110 c:/st/stm32cubeide_1.10.1/stm32cubeide/plugins/com.st.stm32cube.ide.mcu.externaltools.gnu-tools-for-stm32.10.3-2021.10.win32_1.0.0.202111181127/tools/bin/../lib/gcc/arm-none-eabi/10.3.1/thumb/v6-m/nofp\libgcc.a(truncdfsf2.o)
                0x0000000008002ee0                __aeabi_d2f
 .text          0x0000000008002ff0       0x3c c:/st/stm32cubeide_1.10.1/stm32cubeide/plugins/com.st.stm32cube.ide.mcu.externaltools.gnu-tools-for-stm32.10.3-2021.10.win32_1.0.0.202111181127/tools/bin/../lib/gcc/arm-none-eabi/10.3.1/thumb/v6-m/nofp\libgcc.a(_clzsi2.o)
                0x0000000008002ff0                __clzsi2
 .text          0x000000000800302c       0x18 c:/st/stm32cubeide_1.10.1/stm32cubeide/plugins/com.st.stm32cube.ide.mcu.externaltools.gnu-tools-for-stm32.10.3-2021.10.win32_1.0.0.202111181127/tools/bin/../lib/gcc/arm-none-eabi/10.3.1/thumb/v6-m/nofp\libgcc.a(_clzdi2.o)
                0x000000000800302c                __clzdi2
 *(.text*)
 .text.__NVIC_SystemReset
                0x0000000008003044       0x24 BOS\BOS.o
 .text.Processor_type
                0x0000000008003068       0x92 BOS\BOS.o
                0x0000000008003068                Processor_type
 *fill*         0x00000000080030fa        0x2 
 .text.Get_Module_Name
                0x00000000080030fc       0x2c BOS\BOS.o
                0x00000000080030fc                Get_Module_Name
 .text.Send_BOS_Message
                0x0000000008003128       0xfc BOS\BOS.o
                0x0000000008003128                Send_BOS_Message
 .text.LoadEEvars
                0x0000000008003224       0x26 BOS\BOS.o
                0x0000000008003224                LoadEEvars
 *fill*         0x000000000800324a        0x2 
 .text.LoadEEportsDir
                0x000000000800324c       0x68 BOS\BOS.o
                0x000000000800324c                LoadEEportsDir
 .text.LoadEEalias
                0x00000000080032b4       0xd8 BOS\BOS.o
                0x00000000080032b4                LoadEEalias
 .text.LoadEEgroup
                0x000000000800338c      0x120 BOS\BOS.o
                0x000000000800338c                LoadEEgroup
 .text.LoadEEstreams
                0x00000000080034ac      0x21c BOS\BOS.o
                0x00000000080034ac                LoadEEstreams
 .text.LoadEEparams
                0x00000000080036c8      0x260 BOS\BOS.o
                0x00000000080036c8                LoadEEparams
 .text.LoadEEbuttons
                0x0000000008003928      0x2ec BOS\BOS.o
                0x0000000008003928                LoadEEbuttons
 .text.LoadROsnippets
                0x0000000008003c14      0x1d8 BOS\BOS.o
                0x0000000008003c14                LoadROsnippets
 .text.SaveEEportsDir
                0x0000000008003dec       0x78 BOS\BOS.o
                0x0000000008003dec                SaveEEportsDir
 .text.SaveEEalias
                0x0000000008003e64       0xd4 BOS\BOS.o
                0x0000000008003e64                SaveEEalias
 .text.SaveEEstreams
                0x0000000008003f38       0xdc BOS\BOS.o
                0x0000000008003f38                SaveEEstreams
 .text.SaveEEparams
                0x0000000008004014       0xf8 BOS\BOS.o
                0x0000000008004014                SaveEEparams
 .text.ClearEEportsDir
                0x000000000800410c       0x84 BOS\BOS.o
                0x000000000800410c                ClearEEportsDir
 .text.EE_FormatForFactoryReset
                0x0000000008004190       0x2c BOS\BOS.o
                0x0000000008004190                EE_FormatForFactoryReset
 .text.IsLowerCLIbaud
                0x00000000080041bc       0xe8 BOS\BOS.o
                0x00000000080041bc                IsLowerCLIbaud
 .text.IsModuleParameter
                0x00000000080042a4       0x64 BOS\BOS.o
                0x00000000080042a4                IsModuleParameter
 .text.IsMathOperator
                0x0000000008004308       0xc4 BOS\BOS.o
                0x0000000008004308                IsMathOperator
 .text.BOS_Init
                0x00000000080043cc      0x190 BOS\BOS.o
                0x00000000080043cc                BOS_Init
 .text.Module_Init
                0x000000000800455c       0x1e BOS\BOS.o
                0x000000000800455c                Module_Init
 *fill*         0x000000000800457a        0x2 
 .text.FindBroadcastRoutes
                0x000000000800457c      0x39c BOS\BOS.o
                0x000000000800457c                FindBroadcastRoutes
 .text.FindRoute
                0x0000000008004918      0x2b4 BOS\BOS.o
                0x0000000008004918                FindRoute
 .text.minArr   0x0000000008004bcc       0x88 BOS\BOS.o
                0x0000000008004bcc                minArr
 .text.QnotEmpty
                0x0000000008004c54       0x50 BOS\BOS.o
                0x0000000008004c54                QnotEmpty
 .text.DisplayTopology
                0x0000000008004ca4      0x250 BOS\BOS.o
                0x0000000008004ca4                DisplayTopology
 .text.DisplayPortsDir
                0x0000000008004ef4      0x118 BOS\BOS.o
                0x0000000008004ef4                DisplayPortsDir
 .text.DisplayModuleStatus
                0x000000000800500c      0x3c0 BOS\BOS.o
                0x000000000800500c                DisplayModuleStatus
 .text.GetID    0x00000000080053cc      0x15c BOS\BOS.o
                0x00000000080053cc                GetID
 .text.NameModule
                0x0000000008005528      0x140 BOS\BOS.o
                0x0000000008005528                NameModule
 .text.AddModuleToGroup
                0x0000000008005668      0x1b8 BOS\BOS.o
                0x0000000008005668                AddModuleToGroup
 .text.WriteToRemote
                0x0000000008005820      0x460 BOS\BOS.o
                0x0000000008005820                WriteToRemote
 .text.GetDateString
                0x0000000008005c80       0x5c BOS\BOS.o
                0x0000000008005c80                GetDateString
 .text.GetTimeString
                0x0000000008005cdc       0x4c BOS\BOS.o
                0x0000000008005cdc                GetTimeString
 .text.Bridge   0x0000000008005d28       0x4c BOS\BOS.o
                0x0000000008005d28                Bridge
 .text.Unbridge
                0x0000000008005d74       0xcc BOS\BOS.o
                0x0000000008005d74                Unbridge
 .text.prvCLITask
                0x0000000008005e40      0x244 BOS\BOS_CLI.o
                0x0000000008005e40                prvCLITask
 .text.CLI_CommandParser
                0x0000000008006084      0x574 BOS\BOS_CLI.o
                0x0000000008006084                CLI_CommandParser
 .text.StringToLowerCase
                0x00000000080065f8       0x6c BOS\BOS_CLI.o
                0x00000000080065f8                StringToLowerCase
 .text.AddSnippet
                0x0000000008006664      0x1b4 BOS\BOS_CLI.o
                0x0000000008006664                AddSnippet
 .text.ParseSnippetCondition
                0x0000000008006818      0x7f8 BOS\BOS_CLI.o
                0x0000000008006818                ParseSnippetCondition
 .text.ParseSnippetCommand
                0x0000000008007010       0xc8 BOS\BOS_CLI.o
                0x0000000008007010                ParseSnippetCommand
 .text.CheckSnippetCondition
                0x00000000080070d8      0x1b4 BOS\BOS_CLI.o
                0x00000000080070d8                CheckSnippetCondition
 .text.ExecuteSnippet
                0x000000000800728c       0xd0 BOS\BOS_CLI.o
                0x000000000800728c                ExecuteSnippet
 .text.__NVIC_SystemReset
                0x000000000800735c       0x24 BOS\BOS_CLIcommands.o
 .text.RegisterUserCLICommands
                0x0000000008007380        0xa BOS\BOS_CLIcommands.o
                0x0000000008007380                RegisterUserCLICommands
 *fill*         0x000000000800738a        0x2 
 .text.vRegisterCLICommands
                0x000000000800738c      0x19c BOS\BOS_CLIcommands.o
                0x000000000800738c                vRegisterCLICommands
 .text.prvTaskStatsCommand
                0x0000000008007528       0x40 BOS\BOS_CLIcommands.o
 .text.prvRunTimeStatsCommand
                0x0000000008007568       0x40 BOS\BOS_CLIcommands.o
 .text.pingCommand
                0x00000000080075a8       0x9c BOS\BOS_CLIcommands.o
 .text.bootloaderUpdateCommand
                0x0000000008007644      0x1fc BOS\BOS_CLIcommands.o
 .text.resetCommand
                0x0000000008007840       0x10 BOS\BOS_CLIcommands.o
 .text.nameCommand
                0x0000000008007850       0xe8 BOS\BOS_CLIcommands.o
 .text.groupCommand
                0x0000000008007938      0x2fc BOS\BOS_CLIcommands.o
 .text.statusCommand
                0x0000000008007c34       0x1c BOS\BOS_CLIcommands.o
 .text.infoCommand
                0x0000000008007c50       0xfc BOS\BOS_CLIcommands.o
 .text.scastCommand
                0x0000000008007d4c      0x2dc BOS\BOS_CLIcommands.o
 .text.addbuttonCommand
                0x0000000008008028      0x150 BOS\BOS_CLIcommands.o
 .text.removebuttonCommand
                0x0000000008008178       0x94 BOS\BOS_CLIcommands.o
 .text.setCommand
                0x000000000800820c      0xbf8 BOS\BOS_CLIcommands.o
 .text.getCommand
                0x0000000008008e04      0x3b4 BOS\BOS_CLIcommands.o
 .text.defaultCommand
                0x00000000080091b8       0xf4 BOS\BOS_CLIcommands.o
 .text.timeCommand
                0x00000000080092ac       0xd8 BOS\BOS_CLIcommands.o
 .text.dateCommand
                0x0000000008009384       0x34 BOS\BOS_CLIcommands.o
 .text.setBaudrateCommand
                0x00000000080093b8       0xc0 BOS\BOS_CLIcommands.o
 .text.uuidCommand
                0x0000000008009478       0x70 BOS\BOS_CLIcommands.o
 .text.idcodeCommand
                0x00000000080094e8       0xe0 BOS\BOS_CLIcommands.o
 .text.flashsizeCommand
                0x00000000080095c8       0x34 BOS\BOS_CLIcommands.o
 .text.snipCommand
                0x00000000080095fc      0x3ac BOS\BOS_CLIcommands.o
 .text.actSnipCommand
                0x00000000080099a8       0xb8 BOS\BOS_CLIcommands.o
 .text.pauseSnipCommand
                0x0000000008009a60       0xb8 BOS\BOS_CLIcommands.o
 .text.delSnipCommand
                0x0000000008009b18      0x1d4 BOS\BOS_CLIcommands.o
 .text.bridgeCommand
                0x0000000008009cec      0x11c BOS\BOS_CLIcommands.o
 .text.unbridgeCommand
                0x0000000008009e08      0x11c BOS\BOS_CLIcommands.o
 .text.testportCommand
                0x0000000008009f24      0x2e8 BOS\BOS_CLIcommands.o
 .text.ADCReadCommand
                0x000000000800a20c      0x134 BOS\BOS_CLIcommands.o
 .text.ReadTempCommand
                0x000000000800a340       0x54 BOS\BOS_CLIcommands.o
 .text.ReadVrefCommand
                0x000000000800a394       0x54 BOS\BOS_CLIcommands.o
 .text.GetReadPrecentageCommand
                0x000000000800a3e8       0x98 BOS\BOS_CLIcommands.o
 .text.StartDMAstream
                0x000000000800a480       0xb0 BOS\BOS_dma.o
                0x000000000800a480                StartDMAstream
 .text.ResetUartORE
                0x000000000800a530       0x48 BOS\BOS_dma.o
                0x000000000800a530                ResetUartORE
 .text.MX_FREERTOS_Init
                0x000000000800a578      0x214 BOS\BOS_freertos.o
                0x000000000800a578                MX_FREERTOS_Init
 .text.StartDefaultTask
                0x000000000800a78c       0xd4 BOS\BOS_freertos.o
                0x000000000800a78c                StartDefaultTask
 .text.ExecuteMonitor
                0x000000000800a860      0x4c8 BOS\BOS_freertos.o
                0x000000000800a860                ExecuteMonitor
 .text.vMainConfigureTimerForRunTimeStats
                0x000000000800ad28       0x2c BOS\BOS_freertos.o
                0x000000000800ad28                vMainConfigureTimerForRunTimeStats
 .text.ulMainGetRunTimeCounterValue
                0x000000000800ad54       0x90 BOS\BOS_freertos.o
                0x000000000800ad54                ulMainGetRunTimeCounterValue
 .text.SetupDMAStreams
                0x000000000800ade4      0x27c BOS\BOS_messaging.o
                0x000000000800ade4                SetupDMAStreams
 .text.StreamTimerCallback
                0x000000000800b060       0x34 BOS\BOS_messaging.o
                0x000000000800b060                StreamTimerCallback
 .text.ForwardReceivedMessage
                0x000000000800b094       0x78 BOS\BOS_messaging.o
                0x000000000800b094                ForwardReceivedMessage
 .text.BroadcastReceivedMessage
                0x000000000800b10c       0x70 BOS\BOS_messaging.o
                0x000000000800b10c                BroadcastReceivedMessage
 .text.NotifyMessagingTask
                0x000000000800b17c       0x90 BOS\BOS_messaging.o
                0x000000000800b17c                NotifyMessagingTask
 .text.BroadcastMessage
                0x000000000800b20c       0x94 BOS\BOS_messaging.o
                0x000000000800b20c                BroadcastMessage
 .text.SendMessageToModule
                0x000000000800b2a0       0xa0 BOS\BOS_messaging.o
                0x000000000800b2a0                SendMessageToModule
 .text.SendMessageFromPort
                0x000000000800b340      0x6b4 BOS\BOS_messaging.o
                0x000000000800b340                SendMessageFromPort
 .text.StartScastDMAStream
                0x000000000800b9f4      0x30c BOS\BOS_messaging.o
                0x000000000800b9f4                StartScastDMAStream
 .text.__NVIC_SystemReset
                0x000000000800bd00       0x24 BOS\BOS_msgparser.o
 .text.BackEndTask
                0x000000000800bd24      0x858 BOS\BOS_msgparser.o
                0x000000000800bd24                BackEndTask
 .text.PxMessagingTask
                0x000000000800c57c     0x48e8 BOS\BOS_msgparser.o
                0x000000000800c57c                PxMessagingTask
 .text.User_MessagingParser
                0x0000000008010e64       0x3a BOS\BOS_msgparser.o
                0x0000000008010e64                User_MessagingParser
 *fill*         0x0000000008010e9e        0x2 
 .text.SystemClock_Config
                0x0000000008010ea0       0xec H1BR6\H1BR6.o
                0x0000000008010ea0                SystemClock_Config
 .text.SaveToRO
                0x0000000008010f8c      0x414 H1BR6\H1BR6.o
                0x0000000008010f8c                SaveToRO
 .text.remoteBootloaderUpdate
                0x00000000080113a0      0x178 H1BR6\H1BR6.o
                0x00000000080113a0                remoteBootloaderUpdate
 .text.SetupPortForRemoteBootloaderUpdate
                0x0000000008011518       0x52 H1BR6\H1BR6.o
                0x0000000008011518                SetupPortForRemoteBootloaderUpdate
 *fill*         0x000000000801156a        0x2 
 .text.Module_Peripheral_Init
                0x000000000801156c      0x160 H1BR6\H1BR6.o
                0x000000000801156c                Module_Peripheral_Init
 .text.Module_MessagingTask
                0x00000000080116cc      0x194 H1BR6\H1BR6.o
                0x00000000080116cc                Module_MessagingTask
 .text.RegisterModuleCLICommands
                0x0000000008011860       0x6c H1BR6\H1BR6.o
                0x0000000008011860                RegisterModuleCLICommands
 .text.GetPort  0x00000000080118cc       0x80 H1BR6\H1BR6.o
                0x00000000080118cc                GetPort
 .text.MicroSD_Init
                0x000000000801194c       0x88 H1BR6\H1BR6.o
                0x000000000801194c                MicroSD_Init
 .text.LogTask  0x00000000080119d4      0x95c H1BR6\H1BR6.o
                0x00000000080119d4                LogTask
 .text.CheckLogVarEvent
                0x0000000008012330      0x32c H1BR6\H1BR6.o
                0x0000000008012330                CheckLogVarEvent
 .text.OpenThisLog
                0x000000000801265c       0xc0 H1BR6\H1BR6.o
                0x000000000801265c                OpenThisLog
 .text.ScanWaveFile
                0x000000000801271c       0x18 H1BR6\H1BR6.o
                0x000000000801271c                ScanWaveFile
 .text.CreateLog
                0x0000000008012734      0x6b8 H1BR6\H1BR6.o
                0x0000000008012734                CreateLog
 .text.LogVar   0x0000000008012dec      0x264 H1BR6\H1BR6.o
                0x0000000008012dec                LogVar
 .text.StartLog
                0x0000000008013050      0x130 H1BR6\H1BR6.o
                0x0000000008013050                StartLog
 .text.StopLog  0x0000000008013180      0x108 H1BR6\H1BR6.o
                0x0000000008013180                StopLog
 .text.PauseLog
                0x0000000008013288       0xf4 H1BR6\H1BR6.o
                0x0000000008013288                PauseLog
 .text.ResumeLog
                0x000000000801337c       0xd8 H1BR6\H1BR6.o
                0x000000000801337c                ResumeLog
 .text.DeleteLog
                0x0000000008013454      0x100 H1BR6\H1BR6.o
                0x0000000008013454                DeleteLog
 .text.StreamWaveToModule
                0x0000000008013554       0x18 H1BR6\H1BR6.o
                0x0000000008013554                StreamWaveToModule
 .text.demoCommand
                0x000000000801356c      0x188 H1BR6\H1BR6.o
                0x000000000801356c                demoCommand
 .text.addLogCommand
                0x00000000080136f4      0x394 H1BR6\H1BR6.o
                0x00000000080136f4                addLogCommand
 .text.deleteLogCommand
                0x0000000008013a88      0x140 H1BR6\H1BR6.o
                0x0000000008013a88                deleteLogCommand
 .text.logVarCommand
                0x0000000008013bc8      0x3d8 H1BR6\H1BR6.o
                0x0000000008013bc8                logVarCommand
 .text.startCommand
                0x0000000008013fa0       0x84 H1BR6\H1BR6.o
                0x0000000008013fa0                startCommand
 .text.stopCommand
                0x0000000008014024       0xa4 H1BR6\H1BR6.o
                0x0000000008014024                stopCommand
 .text.pauseCommand
                0x00000000080140c8       0xa4 H1BR6\H1BR6.o
                0x00000000080140c8                pauseCommand
 .text.resumeCommand
                0x000000000801416c       0x84 H1BR6\H1BR6.o
                0x000000000801416c                resumeCommand
 .text.LL_DMAMUX_SetRequestID
                0x00000000080141f0       0x3c H1BR6\H1BR6_dma.o
 .text.DMA_Init
                0x000000000801422c       0xa8 H1BR6\H1BR6_dma.o
                0x000000000801422c                DMA_Init
 .text.DMA_MSG_RX_CH_Init
                0x00000000080142d4       0x4c H1BR6\H1BR6_dma.o
                0x00000000080142d4                DMA_MSG_RX_CH_Init
 .text.DMA_STREAM_CH_Init
                0x0000000008014320       0x4c H1BR6\H1BR6_dma.o
                0x0000000008014320                DMA_STREAM_CH_Init
 .text.SetupMessagingRxDMAs
                0x000000000801436c       0x9c H1BR6\H1BR6_dma.o
                0x000000000801436c                SetupMessagingRxDMAs
 .text.DMA_MSG_RX_Setup
                0x0000000008014408       0x38 H1BR6\H1BR6_dma.o
                0x0000000008014408                DMA_MSG_RX_Setup
 .text.DMA_MSG_TX_UnSetup
                0x0000000008014440       0x28 H1BR6\H1BR6_dma.o
                0x0000000008014440                DMA_MSG_TX_UnSetup
 .text.DMA_STREAM_Setup
                0x0000000008014468       0x68 H1BR6\H1BR6_dma.o
                0x0000000008014468                DMA_STREAM_Setup
 .text.StopStreamDMA
                0x00000000080144d0       0x70 H1BR6\H1BR6_dma.o
                0x00000000080144d0                StopStreamDMA
 .text.StopMsgDMA
                0x0000000008014540       0x4c H1BR6\H1BR6_dma.o
                0x0000000008014540                StopMsgDMA
 .text.SwitchMsgDMAToStream
                0x000000000801458c       0x50 H1BR6\H1BR6_dma.o
                0x000000000801458c                SwitchMsgDMAToStream
 .text.SwitchStreamDMAToMsg
                0x00000000080145dc       0xd8 H1BR6\H1BR6_dma.o
                0x00000000080145dc                SwitchStreamDMAToMsg
 .text.UnSetupDMAInterrupts
                0x00000000080146b4       0xe4 H1BR6\H1BR6_dma.o
                0x00000000080146b4                UnSetupDMAInterrupts
 .text.RemapAndLinkDMAtoUARTRx
                0x0000000008014798      0x134 H1BR6\H1BR6_dma.o
                0x0000000008014798                RemapAndLinkDMAtoUARTRx
 .text.CRC_Init
                0x00000000080148cc       0x44 H1BR6\H1BR6_dma.o
                0x00000000080148cc                CRC_Init
 .text.HAL_CRC_MspInit
                0x0000000008014910       0x30 H1BR6\H1BR6_dma.o
                0x0000000008014910                HAL_CRC_MspInit
 .text.CalculateCRC8
                0x0000000008014940      0x154 H1BR6\H1BR6_dma.o
                0x0000000008014940                CalculateCRC8
 .text.EE_Init  0x0000000008014a94      0x684 H1BR6\H1BR6_eeprom.o
                0x0000000008014a94                EE_Init
 .text.EE_ReadVariable
                0x0000000008015118       0xc0 H1BR6\H1BR6_eeprom.o
                0x0000000008015118                EE_ReadVariable
 .text.EE_WriteVariable
                0x00000000080151d8       0x64 H1BR6\H1BR6_eeprom.o
                0x00000000080151d8                EE_WriteVariable
 .text.EE_Format
                0x000000000801523c      0x14c H1BR6\H1BR6_eeprom.o
                0x000000000801523c                EE_Format
 .text.EE_FindValidPage
                0x0000000008015388       0x90 H1BR6\H1BR6_eeprom.o
 .text.EE_VerifyPageFullWriteVariable
                0x0000000008015418      0x160 H1BR6\H1BR6_eeprom.o
 .text.EE_PageTransfer
                0x0000000008015578      0x228 H1BR6\H1BR6_eeprom.o
 .text.EraseSector
                0x00000000080157a0       0x60 H1BR6\H1BR6_eeprom.o
                0x00000000080157a0                EraseSector
 .text.GPIO_Init
                0x0000000008015800       0x90 H1BR6\H1BR6_gpio.o
                0x0000000008015800                GPIO_Init
 .text.IND_LED_Init
                0x0000000008015890       0x38 H1BR6\H1BR6_gpio.o
                0x0000000008015890                IND_LED_Init
 .text.IsFactoryReset
                0x00000000080158c8      0x15c H1BR6\H1BR6_gpio.o
                0x00000000080158c8                IsFactoryReset
 .text.GetPortGPIOs
                0x0000000008015a24      0x11c H1BR6\H1BR6_gpio.o
                0x0000000008015a24                GetPortGPIOs
 .text.buttonPressedCallback
                0x0000000008015b40       0x14 H1BR6\H1BR6_inputs.o
                0x0000000008015b40                buttonPressedCallback
 .text.CheckAttachedButtons
                0x0000000008015b54      0x7ac H1BR6\H1BR6_inputs.o
                0x0000000008015b54                CheckAttachedButtons
 .text.CheckForTimedButtonPress
                0x0000000008016300       0xfc H1BR6\H1BR6_inputs.o
                0x0000000008016300                CheckForTimedButtonPress
 .text.CheckForTimedButtonRelease
                0x00000000080163fc       0xfc H1BR6\H1BR6_inputs.o
                0x00000000080163fc                CheckForTimedButtonRelease
 .text.AddPortButton
                0x00000000080164f8      0x268 H1BR6\H1BR6_inputs.o
                0x00000000080164f8                AddPortButton
 .text.RemovePortButton
                0x0000000008016760      0x200 H1BR6\H1BR6_inputs.o
                0x0000000008016760                RemovePortButton
 .text.SetButtonEvents
                0x0000000008016960      0x77c H1BR6\H1BR6_inputs.o
                0x0000000008016960                SetButtonEvents
 .text.MX_ADC_Init
                0x00000000080170dc       0x88 H1BR6\H1BR6_inputs.o
                0x00000000080170dc                MX_ADC_Init
 .text.HAL_ADC_MspInit
                0x0000000008017164       0x84 H1BR6\H1BR6_inputs.o
                0x0000000008017164                HAL_ADC_MspInit
 .text.ADCSelectChannel
                0x00000000080171e8       0xa0 H1BR6\H1BR6_inputs.o
                0x00000000080171e8                ADCSelectChannel
 .text.ReadADCChannel
                0x0000000008017288      0x10c H1BR6\H1BR6_inputs.o
                0x0000000008017288                ReadADCChannel
 .text.ReadTempAndVref
                0x0000000008017394      0x1f0 H1BR6\H1BR6_inputs.o
                0x0000000008017394                ReadTempAndVref
 .text.GetReadPrecentage
                0x0000000008017584      0x220 H1BR6\H1BR6_inputs.o
                0x0000000008017584                GetReadPrecentage
 .text.Get_channel
                0x00000000080177a4       0x8c H1BR6\H1BR6_inputs.o
                0x00000000080177a4                Get_channel
 .text.Error_Handler
                0x0000000008017830       0x10 H1BR6\H1BR6_inputs.o
                0x0000000008017830                Error_Handler
 .text.Get_Rank
                0x0000000008017840       0x84 H1BR6\H1BR6_inputs.o
                0x0000000008017840                Get_Rank
 .text.buttonReleasedCallback
                0x00000000080178c4       0x14 H1BR6\H1BR6_inputs.o
                0x00000000080178c4                buttonReleasedCallback
 .text.buttonDblClickedCallback
                0x00000000080178d8       0x14 H1BR6\H1BR6_inputs.o
                0x00000000080178d8                buttonDblClickedCallback
 .text.buttonReleasedForYCallback
                0x00000000080178ec       0x1a H1BR6\H1BR6_inputs.o
                0x00000000080178ec                buttonReleasedForYCallback
 *fill*         0x0000000008017906        0x2 
 .text.__NVIC_SystemReset
                0x0000000008017908       0x24 H1BR6\H1BR6_it.o
 .text.SDTimer_Handler
                0x000000000801792c       0x44 H1BR6\H1BR6_it.o
                0x000000000801792c                SDTimer_Handler
 .text.SysTick_Handler
                0x0000000008017970       0x38 H1BR6\H1BR6_it.o
                0x0000000008017970                SysTick_Handler
 .text.HardFault_Handler
                0x00000000080179a8       0x40 H1BR6\H1BR6_it.o
                0x00000000080179a8                HardFault_Handler
 .text.TIM15_IRQHandler
                0x00000000080179e8       0x30 H1BR6\H1BR6_it.o
                0x00000000080179e8                TIM15_IRQHandler
 .text.USART1_IRQHandler
                0x0000000008017a18       0x30 H1BR6\H1BR6_it.o
                0x0000000008017a18                USART1_IRQHandler
 .text.USART2_LPUART2_IRQHandler
                0x0000000008017a48       0x30 H1BR6\H1BR6_it.o
                0x0000000008017a48                USART2_LPUART2_IRQHandler
 .text.USART3_4_5_6_LPUART1_IRQHandler
                0x0000000008017a78       0x48 H1BR6\H1BR6_it.o
                0x0000000008017a78                USART3_4_5_6_LPUART1_IRQHandler
 .text.HAL_UART_TxCpltCallback
                0x0000000008017ac0       0x48 H1BR6\H1BR6_it.o
                0x0000000008017ac0                HAL_UART_TxCpltCallback
 .text.HAL_UART_ErrorCallback
                0x0000000008017b08       0xd4 H1BR6\H1BR6_it.o
                0x0000000008017b08                HAL_UART_ErrorCallback
 .text.HAL_UART_RxCpltCallback
                0x0000000008017bdc       0x10 H1BR6\H1BR6_it.o
                0x0000000008017bdc                HAL_UART_RxCpltCallback
 .text.vApplicationStackOverflowHook
                0x0000000008017bec       0x44 H1BR6\H1BR6_it.o
                0x0000000008017bec                vApplicationStackOverflowHook
 .text.vApplicationMallocFailedHook
                0x0000000008017c30       0x40 H1BR6\H1BR6_it.o
                0x0000000008017c30                vApplicationMallocFailedHook
 .text.RTC_Init
                0x0000000008017c70       0xc4 H1BR6\H1BR6_rtc.o
                0x0000000008017c70                RTC_Init
 .text.RTC_CalendarConfig
                0x0000000008017d34      0x18c H1BR6\H1BR6_rtc.o
                0x0000000008017d34                RTC_CalendarConfig
 .text.BOS_CalendarConfig
                0x0000000008017ec0      0x128 H1BR6\H1BR6_rtc.o
                0x0000000008017ec0                BOS_CalendarConfig
 .text.GetTimeDate
                0x0000000008017fe8       0x90 H1BR6\H1BR6_rtc.o
                0x0000000008017fe8                GetTimeDate
 .text.SPI_GPIO_Init
                0x0000000008018078       0xa4 H1BR6\H1BR6_spi.o
                0x0000000008018078                SPI_GPIO_Init
 .text.MX_SPI2_Init
                0x000000000801811c       0x7c H1BR6\H1BR6_spi.o
                0x000000000801811c                MX_SPI2_Init
 .text.HAL_SPI_MspInit
                0x0000000008018198       0xc4 H1BR6\H1BR6_spi.o
                0x0000000008018198                HAL_SPI_MspInit
 .text.TIM_USEC_Init
                0x000000000801825c       0x74 H1BR6\H1BR6_timers.o
                0x000000000801825c                TIM_USEC_Init
 .text.TIM_MSEC_Init
                0x00000000080182d0       0x78 H1BR6\H1BR6_timers.o
                0x00000000080182d0                TIM_MSEC_Init
 .text.StartMicroDelay
                0x0000000008018348       0x48 H1BR6\H1BR6_timers.o
                0x0000000008018348                StartMicroDelay
 .text.StartMilliDelay
                0x0000000008018390       0x48 H1BR6\H1BR6_timers.o
                0x0000000008018390                StartMilliDelay
 .text.MX_USART1_UART_Init
                0x00000000080183d8       0x7c H1BR6\H1BR6_uart.o
                0x00000000080183d8                MX_USART1_UART_Init
 .text.MX_USART2_UART_Init
                0x0000000008018454       0x7c H1BR6\H1BR6_uart.o
                0x0000000008018454                MX_USART2_UART_Init
 .text.MX_USART3_UART_Init
                0x00000000080184d0       0x7c H1BR6\H1BR6_uart.o
                0x00000000080184d0                MX_USART3_UART_Init
 .text.MX_USART4_UART_Init
                0x000000000801854c       0x58 H1BR6\H1BR6_uart.o
                0x000000000801854c                MX_USART4_UART_Init
 .text.MX_USART5_UART_Init
                0x00000000080185a4       0x60 H1BR6\H1BR6_uart.o
                0x00000000080185a4                MX_USART5_UART_Init
 .text.HAL_UART_MspInit
                0x0000000008018604      0x4b0 H1BR6\H1BR6_uart.o
                0x0000000008018604                HAL_UART_MspInit
 .text.writePxMutex
                0x0000000008018ab4       0xac H1BR6\H1BR6_uart.o
                0x0000000008018ab4                writePxMutex
 .text.writePxITMutex
                0x0000000008018b60       0x78 H1BR6\H1BR6_uart.o
                0x0000000008018b60                writePxITMutex
 .text.UpdateBaudrate
                0x0000000008018bd8       0x3e H1BR6\H1BR6_uart.o
                0x0000000008018bd8                UpdateBaudrate
 *fill*         0x0000000008018c16        0x2 
 .text.GetUart  0x0000000008018c18       0x54 H1BR6\H1BR6_uart.o
                0x0000000008018c18                GetUart
 .text.SwapUartPins
                0x0000000008018c6c       0xd0 H1BR6\H1BR6_uart.o
                0x0000000008018c6c                SwapUartPins
 .text.ReadPortsDir
                0x0000000008018d3c       0xa8 H1BR6\H1BR6_uart.o
                0x0000000008018d3c                ReadPortsDir
 .text.ReadPortsDirMSG
                0x0000000008018de4       0x80 H1BR6\H1BR6_uart.o
                0x0000000008018de4                ReadPortsDirMSG
 .text.Reset_Handler
                0x0000000008018e64       0x90 H1BR6\startup_stm32g0b1ceuxn.o
                0x0000000008018e64                Reset_Handler
 .text.Default_Handler
                0x0000000008018ef4        0x2 H1BR6\startup_stm32g0b1ceuxn.o
                0x0000000008018ef4                I2C2_3_IRQHandler
                0x0000000008018ef4                TIM1_CC_IRQHandler
                0x0000000008018ef4                ADC1_COMP_IRQHandler
                0x0000000008018ef4                NMI_Handler
                0x0000000008018ef4                I2C1_IRQHandler
                0x0000000008018ef4                TIM7_LPTIM2_IRQHandler
                0x0000000008018ef4                TIM17_FDCAN_IT1_IRQHandler
                0x0000000008018ef4                DMA1_Ch4_7_DMA2_Ch1_5_DMAMUX1_OVR_IRQHandler
                0x0000000008018ef4                RCC_CRS_IRQHandler
                0x0000000008018ef4                RTC_TAMP_IRQHandler
                0x0000000008018ef4                SPI1_IRQHandler
                0x0000000008018ef4                USB_UCPD1_2_IRQHandler
                0x0000000008018ef4                EXTI2_3_IRQHandler
                0x0000000008018ef4                PVD_VDDIO2_IRQHandler
                0x0000000008018ef4                EXTI4_15_IRQHandler
                0x0000000008018ef4                DMA1_Channel1_IRQHandler
                0x0000000008018ef4                Default_Handler
                0x0000000008018ef4                CEC_IRQHandler
                0x0000000008018ef4                TIM14_IRQHandler
                0x0000000008018ef4                TIM3_TIM4_IRQHandler
                0x0000000008018ef4                EXTI0_1_IRQHandler
                0x0000000008018ef4                SPI2_3_IRQHandler
                0x0000000008018ef4                TIM6_DAC_LPTIM1_IRQHandler
                0x0000000008018ef4                WWDG_IRQHandler
                0x0000000008018ef4                TIM2_IRQHandler
                0x0000000008018ef4                DMA1_Channel2_3_IRQHandler
                0x0000000008018ef4                FLASH_IRQHandler
                0x0000000008018ef4                TIM16_FDCAN_IT0_IRQHandler
                0x0000000008018ef4                TIM1_BRK_UP_TRG_COM_IRQHandler
 .text.SystemInit
                0x0000000008018ef6        0xa Thirdparty\CMSIS\STM32G0xx\Device\ST\STM32G0xx\Source\Templates\system_stm32g0xx.o
                0x0000000008018ef6                SystemInit
 .text.USER_initialize
                0x0000000008018f00       0x20 Thirdparty\FatFs\driver\app_fatfs.o
                0x0000000008018f00                USER_initialize
 .text.USER_status
                0x0000000008018f20       0x20 Thirdparty\FatFs\driver\app_fatfs.o
                0x0000000008018f20                USER_status
 .text.USER_read
                0x0000000008018f40       0x2e Thirdparty\FatFs\driver\app_fatfs.o
                0x0000000008018f40                USER_read
 .text.USER_write
                0x0000000008018f6e       0x2e Thirdparty\FatFs\driver\app_fatfs.o
                0x0000000008018f6e                USER_write
 .text.USER_ioctl
                0x0000000008018f9c       0x2e Thirdparty\FatFs\driver\app_fatfs.o
                0x0000000008018f9c                USER_ioctl
 *fill*         0x0000000008018fca        0x2 
 .text.MX_FATFS_Init
                0x0000000008018fcc       0x34 Thirdparty\FatFs\driver\app_fatfs.o
                0x0000000008018fcc                MX_FATFS_Init
 .text.get_fattime
                0x0000000008019000        0xc Thirdparty\FatFs\driver\app_fatfs.o
                0x0000000008019000                get_fattime
 .text.SELECT   0x000000000801900c       0x1c Thirdparty\FatFs\driver\fatfs_sd.o
 .text.DESELECT
                0x0000000008019028       0x1c Thirdparty\FatFs\driver\fatfs_sd.o
 .text.SPI_TxByte
                0x0000000008019044       0x38 Thirdparty\FatFs\driver\fatfs_sd.o
 .text.SPI_RxByte
                0x000000000801907c       0x44 Thirdparty\FatFs\driver\fatfs_sd.o
 .text.SPI_RxBytePtr
                0x00000000080190c0       0x1c Thirdparty\FatFs\driver\fatfs_sd.o
 .text.SD_ReadyWait
                0x00000000080190dc       0x3c Thirdparty\FatFs\driver\fatfs_sd.o
 .text.SD_PowerOn
                0x0000000008019118       0xa8 Thirdparty\FatFs\driver\fatfs_sd.o
 .text.SD_PowerOff
                0x00000000080191c0       0x14 Thirdparty\FatFs\driver\fatfs_sd.o
 .text.SD_CheckPower
                0x00000000080191d4       0x14 Thirdparty\FatFs\driver\fatfs_sd.o
 .text.SD_RxDataBlock
                0x00000000080191e8       0x78 Thirdparty\FatFs\driver\fatfs_sd.o
 .text.SD_TxDataBlock
                0x0000000008019260       0xd0 Thirdparty\FatFs\driver\fatfs_sd.o
 .text.SD_SendCmd
                0x0000000008019330       0xd2 Thirdparty\FatFs\driver\fatfs_sd.o
 *fill*         0x0000000008019402        0x2 
 .text.SD_disk_initialize
                0x0000000008019404      0x218 Thirdparty\FatFs\driver\fatfs_sd.o
                0x0000000008019404                SD_disk_initialize
 .text.SD_disk_status
                0x000000000801961c       0x2c Thirdparty\FatFs\driver\fatfs_sd.o
                0x000000000801961c                SD_disk_status
 .text.SD_disk_read
                0x0000000008019648       0xe0 Thirdparty\FatFs\driver\fatfs_sd.o
                0x0000000008019648                SD_disk_read
 .text.SD_disk_write
                0x0000000008019728      0x110 Thirdparty\FatFs\driver\fatfs_sd.o
                0x0000000008019728                SD_disk_write
 .text.SD_disk_ioctl
                0x0000000008019838      0x274 Thirdparty\FatFs\driver\fatfs_sd.o
                0x0000000008019838                SD_disk_ioctl
 .text.ff_convert
                0x0000000008019aac       0xa4 Thirdparty\FatFs\option\ccsbcs.o
                0x0000000008019aac                ff_convert
 .text.ff_wtoupper
                0x0000000008019b50      0x160 Thirdparty\FatFs\option\ccsbcs.o
                0x0000000008019b50                ff_wtoupper
 .text.ff_cre_syncobj
                0x0000000008019cb0       0x3a Thirdparty\FatFs\option\syscall.o
                0x0000000008019cb0                ff_cre_syncobj
 .text.ff_del_syncobj
                0x0000000008019cea       0x1a Thirdparty\FatFs\option\syscall.o
                0x0000000008019cea                ff_del_syncobj
 .text.ff_req_grant
                0x0000000008019d04       0x2c Thirdparty\FatFs\option\syscall.o
                0x0000000008019d04                ff_req_grant
 .text.ff_rel_grant
                0x0000000008019d30       0x18 Thirdparty\FatFs\option\syscall.o
                0x0000000008019d30                ff_rel_grant
 .text.ff_memalloc
                0x0000000008019d48       0x1a Thirdparty\FatFs\option\syscall.o
                0x0000000008019d48                ff_memalloc
 .text.ff_memfree
                0x0000000008019d62       0x18 Thirdparty\FatFs\option\syscall.o
                0x0000000008019d62                ff_memfree
 *fill*         0x0000000008019d7a        0x2 
 .text.disk_status
                0x0000000008019d7c       0x44 Thirdparty\FatFs\source\diskio.o
                0x0000000008019d7c                disk_status
 .text.disk_initialize
                0x0000000008019dc0       0x60 Thirdparty\FatFs\source\diskio.o
                0x0000000008019dc0                disk_initialize
 .text.disk_read
                0x0000000008019e20       0x50 Thirdparty\FatFs\source\diskio.o
                0x0000000008019e20                disk_read
 .text.disk_write
                0x0000000008019e70       0x50 Thirdparty\FatFs\source\diskio.o
                0x0000000008019e70                disk_write
 .text.disk_ioctl
                0x0000000008019ec0       0x50 Thirdparty\FatFs\source\diskio.o
                0x0000000008019ec0                disk_ioctl
 .text.ld_word  0x0000000008019f10       0x36 Thirdparty\FatFs\source\ff.o
 .text.ld_dword
                0x0000000008019f46       0x42 Thirdparty\FatFs\source\ff.o
 .text.st_word  0x0000000008019f88       0x3c Thirdparty\FatFs\source\ff.o
 .text.st_dword
                0x0000000008019fc4       0x54 Thirdparty\FatFs\source\ff.o
 .text.mem_cpy  0x000000000801a018       0x3e Thirdparty\FatFs\source\ff.o
 .text.mem_set  0x000000000801a056       0x32 Thirdparty\FatFs\source\ff.o
 .text.mem_cmp  0x000000000801a088       0x4a Thirdparty\FatFs\source\ff.o
 .text.chk_chr  0x000000000801a0d2       0x32 Thirdparty\FatFs\source\ff.o
 .text.lock_fs  0x000000000801a104       0x2a Thirdparty\FatFs\source\ff.o
 .text.unlock_fs
                0x000000000801a12e       0x3e Thirdparty\FatFs\source\ff.o
 .text.chk_lock
                0x000000000801a16c       0xb0 Thirdparty\FatFs\source\ff.o
 .text.enq_lock
                0x000000000801a21c       0x3c Thirdparty\FatFs\source\ff.o
 .text.inc_lock
                0x000000000801a258      0x114 Thirdparty\FatFs\source\ff.o
 .text.dec_lock
                0x000000000801a36c       0x94 Thirdparty\FatFs\source\ff.o
 .text.clear_lock
                0x000000000801a400       0x40 Thirdparty\FatFs\source\ff.o
 .text.sync_window
                0x000000000801a440       0x90 Thirdparty\FatFs\source\ff.o
 .text.move_window
                0x000000000801a4d0       0x6a Thirdparty\FatFs\source\ff.o
 *fill*         0x000000000801a53a        0x2 
 .text.sync_fs  0x000000000801a53c       0xf8 Thirdparty\FatFs\source\ff.o
 .text.clust2sect
                0x000000000801a634       0x38 Thirdparty\FatFs\source\ff.o
 .text.get_fat  0x000000000801a66c      0x1b6 Thirdparty\FatFs\source\ff.o
 .text.put_fat  0x000000000801a822      0x264 Thirdparty\FatFs\source\ff.o
 .text.remove_chain
                0x000000000801aa86       0xe6 Thirdparty\FatFs\source\ff.o
 .text.create_chain
                0x000000000801ab6c      0x14c Thirdparty\FatFs\source\ff.o
 .text.clmt_clust
                0x000000000801acb8       0x76 Thirdparty\FatFs\source\ff.o
 .text.dir_sdi  0x000000000801ad2e      0x118 Thirdparty\FatFs\source\ff.o
 .text.dir_next
                0x000000000801ae46      0x1b8 Thirdparty\FatFs\source\ff.o
 .text.dir_alloc
                0x000000000801affe       0xb0 Thirdparty\FatFs\source\ff.o
 .text.ld_clust
                0x000000000801b0ae       0x3e Thirdparty\FatFs\source\ff.o
 .text.st_clust
                0x000000000801b0ec       0x40 Thirdparty\FatFs\source\ff.o
 .text.cmp_lfn  0x000000000801b12c      0x100 Thirdparty\FatFs\source\ff.o
 .text.pick_lfn
                0x000000000801b22c       0xe4 Thirdparty\FatFs\source\ff.o
 .text.put_lfn  0x000000000801b310       0xf0 Thirdparty\FatFs\source\ff.o
 .text.gen_numname
                0x000000000801b400      0x128 Thirdparty\FatFs\source\ff.o
 .text.sum_sfn  0x000000000801b528       0x4a Thirdparty\FatFs\source\ff.o
 .text.dir_read
                0x000000000801b572      0x1be Thirdparty\FatFs\source\ff.o
 .text.dir_find
                0x000000000801b730      0x1f6 Thirdparty\FatFs\source\ff.o
 .text.dir_register
                0x000000000801b926      0x220 Thirdparty\FatFs\source\ff.o
 .text.dir_remove
                0x000000000801bb46       0xb8 Thirdparty\FatFs\source\ff.o
 *fill*         0x000000000801bbfe        0x2 
 .text.create_name
                0x000000000801bc00      0x408 Thirdparty\FatFs\source\ff.o
 .text.follow_path
                0x000000000801c008      0x114 Thirdparty\FatFs\source\ff.o
 .text.get_ldnumber
                0x000000000801c11c       0x84 Thirdparty\FatFs\source\ff.o
 .text.check_fs
                0x000000000801c1a0       0xb0 Thirdparty\FatFs\source\ff.o
 .text.find_volume
                0x000000000801c250      0x55c Thirdparty\FatFs\source\ff.o
 .text.validate
                0x000000000801c7ac       0x9e Thirdparty\FatFs\source\ff.o
 *fill*         0x000000000801c84a        0x2 
 .text.f_mount  0x000000000801c84c       0xd0 Thirdparty\FatFs\source\ff.o
                0x000000000801c84c                f_mount
 .text.f_open   0x000000000801c91c      0x44c Thirdparty\FatFs\source\ff.o
                0x000000000801c91c                f_open
 .text.f_read   0x000000000801cd68      0x324 Thirdparty\FatFs\source\ff.o
                0x000000000801cd68                f_read
 .text.f_write  0x000000000801d08c      0x394 Thirdparty\FatFs\source\ff.o
                0x000000000801d08c                f_write
 .text.f_sync   0x000000000801d420      0x12a Thirdparty\FatFs\source\ff.o
                0x000000000801d420                f_sync
 .text.f_close  0x000000000801d54a       0x72 Thirdparty\FatFs\source\ff.o
                0x000000000801d54a                f_close
 .text.f_lseek  0x000000000801d5bc      0x4fc Thirdparty\FatFs\source\ff.o
                0x000000000801d5bc                f_lseek
 .text.f_truncate
                0x000000000801dab8      0x192 Thirdparty\FatFs\source\ff.o
                0x000000000801dab8                f_truncate
 .text.f_unlink
                0x000000000801dc4a      0x1b8 Thirdparty\FatFs\source\ff.o
                0x000000000801dc4a                f_unlink
 .text.putc_bfd
                0x000000000801de02       0x82 Thirdparty\FatFs\source\ff.o
 .text.putc_flush
                0x000000000801de84       0x48 Thirdparty\FatFs\source\ff.o
 .text.putc_init
                0x000000000801decc       0x26 Thirdparty\FatFs\source\ff.o
 *fill*         0x000000000801def2        0x2 
 .text.f_printf
                0x000000000801def4      0x484 Thirdparty\FatFs\source\ff.o
                0x000000000801def4                f_printf
 .text.FATFS_LinkDriverEx
                0x000000000801e378       0xa8 Thirdparty\FatFs\source\ff_gen_drv.o
                0x000000000801e378                FATFS_LinkDriverEx
 .text.FATFS_LinkDriver
                0x000000000801e420       0x20 Thirdparty\FatFs\source\ff_gen_drv.o
                0x000000000801e420                FATFS_LinkDriver
 .text.inHandlerMode
                0x000000000801e440       0x1c Thirdparty\Middleware\STM32G0xx\FreeRTOS\Source\CMSIS_RTOS\cmsis_os.o
 .text.osKernelStart
                0x000000000801e45c       0x10 Thirdparty\Middleware\STM32G0xx\FreeRTOS\Source\CMSIS_RTOS\cmsis_os.o
                0x000000000801e45c                osKernelStart
 .text.osDelay  0x000000000801e46c       0x28 Thirdparty\Middleware\STM32G0xx\FreeRTOS\Source\CMSIS_RTOS\cmsis_os.o
                0x000000000801e46c                osDelay
 .text.osSemaphoreCreate
                0x000000000801e494       0x4a Thirdparty\Middleware\STM32G0xx\FreeRTOS\Source\CMSIS_RTOS\cmsis_os.o
                0x000000000801e494                osSemaphoreCreate
 *fill*         0x000000000801e4de        0x2 
 .text.osSemaphoreWait
                0x000000000801e4e0       0x94 Thirdparty\Middleware\STM32G0xx\FreeRTOS\Source\CMSIS_RTOS\cmsis_os.o
                0x000000000801e4e0                osSemaphoreWait
 .text.osSemaphoreRelease
                0x000000000801e574       0x64 Thirdparty\Middleware\STM32G0xx\FreeRTOS\Source\CMSIS_RTOS\cmsis_os.o
                0x000000000801e574                osSemaphoreRelease
 .text.osSemaphoreDelete
                0x000000000801e5d8       0x26 Thirdparty\Middleware\STM32G0xx\FreeRTOS\Source\CMSIS_RTOS\cmsis_os.o
                0x000000000801e5d8                osSemaphoreDelete
 .text.osSystickHandler
                0x000000000801e5fe       0x18 Thirdparty\Middleware\STM32G0xx\FreeRTOS\Source\CMSIS_RTOS\cmsis_os.o
                0x000000000801e5fe                osSystickHandler
 *fill*         0x000000000801e616        0x2 
 .text.FreeRTOS_CLIRegisterCommand
                0x000000000801e618       0x50 Thirdparty\Middleware\STM32G0xx\FreeRTOS\Source\FreeRTOS_CLI.o
                0x000000000801e618                FreeRTOS_CLIRegisterCommand
 .text.FreeRTOS_CLIProcessCommand
                0x000000000801e668      0x11c Thirdparty\Middleware\STM32G0xx\FreeRTOS\Source\FreeRTOS_CLI.o
                0x000000000801e668                FreeRTOS_CLIProcessCommand
 .text.FreeRTOS_CLIGetOutputBuffer
                0x000000000801e784       0x10 Thirdparty\Middleware\STM32G0xx\FreeRTOS\Source\FreeRTOS_CLI.o
                0x000000000801e784                FreeRTOS_CLIGetOutputBuffer
 .text.FreeRTOS_CLIGetParameter
                0x000000000801e794       0xbc Thirdparty\Middleware\STM32G0xx\FreeRTOS\Source\FreeRTOS_CLI.o
                0x000000000801e794                FreeRTOS_CLIGetParameter
 .text.prvHelpCommand
                0x000000000801e850      0x154 Thirdparty\Middleware\STM32G0xx\FreeRTOS\Source\FreeRTOS_CLI.o
 .text.prvGetNumberOfParameters
                0x000000000801e9a4       0x7a Thirdparty\Middleware\STM32G0xx\FreeRTOS\Source\FreeRTOS_CLI.o
 .text.vListInitialise
                0x000000000801ea1e       0x3c Thirdparty\Middleware\STM32G0xx\FreeRTOS\Source\list.o
                0x000000000801ea1e                vListInitialise
 .text.vListInitialiseItem
                0x000000000801ea5a       0x16 Thirdparty\Middleware\STM32G0xx\FreeRTOS\Source\list.o
                0x000000000801ea5a                vListInitialiseItem
 .text.vListInsertEnd
                0x000000000801ea70       0x44 Thirdparty\Middleware\STM32G0xx\FreeRTOS\Source\list.o
                0x000000000801ea70                vListInsertEnd
 .text.vListInsert
                0x000000000801eab4       0x6c Thirdparty\Middleware\STM32G0xx\FreeRTOS\Source\list.o
                0x000000000801eab4                vListInsert
 .text.uxListRemove
                0x000000000801eb20       0x50 Thirdparty\Middleware\STM32G0xx\FreeRTOS\Source\list.o
                0x000000000801eb20                uxListRemove
 .text.pxPortInitialiseStack
                0x000000000801eb70       0x54 Thirdparty\Middleware\STM32G0xx\FreeRTOS\Source\portable\GCC\ARM_CM0\port.o
                0x000000000801eb70                pxPortInitialiseStack
 .text.prvTaskExitError
                0x000000000801ebc4       0x1e Thirdparty\Middleware\STM32G0xx\FreeRTOS\Source\portable\GCC\ARM_CM0\port.o
 .text.SVC_Handler
                0x000000000801ebe2        0xa Thirdparty\Middleware\STM32G0xx\FreeRTOS\Source\portable\GCC\ARM_CM0\port.o
                0x000000000801ebe2                SVC_Handler
 *fill*         0x000000000801ebec        0x4 
 .text.vPortStartFirstTask
                0x000000000801ebf0       0x38 Thirdparty\Middleware\STM32G0xx\FreeRTOS\Source\portable\GCC\ARM_CM0\port.o
 .text.xPortStartScheduler
                0x000000000801ec28       0x48 Thirdparty\Middleware\STM32G0xx\FreeRTOS\Source\portable\GCC\ARM_CM0\port.o
                0x000000000801ec28                xPortStartScheduler
 .text.vPortYield
                0x000000000801ec70       0x20 Thirdparty\Middleware\STM32G0xx\FreeRTOS\Source\portable\GCC\ARM_CM0\port.o
                0x000000000801ec70                vPortYield
 .text.vPortEnterCritical
                0x000000000801ec90       0x24 Thirdparty\Middleware\STM32G0xx\FreeRTOS\Source\portable\GCC\ARM_CM0\port.o
                0x000000000801ec90                vPortEnterCritical
 .text.vPortExitCritical
                0x000000000801ecb4       0x24 Thirdparty\Middleware\STM32G0xx\FreeRTOS\Source\portable\GCC\ARM_CM0\port.o
                0x000000000801ecb4                vPortExitCritical
 .text.ulSetInterruptMaskFromISR
                0x000000000801ecd8        0xc Thirdparty\Middleware\STM32G0xx\FreeRTOS\Source\portable\GCC\ARM_CM0\port.o
                0x000000000801ecd8                ulSetInterruptMaskFromISR
 .text.vClearInterruptMaskFromISR
                0x000000000801ece4        0x8 Thirdparty\Middleware\STM32G0xx\FreeRTOS\Source\portable\GCC\ARM_CM0\port.o
                0x000000000801ece4                vClearInterruptMaskFromISR
 *fill*         0x000000000801ecec        0x4 
 .text.PendSV_Handler
                0x000000000801ecf0       0x48 Thirdparty\Middleware\STM32G0xx\FreeRTOS\Source\portable\GCC\ARM_CM0\port.o
                0x000000000801ecf0                PendSV_Handler
 .text.xPortSysTickHandler
                0x000000000801ed38       0x34 Thirdparty\Middleware\STM32G0xx\FreeRTOS\Source\portable\GCC\ARM_CM0\port.o
                0x000000000801ed38                xPortSysTickHandler
 .text.vPortSetupTimerInterrupt
                0x000000000801ed6c       0x44 Thirdparty\Middleware\STM32G0xx\FreeRTOS\Source\portable\GCC\ARM_CM0\port.o
                0x000000000801ed6c                vPortSetupTimerInterrupt
 .text.pvPortMalloc
                0x000000000801edb0      0x140 Thirdparty\Middleware\STM32G0xx\FreeRTOS\Source\portable\MemMang\heap_4.o
                0x000000000801edb0                pvPortMalloc
 .text.vPortFree
                0x000000000801eef0       0x80 Thirdparty\Middleware\STM32G0xx\FreeRTOS\Source\portable\MemMang\heap_4.o
                0x000000000801eef0                vPortFree
 .text.prvHeapInit
                0x000000000801ef70       0xc0 Thirdparty\Middleware\STM32G0xx\FreeRTOS\Source\portable\MemMang\heap_4.o
 .text.prvInsertBlockIntoFreeList
                0x000000000801f030       0xb0 Thirdparty\Middleware\STM32G0xx\FreeRTOS\Source\portable\MemMang\heap_4.o
 .text.xQueueGenericReset
                0x000000000801f0e0       0x9e Thirdparty\Middleware\STM32G0xx\FreeRTOS\Source\queue.o
                0x000000000801f0e0                xQueueGenericReset
 .text.xQueueGenericCreate
                0x000000000801f17e       0x52 Thirdparty\Middleware\STM32G0xx\FreeRTOS\Source\queue.o
                0x000000000801f17e                xQueueGenericCreate
 .text.prvInitialiseNewQueue
                0x000000000801f1d0       0x4e Thirdparty\Middleware\STM32G0xx\FreeRTOS\Source\queue.o
 .text.xQueueCreateCountingSemaphore
                0x000000000801f21e       0x30 Thirdparty\Middleware\STM32G0xx\FreeRTOS\Source\queue.o
                0x000000000801f21e                xQueueCreateCountingSemaphore
 .text.xQueueGenericSend
                0x000000000801f24e      0x12a Thirdparty\Middleware\STM32G0xx\FreeRTOS\Source\queue.o
                0x000000000801f24e                xQueueGenericSend
 .text.xQueueGenericSendFromISR
                0x000000000801f378       0xa6 Thirdparty\Middleware\STM32G0xx\FreeRTOS\Source\queue.o
                0x000000000801f378                xQueueGenericSendFromISR
 .text.xQueueGiveFromISR
                0x000000000801f41e       0x96 Thirdparty\Middleware\STM32G0xx\FreeRTOS\Source\queue.o
                0x000000000801f41e                xQueueGiveFromISR
 .text.xQueueReceive
                0x000000000801f4b4      0x128 Thirdparty\Middleware\STM32G0xx\FreeRTOS\Source\queue.o
                0x000000000801f4b4                xQueueReceive
 .text.xQueueSemaphoreTake
                0x000000000801f5dc      0x178 Thirdparty\Middleware\STM32G0xx\FreeRTOS\Source\queue.o
                0x000000000801f5dc                xQueueSemaphoreTake
 .text.xQueueReceiveFromISR
                0x000000000801f754       0xa0 Thirdparty\Middleware\STM32G0xx\FreeRTOS\Source\queue.o
                0x000000000801f754                xQueueReceiveFromISR
 .text.vQueueDelete
                0x000000000801f7f4       0x24 Thirdparty\Middleware\STM32G0xx\FreeRTOS\Source\queue.o
                0x000000000801f7f4                vQueueDelete
 .text.prvGetDisinheritPriorityAfterTimeout
                0x000000000801f818       0x2c Thirdparty\Middleware\STM32G0xx\FreeRTOS\Source\queue.o
 .text.prvCopyDataToQueue
                0x000000000801f844       0xd6 Thirdparty\Middleware\STM32G0xx\FreeRTOS\Source\queue.o
 .text.prvCopyDataFromQueue
                0x000000000801f91a       0x4c Thirdparty\Middleware\STM32G0xx\FreeRTOS\Source\queue.o
 .text.prvUnlockQueue
                0x000000000801f966       0xbc Thirdparty\Middleware\STM32G0xx\FreeRTOS\Source\queue.o
 .text.prvIsQueueEmpty
                0x000000000801fa22       0x2c Thirdparty\Middleware\STM32G0xx\FreeRTOS\Source\queue.o
 .text.prvIsQueueFull
                0x000000000801fa4e       0x30 Thirdparty\Middleware\STM32G0xx\FreeRTOS\Source\queue.o
 *fill*         0x000000000801fa7e        0x2 
 .text.vQueueAddToRegistry
                0x000000000801fa80       0x50 Thirdparty\Middleware\STM32G0xx\FreeRTOS\Source\queue.o
                0x000000000801fa80                vQueueAddToRegistry
 .text.vQueueUnregisterQueue
                0x000000000801fad0       0x54 Thirdparty\Middleware\STM32G0xx\FreeRTOS\Source\queue.o
                0x000000000801fad0                vQueueUnregisterQueue
 .text.vQueueWaitForMessageRestricted
                0x000000000801fb24       0x66 Thirdparty\Middleware\STM32G0xx\FreeRTOS\Source\queue.o
                0x000000000801fb24                vQueueWaitForMessageRestricted
 .text.xTaskCreate
                0x000000000801fb8a       0x90 Thirdparty\Middleware\STM32G0xx\FreeRTOS\Source\tasks.o
                0x000000000801fb8a                xTaskCreate
 *fill*         0x000000000801fc1a        0x2 
 .text.prvInitialiseNewTask
                0x000000000801fc1c      0x10c Thirdparty\Middleware\STM32G0xx\FreeRTOS\Source\tasks.o
 .text.prvAddNewTaskToReadyList
                0x000000000801fd28       0xd0 Thirdparty\Middleware\STM32G0xx\FreeRTOS\Source\tasks.o
 .text.vTaskDelay
                0x000000000801fdf8       0x3a Thirdparty\Middleware\STM32G0xx\FreeRTOS\Source\tasks.o
                0x000000000801fdf8                vTaskDelay
 *fill*         0x000000000801fe32        0x2 
 .text.eTaskGetState
                0x000000000801fe34       0xd0 Thirdparty\Middleware\STM32G0xx\FreeRTOS\Source\tasks.o
                0x000000000801fe34                eTaskGetState
 .text.uxTaskPriorityGet
                0x000000000801ff04       0x34 Thirdparty\Middleware\STM32G0xx\FreeRTOS\Source\tasks.o
                0x000000000801ff04                uxTaskPriorityGet
 .text.vTaskPrioritySet
                0x000000000801ff38      0x110 Thirdparty\Middleware\STM32G0xx\FreeRTOS\Source\tasks.o
                0x000000000801ff38                vTaskPrioritySet
 .text.vTaskStartScheduler
                0x0000000008020048       0x74 Thirdparty\Middleware\STM32G0xx\FreeRTOS\Source\tasks.o
                0x0000000008020048                vTaskStartScheduler
 .text.vTaskSuspendAll
                0x00000000080200bc       0x18 Thirdparty\Middleware\STM32G0xx\FreeRTOS\Source\tasks.o
                0x00000000080200bc                vTaskSuspendAll
 .text.xTaskResumeAll
                0x00000000080200d4      0x10c Thirdparty\Middleware\STM32G0xx\FreeRTOS\Source\tasks.o
                0x00000000080200d4                xTaskResumeAll
 .text.xTaskGetTickCount
                0x00000000080201e0       0x1c Thirdparty\Middleware\STM32G0xx\FreeRTOS\Source\tasks.o
                0x00000000080201e0                xTaskGetTickCount
 .text.xTaskGetTickCountFromISR
                0x00000000080201fc       0x20 Thirdparty\Middleware\STM32G0xx\FreeRTOS\Source\tasks.o
                0x00000000080201fc                xTaskGetTickCountFromISR
 .text.uxTaskGetSystemState
                0x000000000802021c      0x120 Thirdparty\Middleware\STM32G0xx\FreeRTOS\Source\tasks.o
                0x000000000802021c                uxTaskGetSystemState
 .text.xTaskIncrementTick
                0x000000000802033c      0x150 Thirdparty\Middleware\STM32G0xx\FreeRTOS\Source\tasks.o
                0x000000000802033c                xTaskIncrementTick
 .text.vTaskSwitchContext
                0x000000000802048c      0x124 Thirdparty\Middleware\STM32G0xx\FreeRTOS\Source\tasks.o
                0x000000000802048c                vTaskSwitchContext
 .text.vTaskPlaceOnEventList
                0x00000000080205b0       0x34 Thirdparty\Middleware\STM32G0xx\FreeRTOS\Source\tasks.o
                0x00000000080205b0                vTaskPlaceOnEventList
 .text.vTaskPlaceOnEventListRestricted
                0x00000000080205e4       0x44 Thirdparty\Middleware\STM32G0xx\FreeRTOS\Source\tasks.o
                0x00000000080205e4                vTaskPlaceOnEventListRestricted
 .text.xTaskRemoveFromEventList
                0x0000000008020628       0xb0 Thirdparty\Middleware\STM32G0xx\FreeRTOS\Source\tasks.o
                0x0000000008020628                xTaskRemoveFromEventList
 .text.vTaskInternalSetTimeOutState
                0x00000000080206d8       0x28 Thirdparty\Middleware\STM32G0xx\FreeRTOS\Source\tasks.o
                0x00000000080206d8                vTaskInternalSetTimeOutState
 .text.xTaskCheckForTimeOut
                0x0000000008020700       0x8c Thirdparty\Middleware\STM32G0xx\FreeRTOS\Source\tasks.o
                0x0000000008020700                xTaskCheckForTimeOut
 .text.vTaskMissedYield
                0x000000000802078c       0x14 Thirdparty\Middleware\STM32G0xx\FreeRTOS\Source\tasks.o
                0x000000000802078c                vTaskMissedYield
 .text.prvIdleTask
                0x00000000080207a0       0x20 Thirdparty\Middleware\STM32G0xx\FreeRTOS\Source\tasks.o
 .text.prvInitialiseTaskLists
                0x00000000080207c0       0x88 Thirdparty\Middleware\STM32G0xx\FreeRTOS\Source\tasks.o
 .text.prvCheckTasksWaitingTermination
                0x0000000008020848       0x5c Thirdparty\Middleware\STM32G0xx\FreeRTOS\Source\tasks.o
 .text.vTaskGetInfo
                0x00000000080208a4       0xd8 Thirdparty\Middleware\STM32G0xx\FreeRTOS\Source\tasks.o
                0x00000000080208a4                vTaskGetInfo
 .text.prvListTasksWithinSingleList
                0x000000000802097c       0xa6 Thirdparty\Middleware\STM32G0xx\FreeRTOS\Source\tasks.o
 .text.prvTaskCheckFreeStackSpace
                0x0000000008020a22       0x34 Thirdparty\Middleware\STM32G0xx\FreeRTOS\Source\tasks.o
 .text.prvDeleteTCB
                0x0000000008020a56       0x22 Thirdparty\Middleware\STM32G0xx\FreeRTOS\Source\tasks.o
 .text.prvResetNextTaskUnblockTime
                0x0000000008020a78       0x3c Thirdparty\Middleware\STM32G0xx\FreeRTOS\Source\tasks.o
 .text.xTaskGetSchedulerState
                0x0000000008020ab4       0x38 Thirdparty\Middleware\STM32G0xx\FreeRTOS\Source\tasks.o
                0x0000000008020ab4                xTaskGetSchedulerState
 .text.xTaskPriorityInherit
                0x0000000008020aec       0xd0 Thirdparty\Middleware\STM32G0xx\FreeRTOS\Source\tasks.o
                0x0000000008020aec                xTaskPriorityInherit
 .text.xTaskPriorityDisinherit
                0x0000000008020bbc       0x98 Thirdparty\Middleware\STM32G0xx\FreeRTOS\Source\tasks.o
                0x0000000008020bbc                xTaskPriorityDisinherit
 .text.vTaskPriorityDisinheritAfterTimeout
                0x0000000008020c54       0xc0 Thirdparty\Middleware\STM32G0xx\FreeRTOS\Source\tasks.o
                0x0000000008020c54                vTaskPriorityDisinheritAfterTimeout
 .text.prvWriteNameToBuffer
                0x0000000008020d14       0x52 Thirdparty\Middleware\STM32G0xx\FreeRTOS\Source\tasks.o
 *fill*         0x0000000008020d66        0x2 
 .text.vTaskList
                0x0000000008020d68      0x14c Thirdparty\Middleware\STM32G0xx\FreeRTOS\Source\tasks.o
                0x0000000008020d68                vTaskList
 .text.vTaskGetRunTimeStats
                0x0000000008020eb4      0x118 Thirdparty\Middleware\STM32G0xx\FreeRTOS\Source\tasks.o
                0x0000000008020eb4                vTaskGetRunTimeStats
 .text.pvTaskIncrementMutexHeldCount
                0x0000000008020fcc       0x24 Thirdparty\Middleware\STM32G0xx\FreeRTOS\Source\tasks.o
                0x0000000008020fcc                pvTaskIncrementMutexHeldCount
 .text.ulTaskNotifyTake
                0x0000000008020ff0       0x84 Thirdparty\Middleware\STM32G0xx\FreeRTOS\Source\tasks.o
                0x0000000008020ff0                ulTaskNotifyTake
 .text.xTaskGenericNotify
                0x0000000008021074      0x104 Thirdparty\Middleware\STM32G0xx\FreeRTOS\Source\tasks.o
                0x0000000008021074                xTaskGenericNotify
 .text.xTaskGenericNotifyFromISR
                0x0000000008021178      0x140 Thirdparty\Middleware\STM32G0xx\FreeRTOS\Source\tasks.o
                0x0000000008021178                xTaskGenericNotifyFromISR
 .text.prvAddCurrentTaskToDelayedList
                0x00000000080212b8       0xa8 Thirdparty\Middleware\STM32G0xx\FreeRTOS\Source\tasks.o
 .text.xTimerCreateTimerTask
                0x0000000008021360       0x4c Thirdparty\Middleware\STM32G0xx\FreeRTOS\Source\timers.o
                0x0000000008021360                xTimerCreateTimerTask
 .text.xTimerCreate
                0x00000000080213ac       0x46 Thirdparty\Middleware\STM32G0xx\FreeRTOS\Source\timers.o
                0x00000000080213ac                xTimerCreate
 .text.prvInitialiseNewTimer
                0x00000000080213f2       0x5a Thirdparty\Middleware\STM32G0xx\FreeRTOS\Source\timers.o
 .text.xTimerGenericCommand
                0x000000000802144c       0x8c Thirdparty\Middleware\STM32G0xx\FreeRTOS\Source\timers.o
                0x000000000802144c                xTimerGenericCommand
 .text.prvProcessExpiredTimer
                0x00000000080214d8       0x80 Thirdparty\Middleware\STM32G0xx\FreeRTOS\Source\timers.o
 .text.prvTimerTask
                0x0000000008021558       0x28 Thirdparty\Middleware\STM32G0xx\FreeRTOS\Source\timers.o
 .text.prvProcessTimerOrBlockTask
                0x0000000008021580       0x90 Thirdparty\Middleware\STM32G0xx\FreeRTOS\Source\timers.o
 .text.prvGetNextExpireTime
                0x0000000008021610       0x44 Thirdparty\Middleware\STM32G0xx\FreeRTOS\Source\timers.o
 .text.prvSampleTimeNow
                0x0000000008021654       0x40 Thirdparty\Middleware\STM32G0xx\FreeRTOS\Source\timers.o
 .text.prvInsertTimerInActiveList
                0x0000000008021694       0x84 Thirdparty\Middleware\STM32G0xx\FreeRTOS\Source\timers.o
 .text.prvProcessReceivedCommands
                0x0000000008021718      0x16c Thirdparty\Middleware\STM32G0xx\FreeRTOS\Source\timers.o
 .text.prvSwitchTimerLists
                0x0000000008021884       0xb0 Thirdparty\Middleware\STM32G0xx\FreeRTOS\Source\timers.o
 .text.prvCheckForValidListAndQueue
                0x0000000008021934       0x74 Thirdparty\Middleware\STM32G0xx\FreeRTOS\Source\timers.o
 .text.pvTimerGetTimerID
                0x00000000080219a8       0x24 Thirdparty\Middleware\STM32G0xx\FreeRTOS\Source\timers.o
                0x00000000080219a8                pvTimerGetTimerID
 .text.HAL_Init
                0x00000000080219cc       0x40 Thirdparty\STM32G0xx_HAL_Driver\Src\stm32g0xx_hal.o
                0x00000000080219cc                HAL_Init
 .text.HAL_InitTick
                0x0000000008021a0c       0x94 Thirdparty\STM32G0xx_HAL_Driver\Src\stm32g0xx_hal.o
                0x0000000008021a0c                HAL_InitTick
 .text.HAL_IncTick
                0x0000000008021aa0       0x24 Thirdparty\STM32G0xx_HAL_Driver\Src\stm32g0xx_hal.o
                0x0000000008021aa0                HAL_IncTick
 .text.HAL_GetTick
                0x0000000008021ac4       0x14 Thirdparty\STM32G0xx_HAL_Driver\Src\stm32g0xx_hal.o
                0x0000000008021ac4                HAL_GetTick
 .text.HAL_Delay
                0x0000000008021ad8       0x48 Thirdparty\STM32G0xx_HAL_Driver\Src\stm32g0xx_hal.o
                0x0000000008021ad8                HAL_Delay
 .text.HAL_GetREVID
                0x0000000008021b20       0x18 Thirdparty\STM32G0xx_HAL_Driver\Src\stm32g0xx_hal.o
                0x0000000008021b20                HAL_GetREVID
 .text.HAL_GetDEVID
                0x0000000008021b38       0x18 Thirdparty\STM32G0xx_HAL_Driver\Src\stm32g0xx_hal.o
                0x0000000008021b38                HAL_GetDEVID
 .text.LL_ADC_SetCommonPathInternalCh
                0x0000000008021b50       0x28 Thirdparty\STM32G0xx_HAL_Driver\Src\stm32g0xx_hal_adc.o
 .text.LL_ADC_GetCommonPathInternalCh
                0x0000000008021b78       0x1a Thirdparty\STM32G0xx_HAL_Driver\Src\stm32g0xx_hal_adc.o
 .text.LL_ADC_SetSamplingTimeCommonChannels
                0x0000000008021b92       0x3a Thirdparty\STM32G0xx_HAL_Driver\Src\stm32g0xx_hal_adc.o
 .text.LL_ADC_GetSamplingTimeCommonChannels
                0x0000000008021bcc       0x2e Thirdparty\STM32G0xx_HAL_Driver\Src\stm32g0xx_hal_adc.o
 .text.LL_ADC_REG_IsTriggerSourceSWStart
                0x0000000008021bfa       0x22 Thirdparty\STM32G0xx_HAL_Driver\Src\stm32g0xx_hal_adc.o
 .text.LL_ADC_REG_SetSequencerRanks
                0x0000000008021c1c       0x40 Thirdparty\STM32G0xx_HAL_Driver\Src\stm32g0xx_hal_adc.o
 .text.LL_ADC_REG_SetSequencerChAdd
                0x0000000008021c5c       0x22 Thirdparty\STM32G0xx_HAL_Driver\Src\stm32g0xx_hal_adc.o
 .text.LL_ADC_REG_SetSequencerChRem
                0x0000000008021c7e       0x24 Thirdparty\STM32G0xx_HAL_Driver\Src\stm32g0xx_hal_adc.o
 *fill*         0x0000000008021ca2        0x2 
 .text.LL_ADC_SetChannelSamplingTime
                0x0000000008021ca4       0x38 Thirdparty\STM32G0xx_HAL_Driver\Src\stm32g0xx_hal_adc.o
 .text.LL_ADC_EnableInternalRegulator
                0x0000000008021cdc       0x28 Thirdparty\STM32G0xx_HAL_Driver\Src\stm32g0xx_hal_adc.o
 .text.LL_ADC_IsInternalRegulatorEnabled
                0x0000000008021d04       0x28 Thirdparty\STM32G0xx_HAL_Driver\Src\stm32g0xx_hal_adc.o
 .text.LL_ADC_Enable
                0x0000000008021d2c       0x24 Thirdparty\STM32G0xx_HAL_Driver\Src\stm32g0xx_hal_adc.o
 .text.LL_ADC_Disable
                0x0000000008021d50       0x24 Thirdparty\STM32G0xx_HAL_Driver\Src\stm32g0xx_hal_adc.o
 .text.LL_ADC_IsEnabled
                0x0000000008021d74       0x22 Thirdparty\STM32G0xx_HAL_Driver\Src\stm32g0xx_hal_adc.o
 .text.LL_ADC_IsDisableOngoing
                0x0000000008021d96       0x22 Thirdparty\STM32G0xx_HAL_Driver\Src\stm32g0xx_hal_adc.o
 .text.LL_ADC_REG_StartConversion
                0x0000000008021db8       0x24 Thirdparty\STM32G0xx_HAL_Driver\Src\stm32g0xx_hal_adc.o
 .text.LL_ADC_REG_StopConversion
                0x0000000008021ddc       0x24 Thirdparty\STM32G0xx_HAL_Driver\Src\stm32g0xx_hal_adc.o
 .text.LL_ADC_REG_IsConversionOngoing
                0x0000000008021e00       0x22 Thirdparty\STM32G0xx_HAL_Driver\Src\stm32g0xx_hal_adc.o
 *fill*         0x0000000008021e22        0x2 
 .text.HAL_ADC_Init
                0x0000000008021e24      0x350 Thirdparty\STM32G0xx_HAL_Driver\Src\stm32g0xx_hal_adc.o
                0x0000000008021e24                HAL_ADC_Init
 .text.HAL_ADC_Start
                0x0000000008022174       0x9c Thirdparty\STM32G0xx_HAL_Driver\Src\stm32g0xx_hal_adc.o
                0x0000000008022174                HAL_ADC_Start
 .text.HAL_ADC_Stop
                0x0000000008022210       0x78 Thirdparty\STM32G0xx_HAL_Driver\Src\stm32g0xx_hal_adc.o
                0x0000000008022210                HAL_ADC_Stop